Archive member included to satisfy reference by file (symbol)

/Applications/STM32CubeIDE.app/Contents/Eclipse/plugins/com.st.stm32cube.ide.mcu.externaltools.gnu-tools-for-stm32.11.3.rel1.macos64_1.1.1.202309131626/tools/bin/../lib/gcc/arm-none-eabi/11.3.1/../../../../arm-none-eabi/lib/thumb/v7e-m+fp/hard/libc_nano.a(libc_a-exit.o)
                              /Applications/STM32CubeIDE.app/Contents/Eclipse/plugins/com.st.stm32cube.ide.mcu.externaltools.gnu-tools-for-stm32.11.3.rel1.macos64_1.1.1.202309131626/tools/bin/../lib/gcc/arm-none-eabi/11.3.1/../../../../arm-none-eabi/lib/thumb/v7e-m+fp/hard/crt0.o (exit)
/Applications/STM32CubeIDE.app/Contents/Eclipse/plugins/com.st.stm32cube.ide.mcu.externaltools.gnu-tools-for-stm32.11.3.rel1.macos64_1.1.1.202309131626/tools/bin/../lib/gcc/arm-none-eabi/11.3.1/../../../../arm-none-eabi/lib/thumb/v7e-m+fp/hard/libc_nano.a(libc_a-findfp.o)
                              /Applications/STM32CubeIDE.app/Contents/Eclipse/plugins/com.st.stm32cube.ide.mcu.externaltools.gnu-tools-for-stm32.11.3.rel1.macos64_1.1.1.202309131626/tools/bin/../lib/gcc/arm-none-eabi/11.3.1/../../../../arm-none-eabi/lib/thumb/v7e-m+fp/hard/libc_nano.a(libc_a-exit.o) (__stdio_exit_handler)
/Applications/STM32CubeIDE.app/Contents/Eclipse/plugins/com.st.stm32cube.ide.mcu.externaltools.gnu-tools-for-stm32.11.3.rel1.macos64_1.1.1.202309131626/tools/bin/../lib/gcc/arm-none-eabi/11.3.1/../../../../arm-none-eabi/lib/thumb/v7e-m+fp/hard/libc_nano.a(libc_a-fwalk.o)
                              /Applications/STM32CubeIDE.app/Contents/Eclipse/plugins/com.st.stm32cube.ide.mcu.externaltools.gnu-tools-for-stm32.11.3.rel1.macos64_1.1.1.202309131626/tools/bin/../lib/gcc/arm-none-eabi/11.3.1/../../../../arm-none-eabi/lib/thumb/v7e-m+fp/hard/libc_nano.a(libc_a-findfp.o) (_fwalk_sglue)
/Applications/STM32CubeIDE.app/Contents/Eclipse/plugins/com.st.stm32cube.ide.mcu.externaltools.gnu-tools-for-stm32.11.3.rel1.macos64_1.1.1.202309131626/tools/bin/../lib/gcc/arm-none-eabi/11.3.1/../../../../arm-none-eabi/lib/thumb/v7e-m+fp/hard/libc_nano.a(libc_a-strncmp.o)
                              ./Core/Src/main.o (strncmp)
/Applications/STM32CubeIDE.app/Contents/Eclipse/plugins/com.st.stm32cube.ide.mcu.externaltools.gnu-tools-for-stm32.11.3.rel1.macos64_1.1.1.202309131626/tools/bin/../lib/gcc/arm-none-eabi/11.3.1/../../../../arm-none-eabi/lib/thumb/v7e-m+fp/hard/libc_nano.a(libc_a-memset.o)
                              /Applications/STM32CubeIDE.app/Contents/Eclipse/plugins/com.st.stm32cube.ide.mcu.externaltools.gnu-tools-for-stm32.11.3.rel1.macos64_1.1.1.202309131626/tools/bin/../lib/gcc/arm-none-eabi/11.3.1/../../../../arm-none-eabi/lib/thumb/v7e-m+fp/hard/crt0.o (memset)
/Applications/STM32CubeIDE.app/Contents/Eclipse/plugins/com.st.stm32cube.ide.mcu.externaltools.gnu-tools-for-stm32.11.3.rel1.macos64_1.1.1.202309131626/tools/bin/../lib/gcc/arm-none-eabi/11.3.1/../../../../arm-none-eabi/lib/thumb/v7e-m+fp/hard/libc_nano.a(libc_a-impure.o)
                              /Applications/STM32CubeIDE.app/Contents/Eclipse/plugins/com.st.stm32cube.ide.mcu.externaltools.gnu-tools-for-stm32.11.3.rel1.macos64_1.1.1.202309131626/tools/bin/../lib/gcc/arm-none-eabi/11.3.1/../../../../arm-none-eabi/lib/thumb/v7e-m+fp/hard/libc_nano.a(libc_a-findfp.o) (_impure_data)
/Applications/STM32CubeIDE.app/Contents/Eclipse/plugins/com.st.stm32cube.ide.mcu.externaltools.gnu-tools-for-stm32.11.3.rel1.macos64_1.1.1.202309131626/tools/bin/../lib/gcc/arm-none-eabi/11.3.1/../../../../arm-none-eabi/lib/thumb/v7e-m+fp/hard/libc_nano.a(libc_a-errno.o)
                              ./Core/Src/syscalls.o (__errno)
/Applications/STM32CubeIDE.app/Contents/Eclipse/plugins/com.st.stm32cube.ide.mcu.externaltools.gnu-tools-for-stm32.11.3.rel1.macos64_1.1.1.202309131626/tools/bin/../lib/gcc/arm-none-eabi/11.3.1/../../../../arm-none-eabi/lib/thumb/v7e-m+fp/hard/libc_nano.a(libc_a-init.o)
                              /Applications/STM32CubeIDE.app/Contents/Eclipse/plugins/com.st.stm32cube.ide.mcu.externaltools.gnu-tools-for-stm32.11.3.rel1.macos64_1.1.1.202309131626/tools/bin/../lib/gcc/arm-none-eabi/11.3.1/../../../../arm-none-eabi/lib/thumb/v7e-m+fp/hard/crt0.o (__libc_init_array)
/Applications/STM32CubeIDE.app/Contents/Eclipse/plugins/com.st.stm32cube.ide.mcu.externaltools.gnu-tools-for-stm32.11.3.rel1.macos64_1.1.1.202309131626/tools/bin/../lib/gcc/arm-none-eabi/11.3.1/../../../../arm-none-eabi/lib/thumb/v7e-m+fp/hard/libc_nano.a(libc_a-lock.o)
                              /Applications/STM32CubeIDE.app/Contents/Eclipse/plugins/com.st.stm32cube.ide.mcu.externaltools.gnu-tools-for-stm32.11.3.rel1.macos64_1.1.1.202309131626/tools/bin/../lib/gcc/arm-none-eabi/11.3.1/../../../../arm-none-eabi/lib/thumb/v7e-m+fp/hard/libc_nano.a(libc_a-findfp.o) (__retarget_lock_init_recursive)
[...]
Memory Configuration

Name             Origin             Length             Attributes
RAM              0x0000000020000000 0x0000000000018000 xrw
RAM2             0x0000000010000000 0x0000000000008000 xrw
FLASH            0x0000000008000000 0x0000000000100000 xr
*default*        0x0000000000000000 0xffffffffffffffff

Linker script and memory map

LOAD /Applications/STM32CubeIDE.app/Contents/Eclipse/plugins/com.st.stm32cube.ide.mcu.externaltools.gnu-tools-for-stm32.11.3.rel1.macos64_1.1.1.202309131626/tools/bin/../lib/gcc/arm-none-eabi/11.3.1/thumb/v7e-m+fp/hard/crti.o
LOAD /Applications/STM32CubeIDE.app/Contents/Eclipse/plugins/com.st.stm32cube.ide.mcu.externaltools.gnu-tools-for-stm32.11.3.rel1.macos64_1.1.1.202309131626/tools/bin/../lib/gcc/arm-none-eabi/11.3.1/thumb/v7e-m+fp/hard/crtbegin.o
LOAD /Applications/STM32CubeIDE.app/Contents/Eclipse/plugins/com.st.stm32cube.ide.mcu.externaltools.gnu-tools-for-stm32.11.3.rel1.macos64_1.1.1.202309131626/tools/bin/../lib/gcc/arm-none-eabi/11.3.1/../../../../arm-none-eabi/lib/thumb/v7e-m+fp/hard/crt0.o
LOAD ./Core/Src/gpio.o
LOAD ./Core/Src/main.o
LOAD ./Core/Src/stm32l4xx_hal_msp.o
LOAD ./Core/Src/stm32l4xx_it.o
LOAD ./Core/Src/syscalls.o
LOAD ./Core/Src/sysmem.o
LOAD ./Core/Src/system_stm32l4xx.o
LOAD ./Core/Src/tim.o
LOAD ./Core/Src/usart.o
LOAD ./Core/Startup/startup_stm32l476rgtx.o
LOAD ./Drivers/STM32L4xx_HAL_Driver/Src/stm32l4xx_hal.o
LOAD ./Drivers/STM32L4xx_HAL_Driver/Src/stm32l4xx_hal_cortex.o
LOAD ./Drivers/STM32L4xx_HAL_Driver/Src/stm32l4xx_hal_dma.o
LOAD ./Drivers/STM32L4xx_HAL_Driver/Src/stm32l4xx_hal_dma_ex.o
LOAD ./Drivers/STM32L4xx_HAL_Driver/Src/stm32l4xx_hal_exti.o
LOAD ./Drivers/STM32L4xx_HAL_Driver/Src/stm32l4xx_hal_flash.o
LOAD ./Drivers/STM32L4xx_HAL_Driver/Src/stm32l4xx_hal_flash_ex.o
LOAD ./Drivers/STM32L4xx_HAL_Driver/Src/stm32l4xx_hal_flash_ramfunc.o
LOAD ./Drivers/STM32L4xx_HAL_Driver/Src/stm32l4xx_hal_gpio.o
LOAD ./Drivers/STM32L4xx_HAL_Driver/Src/stm32l4xx_hal_pwr.o
LOAD ./Drivers/STM32L4xx_HAL_Driver/Src/stm32l4xx_hal_pwr_ex.o
LOAD ./Drivers/STM32L4xx_HAL_Driver/Src/stm32l4xx_hal_rcc.o
LOAD ./Drivers/STM32L4xx_HAL_Driver/Src/stm32l4xx_hal_rcc_ex.o
LOAD ./Drivers/STM32L4xx_HAL_Driver/Src/stm32l4xx_hal_tim.o
LOAD ./Drivers/STM32L4xx_HAL_Driver/Src/stm32l4xx_hal_tim_ex.o
LOAD ./Drivers/STM32L4xx_HAL_Driver/Src/stm32l4xx_hal_uart.o
LOAD ./Drivers/STM32L4xx_HAL_Driver/Src/stm32l4xx_hal_uart_ex.o
START GROUP
LOAD /Applications/STM32CubeIDE.app/Contents/Eclipse/plugins/com.st.stm32cube.ide.mcu.externaltools.gnu-tools-for-stm32.11.3.rel1.macos64_1.1.1.202309131626/tools/bin/../lib/gcc/arm-none-eabi/11.3.1/../../../../arm-none-eabi/lib/thumb/v7e-m+fp/hard/libc_nano.a
LOAD /Applications/STM32CubeIDE.app/Contents/Eclipse/plugins/com.st.stm32cube.ide.mcu.externaltools.gnu-tools-for-stm32.11.3.rel1.macos64_1.1.1.202309131626/tools/bin/../lib/gcc/arm-none-eabi/11.3.1/../../../../arm-none-eabi/lib/thumb/v7e-m+fp/hard/libm.a
END GROUP
START GROUP
LOAD /Applications/STM32CubeIDE.app/Contents/Eclipse/plugins/com.st.stm32cube.ide.mcu.externaltools.gnu-tools-for-stm32.11.3.rel1.macos64_1.1.1.202309131626/tools/bin/../lib/gcc/arm-none-eabi/11.3.1/thumb/v7e-m+fp/hard/libgcc.a
LOAD /Applications/STM32CubeIDE.app/Contents/Eclipse/plugins/com.st.stm32cube.ide.mcu.externaltools.gnu-tools-for-stm32.11.3.rel1.macos64_1.1.1.202309131626/tools/bin/../lib/gcc/arm-none-eabi/11.3.1/../../../../arm-none-eabi/lib/thumb/v7e-m+fp/hard/libc_nano.a
END GROUP
START GROUP
LOAD /Applications/STM32CubeIDE.app/Contents/Eclipse/plugins/com.st.stm32cube.ide.mcu.externaltools.gnu-tools-for-stm32.11.3.rel1.macos64_1.1.1.202309131626/tools/bin/../lib/gcc/arm-none-eabi/11.3.1/thumb/v7e-m+fp/hard/libgcc.a
LOAD /Applications/STM32CubeIDE.app/Contents/Eclipse/plugins/com.st.stm32cube.ide.mcu.externaltools.gnu-tools-for-stm32.11.3.rel1.macos64_1.1.1.202309131626/tools/bin/../lib/gcc/arm-none-eabi/11.3.1/../../../../arm-none-eabi/lib/thumb/v7e-m+fp/hard/libc_nano.a
LOAD /Applications/STM32CubeIDE.app/Contents/Eclipse/plugins/com.st.stm32cube.ide.mcu.externaltools.gnu-tools-for-stm32.11.3.rel1.macos64_1.1.1.202309131626/tools/bin/../lib/gcc/arm-none-eabi/11.3.1/../../../../arm-none-eabi/lib/thumb/v7e-m+fp/hard/libnosys.a
END GROUP
START GROUP
LOAD /Applications/STM32CubeIDE.app/Contents/Eclipse/plugins/com.st.stm32cube.ide.mcu.externaltools.gnu-tools-for-stm32.11.3.rel1.macos64_1.1.1.202309131626/tools/bin/../lib/gcc/arm-none-eabi/11.3.1/thumb/v7e-m+fp/hard/libgcc.a
LOAD /Applications/STM32CubeIDE.app/Contents/Eclipse/plugins/com.st.stm32cube.ide.mcu.externaltools.gnu-tools-for-stm32.11.3.rel1.macos64_1.1.1.202309131626/tools/bin/../lib/gcc/arm-none-eabi/11.3.1/../../../../arm-none-eabi/lib/thumb/v7e-m+fp/hard/libc_nano.a
LOAD /Applications/STM32CubeIDE.app/Contents/Eclipse/plugins/com.st.stm32cube.ide.mcu.externaltools.gnu-tools-for-stm32.11.3.rel1.macos64_1.1.1.202309131626/tools/bin/../lib/gcc/arm-none-eabi/11.3.1/../../../../arm-none-eabi/lib/thumb/v7e-m+fp/hard/libnosys.a
END GROUP
LOAD /Applications/STM32CubeIDE.app/Contents/Eclipse/plugins/com.st.stm32cube.ide.mcu.externaltools.gnu-tools-for-stm32.11.3.rel1.macos64_1.1.1.202309131626/tools/bin/../lib/gcc/arm-none-eabi/11.3.1/thumb/v7e-m+fp/hard/crtend.o
LOAD /Applications/STM32CubeIDE.app/Contents/Eclipse/plugins/com.st.stm32cube.ide.mcu.externaltools.gnu-tools-for-stm32.11.3.rel1.macos64_1.1.1.202309131626/tools/bin/../lib/gcc/arm-none-eabi/11.3.1/thumb/v7e-m+fp/hard/crtn.o
                0x0000000020018000                _estack = (ORIGIN (RAM) + LENGTH (RAM))
                0x0000000000000200                _Min_Heap_Size = 0x200
                0x0000000000000400                _Min_Stack_Size = 0x400

.isr_vector     0x0000000008000000      0x188
                0x0000000008000000                . = ALIGN (0x4)
 *(.isr_vector)
 .isr_vector    0x0000000008000000      0x188 ./Core/Startup/startup_stm32l476rgtx.o
                0x0000000008000000                g_pfnVectors
                0x0000000008000188                . = ALIGN (0x4)

.text           0x0000000008000188     0x4aac
                0x0000000008000188                . = ALIGN (0x4)
 *(.text)
 .text          0x0000000008000188       0x40 /Applications/STM32CubeIDE.app/Contents/Eclipse/plugins/com.st.stm32cube.ide.mcu.externaltools.gnu-tools-for-stm32.11.3.rel1.macos64_1.1.1.202309131626/tools/bin/../lib/gcc/arm-none-eabi/11.3.1/thumb/v7e-m+fp/hard/crtbegin.o
 .text          0x00000000080001c8       0x30 /Applications/STM32CubeIDE.app/Contents/Eclipse/plugins/com.st.stm32cube.ide.mcu.externaltools.gnu-tools-for-stm32.11.3.rel1.macos64_1.1.1.202309131626/tools/bin/../lib/gcc/arm-none-eabi/11.3.1/thumb/v7e-m+fp/hard/libgcc.a(_aeabi_uldivmod.o)
                0x00000000080001c8                __aeabi_uldivmod
 .text          0x00000000080001f8      0x2c8 /Applications/STM32CubeIDE.app/Contents/Eclipse/plugins/com.st.stm32cube.ide.mcu.externaltools.gnu-tools-for-stm32.11.3.rel1.macos64_1.1.1.202309131626/tools/bin/../lib/gcc/arm-none-eabi/11.3.1/thumb/v7e-m+fp/hard/libgcc.a(_udivmoddi4.o)
                0x00000000080001f8                __udivmoddi4
 .text          0x00000000080004c0        0x4 /Applications/STM32CubeIDE.app/Contents/Eclipse/plugins/com.st.stm32cube.ide.mcu.externaltools.gnu-tools-for-stm32.11.3.rel1.macos64_1.1.1.202309131626/tools/bin/../lib/gcc/arm-none-eabi/11.3.1/thumb/v7e-m+fp/hard/libgcc.a(_dvmd_tls.o)
                0x00000000080004c0                __aeabi_ldiv0
                0x00000000080004c0                __aeabi_idiv0
 *(.text*)
 .text.MX_GPIO_Init
                0x00000000080004c4       0xac ./Core/Src/gpio.o
                0x00000000080004c4                MX_GPIO_Init
 .text.HAL_UARTEx_RxEventCallback
                0x0000000008000570       0xa8 ./Core/Src/main.o
                0x0000000008000570                HAL_UARTEx_RxEventCallback
 .text.main     0x0000000008000618       0x58 ./Core/Src/main.o
                0x0000000008000618                main
 .text.SystemClock_Config
                0x0000000008000670       0xa4 ./Core/Src/main.o
                0x0000000008000670                SystemClock_Config
 .text.Error_Handler
                0x0000000008000714        0xa ./Core/Src/main.o
                0x0000000008000714                Error_Handler
 *fill*         0x000000000800071e        0x2 
 .text.HAL_MspInit
                0x0000000008000720       0x48 ./Core/Src/stm32l4xx_hal_msp.o
                0x0000000008000720                HAL_MspInit
 .text.NMI_Handler
                0x0000000008000768        0x6 ./Core/Src/stm32l4xx_it.o
                0x0000000008000768                NMI_Handler
 .text.HardFault_Handler
                0x000000000800076e        0x6 ./Core/Src/stm32l4xx_it.o
                0x000000000800076e                HardFault_Handler
 .text.MemManage_Handler
                0x0000000008000774        0x6 ./Core/Src/stm32l4xx_it.o
                0x0000000008000774                MemManage_Handler
 .text.BusFault_Handler
                0x000000000800077a        0x6 ./Core/Src/stm32l4xx_it.o
                0x000000000800077a                BusFault_Handler
 .text.UsageFault_Handler
                0x0000000008000780        0x6 ./Core/Src/stm32l4xx_it.o
                0x0000000008000780                UsageFault_Handler
 .text.SVC_Handler
                0x0000000008000786        0xe ./Core/Src/stm32l4xx_it.o
                0x0000000008000786                SVC_Handler
 .text.DebugMon_Handler
                0x0000000008000794        0xe ./Core/Src/stm32l4xx_it.o
                0x0000000008000794                DebugMon_Handler
 .text.PendSV_Handler
                0x00000000080007a2        0xe ./Core/Src/stm32l4xx_it.o
                0x00000000080007a2                PendSV_Handler
 .text.SysTick_Handler
                0x00000000080007b0        0xc ./Core/Src/stm32l4xx_it.o
                0x00000000080007b0                SysTick_Handler
 .text.TIM3_IRQHandler
                0x00000000080007bc       0x34 ./Core/Src/stm32l4xx_it.o
                0x00000000080007bc                TIM3_IRQHandler
 .text.USART3_IRQHandler
                0x00000000080007f0       0x14 ./Core/Src/stm32l4xx_it.o
                0x00000000080007f0                USART3_IRQHandler
 .text.EXTI15_10_IRQHandler
                0x0000000008000804       0xbc ./Core/Src/stm32l4xx_it.o
                0x0000000008000804                EXTI15_10_IRQHandler
 .text.UART4_IRQHandler
                0x00000000080008c0       0x14 ./Core/Src/stm32l4xx_it.o
                0x00000000080008c0                UART4_IRQHandler
 .text.SystemInit
                0x00000000080008d4       0x24 ./Core/Src/system_stm32l4xx.o
                0x00000000080008d4                SystemInit
 .text.MX_TIM3_Init
                0x00000000080008f8       0xa0 ./Core/Src/tim.o
                0x00000000080008f8                MX_TIM3_Init
 .text.HAL_TIM_Base_MspInit
                0x0000000008000998       0x4c ./Core/Src/tim.o
                0x0000000008000998                HAL_TIM_Base_MspInit
 .text.MX_UART4_Init
                0x00000000080009e4       0x60 ./Core/Src/usart.o
                0x00000000080009e4                MX_UART4_Init
 .text.MX_USART3_UART_Init
                0x0000000008000a44       0x60 ./Core/Src/usart.o
                0x0000000008000a44                MX_USART3_UART_Init
 .text.HAL_UART_MspInit
                0x0000000008000aa4      0x164 ./Core/Src/usart.o
                0x0000000008000aa4                HAL_UART_MspInit
 .text.Reset_Handler
                0x0000000008000c08       0x50 ./Core/Startup/startup_stm32l476rgtx.o
                0x0000000008000c08                Reset_Handler
 .text.Default_Handler
                0x0000000008000c58        0x2 ./Core/Startup/startup_stm32l476rgtx.o
                0x0000000008000c58                TIM1_BRK_TIM15_IRQHandler
                0x0000000008000c58                EXTI2_IRQHandler
                0x0000000008000c58                TIM8_TRG_COM_IRQHandler
                0x0000000008000c58                TIM8_CC_IRQHandler
                0x0000000008000c58                TIM1_CC_IRQHandler
                0x0000000008000c58                TSC_IRQHandler
                0x0000000008000c58                TAMP_STAMP_IRQHandler
                0x0000000008000c58                EXTI3_IRQHandler
                0x0000000008000c58                LPTIM2_IRQHandler
                0x0000000008000c58                DFSDM1_FLT1_IRQHandler
                0x0000000008000c58                I2C3_ER_IRQHandler
                0x0000000008000c58                DFSDM1_FLT2_IRQHandler
                0x0000000008000c58                EXTI0_IRQHandler
                0x0000000008000c58                I2C2_EV_IRQHandler
                0x0000000008000c58                CAN1_RX0_IRQHandler
                0x0000000008000c58                FPU_IRQHandler
                0x0000000008000c58                TIM1_UP_TIM16_IRQHandler
                0x0000000008000c58                ADC1_2_IRQHandler
                0x0000000008000c58                SPI1_IRQHandler
                0x0000000008000c58                TIM6_DAC_IRQHandler
                0x0000000008000c58                TIM8_UP_IRQHandler
                0x0000000008000c58                DMA2_Channel2_IRQHandler
                0x0000000008000c58                DMA1_Channel4_IRQHandler
                0x0000000008000c58                SAI2_IRQHandler
                0x0000000008000c58                DFSDM1_FLT3_IRQHandler
                0x0000000008000c58                DMA1_Channel7_IRQHandler
                0x0000000008000c58                CAN1_RX1_IRQHandler
                0x0000000008000c58                LCD_IRQHandler
                0x0000000008000c58                UART5_IRQHandler
                0x0000000008000c58                ADC3_IRQHandler
                0x0000000008000c58                TIM4_IRQHandler
                0x0000000008000c58                DMA2_Channel1_IRQHandler
                0x0000000008000c58                QUADSPI_IRQHandler
                0x0000000008000c58                I2C1_EV_IRQHandler
                0x0000000008000c58                DMA1_Channel6_IRQHandler
                0x0000000008000c58                DMA2_Channel4_IRQHandler
                0x0000000008000c58                RCC_IRQHandler
                0x0000000008000c58                DMA1_Channel1_IRQHandler
                0x0000000008000c58                Default_Handler
                0x0000000008000c58                DMA2_Channel7_IRQHandler
                0x0000000008000c58                TIM7_IRQHandler
                0x0000000008000c58                SDMMC1_IRQHandler
                0x0000000008000c58                TIM5_IRQHandler
                0x0000000008000c58                I2C3_EV_IRQHandler
                0x0000000008000c58                EXTI9_5_IRQHandler
                0x0000000008000c58                RTC_WKUP_IRQHandler
                0x0000000008000c58                PVD_PVM_IRQHandler
                0x0000000008000c58                SPI2_IRQHandler
                0x0000000008000c58                CAN1_TX_IRQHandler
                0x0000000008000c58                DMA2_Channel5_IRQHandler
                0x0000000008000c58                DMA1_Channel5_IRQHandler
                0x0000000008000c58                EXTI4_IRQHandler
                0x0000000008000c58                RNG_IRQHandler
                0x0000000008000c58                TIM1_TRG_COM_TIM17_IRQHandler
                0x0000000008000c58                DMA1_Channel3_IRQHandler
                0x0000000008000c58                COMP_IRQHandler
                0x0000000008000c58                WWDG_IRQHandler
                0x0000000008000c58                LPUART1_IRQHandler
                0x0000000008000c58                DMA2_Channel6_IRQHandler
                0x0000000008000c58                TIM2_IRQHandler
                0x0000000008000c58                EXTI1_IRQHandler
                0x0000000008000c58                USART2_IRQHandler
                0x0000000008000c58                DFSDM1_FLT0_IRQHandler
                0x0000000008000c58                I2C2_ER_IRQHandler
                0x0000000008000c58                DMA1_Channel2_IRQHandler
                0x0000000008000c58                TIM8_BRK_IRQHandler
                0x0000000008000c58                CAN1_SCE_IRQHandler
                0x0000000008000c58                FLASH_IRQHandler
                0x0000000008000c58                USART1_IRQHandler
                0x0000000008000c58                OTG_FS_IRQHandler
                0x0000000008000c58                SPI3_IRQHandler
                0x0000000008000c58                I2C1_ER_IRQHandler
                0x0000000008000c58                FMC_IRQHandler
                0x0000000008000c58                SWPMI1_IRQHandler
                0x0000000008000c58                LPTIM1_IRQHandler
                0x0000000008000c58                SAI1_IRQHandler
                0x0000000008000c58                DMA2_Channel3_IRQHandler
                0x0000000008000c58                RTC_Alarm_IRQHandler
 .text.HAL_Init
                0x0000000008000c5a       0x30 ./Drivers/STM32L4xx_HAL_Driver/Src/stm32l4xx_hal.o
                0x0000000008000c5a                HAL_Init
 *fill*         0x0000000008000c8a        0x2 
 .text.HAL_InitTick
                0x0000000008000c8c       0x78 ./Drivers/STM32L4xx_HAL_Driver/Src/stm32l4xx_hal.o
                0x0000000008000c8c                HAL_InitTick
 .text.HAL_IncTick
                0x0000000008000d04       0x28 ./Drivers/STM32L4xx_HAL_Driver/Src/stm32l4xx_hal.o
                0x0000000008000d04                HAL_IncTick
 .text.HAL_GetTick
                0x0000000008000d2c       0x18 ./Drivers/STM32L4xx_HAL_Driver/Src/stm32l4xx_hal.o
                0x0000000008000d2c                HAL_GetTick
 .text.__NVIC_SetPriorityGrouping
                0x0000000008000d44       0x48 ./Drivers/STM32L4xx_HAL_Driver/Src/stm32l4xx_hal_cortex.o
 .text.__NVIC_GetPriorityGrouping
                0x0000000008000d8c       0x1c ./Drivers/STM32L4xx_HAL_Driver/Src/stm32l4xx_hal_cortex.o
 .text.__NVIC_EnableIRQ
                0x0000000008000da8       0x3c ./Drivers/STM32L4xx_HAL_Driver/Src/stm32l4xx_hal_cortex.o
 .text.__NVIC_SetPriority
                0x0000000008000de4       0x54 ./Drivers/STM32L4xx_HAL_Driver/Src/stm32l4xx_hal_cortex.o
 .text.NVIC_EncodePriority
                0x0000000008000e38       0x66 ./Drivers/STM32L4xx_HAL_Driver/Src/stm32l4xx_hal_cortex.o
 *fill*         0x0000000008000e9e        0x2 
 .text.SysTick_Config
                0x0000000008000ea0       0x44 ./Drivers/STM32L4xx_HAL_Driver/Src/stm32l4xx_hal_cortex.o
 .text.HAL_NVIC_SetPriorityGrouping
                0x0000000008000ee4       0x16 ./Drivers/STM32L4xx_HAL_Driver/Src/stm32l4xx_hal_cortex.o
                0x0000000008000ee4                HAL_NVIC_SetPriorityGrouping
 .text.HAL_NVIC_SetPriority
                0x0000000008000efa       0x38 ./Drivers/STM32L4xx_HAL_Driver/Src/stm32l4xx_hal_cortex.o
                0x0000000008000efa                HAL_NVIC_SetPriority
 .text.HAL_NVIC_EnableIRQ
                0x0000000008000f32       0x1c ./Drivers/STM32L4xx_HAL_Driver/Src/stm32l4xx_hal_cortex.o
                0x0000000008000f32                HAL_NVIC_EnableIRQ
 .text.HAL_SYSTICK_Config
                0x0000000008000f4e       0x18 ./Drivers/STM32L4xx_HAL_Driver/Src/stm32l4xx_hal_cortex.o
                0x0000000008000f4e                HAL_SYSTICK_Config
 .text.HAL_DMA_Abort
                0x0000000008000f66       0x7c ./Drivers/STM32L4xx_HAL_Driver/Src/stm32l4xx_hal_dma.o
                0x0000000008000f66                HAL_DMA_Abort
 .text.HAL_DMA_Abort_IT
                0x0000000008000fe2       0x82 ./Drivers/STM32L4xx_HAL_Driver/Src/stm32l4xx_hal_dma.o
                0x0000000008000fe2                HAL_DMA_Abort_IT
 .text.HAL_GPIO_Init
                0x0000000008001064      0x354 ./Drivers/STM32L4xx_HAL_Driver/Src/stm32l4xx_hal_gpio.o
                0x0000000008001064                HAL_GPIO_Init
 .text.HAL_GPIO_WritePin
                0x00000000080013b8       0x30 ./Drivers/STM32L4xx_HAL_Driver/Src/stm32l4xx_hal_gpio.o
                0x00000000080013b8                HAL_GPIO_WritePin
 .text.HAL_GPIO_EXTI_IRQHandler
                0x00000000080013e8       0x30 ./Drivers/STM32L4xx_HAL_Driver/Src/stm32l4xx_hal_gpio.o
                0x00000000080013e8                HAL_GPIO_EXTI_IRQHandler
 .text.HAL_GPIO_EXTI_Callback
                0x0000000008001418       0x16 ./Drivers/STM32L4xx_HAL_Driver/Src/stm32l4xx_hal_gpio.o
                0x0000000008001418                HAL_GPIO_EXTI_Callback
 *fill*         0x000000000800142e        0x2 
 .text.HAL_PWREx_GetVoltageRange
                0x0000000008001430       0x1c ./Drivers/STM32L4xx_HAL_Driver/Src/stm32l4xx_hal_pwr_ex.o
                0x0000000008001430                HAL_PWREx_GetVoltageRange
 .text.HAL_PWREx_ControlVoltageScaling
                0x000000000800144c       0xac ./Drivers/STM32L4xx_HAL_Driver/Src/stm32l4xx_hal_pwr_ex.o
                0x000000000800144c                HAL_PWREx_ControlVoltageScaling
 .text.HAL_RCC_OscConfig
                0x00000000080014f8      0x7b8 ./Drivers/STM32L4xx_HAL_Driver/Src/stm32l4xx_hal_rcc.o
                0x00000000080014f8                HAL_RCC_OscConfig
 .text.HAL_RCC_ClockConfig
                0x0000000008001cb0      0x200 ./Drivers/STM32L4xx_HAL_Driver/Src/stm32l4xx_hal_rcc.o
                0x0000000008001cb0                HAL_RCC_ClockConfig
 .text.HAL_RCC_GetSysClockFreq
                0x0000000008001eb0      0x118 ./Drivers/STM32L4xx_HAL_Driver/Src/stm32l4xx_hal_rcc.o
                0x0000000008001eb0                HAL_RCC_GetSysClockFreq
 .text.HAL_RCC_GetHCLKFreq
                0x0000000008001fc8       0x18 ./Drivers/STM32L4xx_HAL_Driver/Src/stm32l4xx_hal_rcc.o
                0x0000000008001fc8                HAL_RCC_GetHCLKFreq
 .text.HAL_RCC_GetPCLK1Freq
                0x0000000008001fe0       0x2c ./Drivers/STM32L4xx_HAL_Driver/Src/stm32l4xx_hal_rcc.o
                0x0000000008001fe0                HAL_RCC_GetPCLK1Freq
 .text.HAL_RCC_GetPCLK2Freq
                0x000000000800200c       0x2c ./Drivers/STM32L4xx_HAL_Driver/Src/stm32l4xx_hal_rcc.o
                0x000000000800200c                HAL_RCC_GetPCLK2Freq
 .text.RCC_SetFlashLatencyFromMSIRange
                0x0000000008002038       0xc0 ./Drivers/STM32L4xx_HAL_Driver/Src/stm32l4xx_hal_rcc.o
 .text.HAL_RCCEx_PeriphCLKConfig
                0x00000000080020f8      0x5d4 ./Drivers/STM32L4xx_HAL_Driver/Src/stm32l4xx_hal_rcc_ex.o
                0x00000000080020f8                HAL_RCCEx_PeriphCLKConfig
 .text.RCCEx_PLLSAI1_Config
                0x00000000080026cc      0x1e8 ./Drivers/STM32L4xx_HAL_Driver/Src/stm32l4xx_hal_rcc_ex.o
 .text.RCCEx_PLLSAI2_Config
                0x00000000080028b4      0x1bc ./Drivers/STM32L4xx_HAL_Driver/Src/stm32l4xx_hal_rcc_ex.o
 .text.HAL_TIM_Base_Init
                0x0000000008002a70       0xae ./Drivers/STM32L4xx_HAL_Driver/Src/stm32l4xx_hal_tim.o
                0x0000000008002a70                HAL_TIM_Base_Init
 *fill*         0x0000000008002b1e        0x2 
 .text.HAL_TIM_Base_Start_IT
                0x0000000008002b20       0xe0 ./Drivers/STM32L4xx_HAL_Driver/Src/stm32l4xx_hal_tim.o
                0x0000000008002b20                HAL_TIM_Base_Start_IT
 .text.HAL_TIM_Base_Stop_IT
                0x0000000008002c00       0x5e ./Drivers/STM32L4xx_HAL_Driver/Src/stm32l4xx_hal_tim.o
                0x0000000008002c00                HAL_TIM_Base_Stop_IT
 .text.HAL_TIM_IRQHandler
                0x0000000008002c5e      0x204 ./Drivers/STM32L4xx_HAL_Driver/Src/stm32l4xx_hal_tim.o
                0x0000000008002c5e                HAL_TIM_IRQHandler
 .text.HAL_TIM_ConfigClockSource
                0x0000000008002e62      0x192 ./Drivers/STM32L4xx_HAL_Driver/Src/stm32l4xx_hal_tim.o
                0x0000000008002e62                HAL_TIM_ConfigClockSource
 .text.HAL_TIM_PeriodElapsedCallback
                0x0000000008002ff4       0x14 ./Drivers/STM32L4xx_HAL_Driver/Src/stm32l4xx_hal_tim.o
                0x0000000008002ff4                HAL_TIM_PeriodElapsedCallback
 .text.HAL_TIM_OC_DelayElapsedCallback
                0x0000000008003008       0x14 ./Drivers/STM32L4xx_HAL_Driver/Src/stm32l4xx_hal_tim.o
                0x0000000008003008                HAL_TIM_OC_DelayElapsedCallback
 .text.HAL_TIM_IC_CaptureCallback
                0x000000000800301c       0x14 ./Drivers/STM32L4xx_HAL_Driver/Src/stm32l4xx_hal_tim.o
                0x000000000800301c                HAL_TIM_IC_CaptureCallback
 .text.HAL_TIM_PWM_PulseFinishedCallback
                0x0000000008003030       0x14 ./Drivers/STM32L4xx_HAL_Driver/Src/stm32l4xx_hal_tim.o
                0x0000000008003030                HAL_TIM_PWM_PulseFinishedCallback
 .text.HAL_TIM_TriggerCallback
                0x0000000008003044       0x14 ./Drivers/STM32L4xx_HAL_Driver/Src/stm32l4xx_hal_tim.o
                0x0000000008003044                HAL_TIM_TriggerCallback
 .text.TIM_Base_SetConfig
                0x0000000008003058      0x134 ./Drivers/STM32L4xx_HAL_Driver/Src/stm32l4xx_hal_tim.o
                0x0000000008003058                TIM_Base_SetConfig
 .text.TIM_TI1_ConfigInputStage
                0x000000000800318c       0x5e ./Drivers/STM32L4xx_HAL_Driver/Src/stm32l4xx_hal_tim.o
 .text.TIM_TI2_ConfigInputStage
                0x00000000080031ea       0x60 ./Drivers/STM32L4xx_HAL_Driver/Src/stm32l4xx_hal_tim.o
 .text.TIM_ITRx_SetConfig
                0x000000000800324a       0x36 ./Drivers/STM32L4xx_HAL_Driver/Src/stm32l4xx_hal_tim.o
 .text.TIM_ETR_SetConfig
                0x0000000008003280       0x40 ./Drivers/STM32L4xx_HAL_Driver/Src/stm32l4xx_hal_tim.o
                0x0000000008003280                TIM_ETR_SetConfig
 .text.HAL_TIMEx_MasterConfigSynchronization
                0x00000000080032c0      0x110 ./Drivers/STM32L4xx_HAL_Driver/Src/stm32l4xx_hal_tim_ex.o
                0x00000000080032c0                HAL_TIMEx_MasterConfigSynchronization
 .text.HAL_TIMEx_CommutCallback
                0x00000000080033d0       0x14 ./Drivers/STM32L4xx_HAL_Driver/Src/stm32l4xx_hal_tim_ex.o
                0x00000000080033d0                HAL_TIMEx_CommutCallback
 .text.HAL_TIMEx_BreakCallback
                0x00000000080033e4       0x14 ./Drivers/STM32L4xx_HAL_Driver/Src/stm32l4xx_hal_tim_ex.o
                0x00000000080033e4                HAL_TIMEx_BreakCallback
 .text.HAL_TIMEx_Break2Callback
                0x00000000080033f8       0x14 ./Drivers/STM32L4xx_HAL_Driver/Src/stm32l4xx_hal_tim_ex.o
                0x00000000080033f8                HAL_TIMEx_Break2Callback
 .text.HAL_UART_Init
                0x000000000800340c       0x9c ./Drivers/STM32L4xx_HAL_Driver/Src/stm32l4xx_hal_uart.o
                0x000000000800340c                HAL_UART_Init
 .text.HAL_UART_Transmit
                0x00000000080034a8      0x114 ./Drivers/STM32L4xx_HAL_Driver/Src/stm32l4xx_hal_uart.o
                0x00000000080034a8                HAL_UART_Transmit
 .text.HAL_UART_IRQHandler
                0x00000000080035bc      0x5d4 ./Drivers/STM32L4xx_HAL_Driver/Src/stm32l4xx_hal_uart.o
                0x00000000080035bc                HAL_UART_IRQHandler
 .text.HAL_UART_TxCpltCallback
                0x0000000008003b90       0x14 ./Drivers/STM32L4xx_HAL_Driver/Src/stm32l4xx_hal_uart.o
                0x0000000008003b90                HAL_UART_TxCpltCallback
 .text.HAL_UART_RxCpltCallback
                0x0000000008003ba4       0x14 ./Drivers/STM32L4xx_HAL_Driver/Src/stm32l4xx_hal_uart.o
                0x0000000008003ba4                HAL_UART_RxCpltCallback
 .text.HAL_UART_ErrorCallback
                0x0000000008003bb8       0x14 ./Drivers/STM32L4xx_HAL_Driver/Src/stm32l4xx_hal_uart.o
                0x0000000008003bb8                HAL_UART_ErrorCallback
 .text.UART_SetConfig
                0x0000000008003bcc      0x570 ./Drivers/STM32L4xx_HAL_Driver/Src/stm32l4xx_hal_uart.o
                0x0000000008003bcc                UART_SetConfig
 .text.UART_AdvFeatureConfig
                0x000000000800413c      0x144 ./Drivers/STM32L4xx_HAL_Driver/Src/stm32l4xx_hal_uart.o
                0x000000000800413c                UART_AdvFeatureConfig
 .text.UART_CheckIdleState
                0x0000000008004280      0x150 ./Drivers/STM32L4xx_HAL_Driver/Src/stm32l4xx_hal_uart.o
                0x0000000008004280                UART_CheckIdleState
 .text.UART_WaitOnFlagUntilTimeout
                0x00000000080043d0       0xce ./Drivers/STM32L4xx_HAL_Driver/Src/stm32l4xx_hal_uart.o
                0x00000000080043d0                UART_WaitOnFlagUntilTimeout
 *fill*         0x000000000800449e        0x2 
 .text.UART_Start_Receive_IT
                0x00000000080044a0      0x18c ./Drivers/STM32L4xx_HAL_Driver/Src/stm32l4xx_hal_uart.o
                0x00000000080044a0                UART_Start_Receive_IT
 .text.UART_EndRxTransfer
                0x000000000800462c       0xc8 ./Drivers/STM32L4xx_HAL_Driver/Src/stm32l4xx_hal_uart.o
 .text.UART_DMAAbortOnError
                0x00000000080046f4       0x2c ./Drivers/STM32L4xx_HAL_Driver/Src/stm32l4xx_hal_uart.o
 .text.UART_EndTransmit_IT
                0x0000000008004720       0x54 ./Drivers/STM32L4xx_HAL_Driver/Src/stm32l4xx_hal_uart.o
 .text.UART_RxISR_8BIT
                0x0000000008004774      0x1bc ./Drivers/STM32L4xx_HAL_Driver/Src/stm32l4xx_hal_uart.o
 .text.UART_RxISR_16BIT
                0x0000000008004930      0x1bc ./Drivers/STM32L4xx_HAL_Driver/Src/stm32l4xx_hal_uart.o
 .text.HAL_UARTEx_WakeupCallback
                0x0000000008004aec       0x14 ./Drivers/STM32L4xx_HAL_Driver/Src/stm32l4xx_hal_uart_ex.o
                0x0000000008004aec                HAL_UARTEx_WakeupCallback
 .text.HAL_UARTEx_ReceiveToIdle_IT
                0x0000000008004b00       0xa0 ./Drivers/STM32L4xx_HAL_Driver/Src/stm32l4xx_hal_uart_ex.o
                0x0000000008004b00                HAL_UARTEx_ReceiveToIdle_IT
 .text.strncmp  0x0000000008004ba0       0x24 /Applications/STM32CubeIDE.app/Contents/Eclipse/plugins/com.st.stm32cube.ide.mcu.externaltools.gnu-tools-for-stm32.11.3.rel1.macos64_1.1.1.202309131626/tools/bin/../lib/gcc/arm-none-eabi/11.3.1/../../../../arm-none-eabi/lib/thumb/v7e-m+fp/hard/libc_nano.a(libc_a-strncmp.o)
                0x0000000008004ba0                strncmp
 .text.memset   0x0000000008004bc4       0x10 /Applications/STM32CubeIDE.app/Contents/Eclipse/plugins/com.st.stm32cube.ide.mcu.externaltools.gnu-tools-for-stm32.11.3.rel1.macos64_1.1.1.202309131626/tools/bin/../lib/gcc/arm-none-eabi/11.3.1/../../../../arm-none-eabi/lib/thumb/v7e-m+fp/hard/libc_nano.a(libc_a-memset.o)
                0x0000000008004bc4                memset
 .text.__libc_init_array
                0x0000000008004bd4       0x48 /Applications/STM32CubeIDE.app/Contents/Eclipse/plugins/com.st.stm32cube.ide.mcu.externaltools.gnu-tools-for-stm32.11.3.rel1.macos64_1.1.1.202309131626/tools/bin/../lib/gcc/arm-none-eabi/11.3.1/../../../../arm-none-eabi/lib/thumb/v7e-m+fp/hard/libc_nano.a(libc_a-init.o)
                0x0000000008004bd4                __libc_init_array
 *(.glue_7)
 .glue_7        0x0000000008004c1c        0x0 linker stubs
 *(.glue_7t)
 .glue_7t       0x0000000008004c1c        0x0 linker stubs
 *(.eh_frame)
 .eh_frame      0x0000000008004c1c        0x0 /Applications/STM32CubeIDE.app/Contents/Eclipse/plugins/com.st.stm32cube.ide.mcu.externaltools.gnu-tools-for-stm32.11.3.rel1.macos64_1.1.1.202309131626/tools/bin/../lib/gcc/arm-none-eabi/11.3.1/thumb/v7e-m+fp/hard/crtbegin.o
 *(.init)
 .init          0x0000000008004c1c        0x4 /Applications/STM32CubeIDE.app/Contents/Eclipse/plugins/com.st.stm32cube.ide.mcu.externaltools.gnu-tools-for-stm32.11.3.rel1.macos64_1.1.1.202309131626/tools/bin/../lib/gcc/arm-none-eabi/11.3.1/thumb/v7e-m+fp/hard/crti.o
                0x0000000008004c1c                _init
 .init          0x0000000008004c20        0x8 /Applications/STM32CubeIDE.app/Contents/Eclipse/plugins/com.st.stm32cube.ide.mcu.externaltools.gnu-tools-for-stm32.11.3.rel1.macos64_1.1.1.202309131626/tools/bin/../lib/gcc/arm-none-eabi/11.3.1/thumb/v7e-m+fp/hard/crtn.o
 *(.fini)
 .fini          0x0000000008004c28        0x4 /Applications/STM32CubeIDE.app/Contents/Eclipse/plugins/com.st.stm32cube.ide.mcu.externaltools.gnu-tools-for-stm32.11.3.rel1.macos64_1.1.1.202309131626/tools/bin/../lib/gcc/arm-none-eabi/11.3.1/thumb/v7e-m+fp/hard/crti.o
                0x0000000008004c28                _fini
 .fini          0x0000000008004c2c        0x8 /Applications/STM32CubeIDE.app/Contents/Eclipse/plugins/com.st.stm32cube.ide.mcu.externaltools.gnu-tools-for-stm32.11.3.rel1.macos64_1.1.1.202309131626/tools/bin/../lib/gcc/arm-none-eabi/11.3.1/thumb/v7e-m+fp/hard/crtn.o
                0x0000000008004c34                . = ALIGN (0x4)
                0x0000000008004c34                _etext = .

.vfp11_veneer   0x0000000008004c34        0x0
 .vfp11_veneer  0x0000000008004c34        0x0 linker stubs

.v4_bx          0x0000000008004c34        0x0
 .v4_bx         0x0000000008004c34        0x0 linker stubs

.iplt           0x0000000008004c34        0x0
 .iplt          0x0000000008004c34        0x0 /Applications/STM32CubeIDE.app/Contents/Eclipse/plugins/com.st.stm32cube.ide.mcu.externaltools.gnu-tools-for-stm32.11.3.rel1.macos64_1.1.1.202309131626/tools/bin/../lib/gcc/arm-none-eabi/11.3.1/thumb/v7e-m+fp/hard/crtbegin.o

.rodata         0x0000000008004c34       0x9c
                0x0000000008004c34                . = ALIGN (0x4)
 *(.rodata)
 .rodata        0x0000000008004c34       0x3b ./Core/Src/main.o
 *fill*         0x0000000008004c6f        0x1 
 .rodata        0x0000000008004c70       0x17 ./Core/Src/stm32l4xx_it.o
 *(.rodata*)
 *fill*         0x0000000008004c87        0x1 
 .rodata.AHBPrescTable
                0x0000000008004c88       0x10 ./Core/Src/system_stm32l4xx.o
                0x0000000008004c88                AHBPrescTable
 .rodata.APBPrescTable
                0x0000000008004c98        0x8 ./Core/Src/system_stm32l4xx.o
                0x0000000008004c98                APBPrescTable
 .rodata.MSIRangeTable
                0x0000000008004ca0       0x30 ./Core/Src/system_stm32l4xx.o
                0x0000000008004ca0                MSIRangeTable
                0x0000000008004cd0                . = ALIGN (0x4)

.ARM.extab      0x0000000008004cd0        0x0
                0x0000000008004cd0                . = ALIGN (0x4)
 *(.ARM.extab* .gnu.linkonce.armextab.*)
                0x0000000008004cd0                . = ALIGN (0x4)

.ARM            0x0000000008004cd0        0x8
                0x0000000008004cd0                . = ALIGN (0x4)
                0x0000000008004cd0                __exidx_start = .
 *(.ARM.exidx*)
 .ARM.exidx     0x0000000008004cd0        0x8 /Applications/STM32CubeIDE.app/Contents/Eclipse/plugins/com.st.stm32cube.ide.mcu.externaltools.gnu-tools-for-stm32.11.3.rel1.macos64_1.1.1.202309131626/tools/bin/../lib/gcc/arm-none-eabi/11.3.1/thumb/v7e-m+fp/hard/libgcc.a(_udivmoddi4.o)
                0x0000000008004cd8                __exidx_end = .
                0x0000000008004cd8                . = ALIGN (0x4)

.rel.dyn        0x0000000008004cd8        0x0
 .rel.iplt      0x0000000008004cd8        0x0 /Applications/STM32CubeIDE.app/Contents/Eclipse/plugins/com.st.stm32cube.ide.mcu.externaltools.gnu-tools-for-stm32.11.3.rel1.macos64_1.1.1.202309131626/tools/bin/../lib/gcc/arm-none-eabi/11.3.1/thumb/v7e-m+fp/hard/crtbegin.o

.preinit_array  0x0000000008004cd8        0x0
                0x0000000008004cd8                . = ALIGN (0x4)
                0x0000000008004cd8                PROVIDE (__preinit_array_start = .)
 *(.preinit_array*)
                0x0000000008004cd8                PROVIDE (__preinit_array_end = .)
                0x0000000008004cd8                . = ALIGN (0x4)

.init_array     0x0000000008004cd8        0x4
                0x0000000008004cd8                . = ALIGN (0x4)
                0x0000000008004cd8                PROVIDE (__init_array_start = .)
 *(SORT_BY_NAME(.init_array.*))
 *(.init_array*)
 .init_array    0x0000000008004cd8        0x4 /Applications/STM32CubeIDE.app/Contents/Eclipse/plugins/com.st.stm32cube.ide.mcu.externaltools.gnu-tools-for-stm32.11.3.rel1.macos64_1.1.1.202309131626/tools/bin/../lib/gcc/arm-none-eabi/11.3.1/thumb/v7e-m+fp/hard/crtbegin.o
                0x0000000008004cdc                PROVIDE (__init_array_end = .)
                0x0000000008004cdc                . = ALIGN (0x4)

.fini_array     0x0000000008004cdc        0x4
                0x0000000008004cdc                . = ALIGN (0x4)
                [!provide]                        PROVIDE (__fini_array_start = .)
 *(SORT_BY_NAME(.fini_array.*))
 *(.fini_array*)
 .fini_array    0x0000000008004cdc        0x4 /Applications/STM32CubeIDE.app/Contents/Eclipse/plugins/com.st.stm32cube.ide.mcu.externaltools.gnu-tools-for-stm32.11.3.rel1.macos64_1.1.1.202309131626/tools/bin/../lib/gcc/arm-none-eabi/11.3.1/thumb/v7e-m+fp/hard/crtbegin.o
                [!provide]                        PROVIDE (__fini_array_end = .)
                0x0000000008004ce0                . = ALIGN (0x4)
                0x0000000008004ce0                _sidata = LOADADDR (.data)

.data           0x0000000020000000       0x10 load address 0x0000000008004ce0
                0x0000000020000000                . = ALIGN (0x4)
                0x0000000020000000                _sdata = .
 *(.data)
 *(.data*)
 .data.buttonReady
                0x0000000020000000        0x4 ./Core/Src/stm32l4xx_it.o
                0x0000000020000000                buttonReady
 .data.SystemCoreClock
                0x0000000020000004        0x4 ./Core/Src/system_stm32l4xx.o
                0x0000000020000004                SystemCoreClock
 .data.uwTickPrio
                0x0000000020000008        0x4 ./Drivers/STM32L4xx_HAL_Driver/Src/stm32l4xx_hal.o
                0x0000000020000008                uwTickPrio
 .data.uwTickFreq
                0x000000002000000c        0x1 ./Drivers/STM32L4xx_HAL_Driver/Src/stm32l4xx_hal.o
                0x000000002000000c                uwTickFreq
 *(.RamFunc)
 *(.RamFunc*)
                0x0000000020000010                . = ALIGN (0x4)
 *fill*         0x000000002000000d        0x3 
                0x0000000020000010                _edata = .

.igot.plt       0x0000000020000010        0x0 load address 0x0000000008004cf0
 .igot.plt      0x0000000020000010        0x0 /Applications/STM32CubeIDE.app/Contents/Eclipse/plugins/com.st.stm32cube.ide.mcu.externaltools.gnu-tools-for-stm32.11.3.rel1.macos64_1.1.1.202309131626/tools/bin/../lib/gcc/arm-none-eabi/11.3.1/thumb/v7e-m+fp/hard/crtbegin.o
                0x0000000020000010                . = ALIGN (0x4)

.bss            0x0000000020000010      0x1c4 load address 0x0000000008004cf0
                0x0000000020000010                _sbss = .
                0x0000000020000010                __bss_start__ = _sbss
 *(.bss)
 .bss           0x0000000020000010       0x1c /Applications/STM32CubeIDE.app/Contents/Eclipse/plugins/com.st.stm32cube.ide.mcu.externaltools.gnu-tools-for-stm32.11.3.rel1.macos64_1.1.1.202309131626/tools/bin/../lib/gcc/arm-none-eabi/11.3.1/thumb/v7e-m+fp/hard/crtbegin.o
 *(.bss*)
 .bss.data      0x000000002000002c       0x40 ./Core/Src/main.o
                0x000000002000002c                data
 .bss.isLightON
                0x000000002000006c        0x4 ./Core/Src/stm32l4xx_it.o
                0x000000002000006c                isLightON
 .bss.isDoorOPEN
                0x0000000020000070        0x4 ./Core/Src/stm32l4xx_it.o
                0x0000000020000070                isDoorOPEN
 .bss.htim3     0x0000000020000074       0x4c ./Core/Src/tim.o
                0x0000000020000074                htim3
 .bss.huart4    0x00000000200000c0       0x88 ./Core/Src/usart.o
                0x00000000200000c0                huart4
 .bss.huart3    0x0000000020000148       0x88 ./Core/Src/usart.o
                0x0000000020000148                huart3
 .bss.uwTick    0x00000000200001d0        0x4 ./Drivers/STM32L4xx_HAL_Driver/Src/stm32l4xx_hal.o
                0x00000000200001d0                uwTick
 *(COMMON)
                0x00000000200001d4                . = ALIGN (0x4)
                0x00000000200001d4                _ebss = .
                0x00000000200001d4                __bss_end__ = _ebss

._user_heap_stack
                0x00000000200001d4      0x604 load address 0x0000000008004cf0
                0x00000000200001d8                . = ALIGN (0x8)
 *fill*         0x00000000200001d4        0x4 
                [!provide]                        PROVIDE (end = .)
                0x00000000200001d8                PROVIDE (_end = .)
                0x00000000200003d8                . = (. + _Min_Heap_Size)
 *fill*         0x00000000200001d8      0x200 
                0x00000000200007d8                . = (. + _Min_Stack_Size)
 *fill*         0x00000000200003d8      0x400 
                0x00000000200007d8                . = ALIGN (0x8)

/DISCARD/
 libc.a(*)
 libm.a(*)
 libgcc.a(*)

.ARM.attributes
                0x0000000000000000       0x30
 *(.ARM.attributes)
 .ARM.attributes
                0x0000000000000000       0x1e /Applications/STM32CubeIDE.app/Contents/Eclipse/plugins/com.st.stm32cube.ide.mcu.externaltools.gnu-tools-for-stm32.11.3.rel1.macos64_1.1.1.202309131626/tools/bin/../lib/gcc/arm-none-eabi/11.3.1/thumb/v7e-m+fp/hard/crti.o
 .ARM.attributes
                0x000000000000001e       0x34 /Applications/STM32CubeIDE.app/Contents/Eclipse/plugins/com.st.stm32cube.ide.mcu.externaltools.gnu-tools-for-stm32.11.3.rel1.macos64_1.1.1.202309131626/tools/bin/../lib/gcc/arm-none-eabi/11.3.1/thumb/v7e-m+fp/hard/crtbegin.o
 .ARM.attributes
                0x0000000000000052       0x34 ./Core/Src/gpio.o
 .ARM.attributes
                0x0000000000000086       0x34 ./Core/Src/main.o
 .ARM.attributes
                0x00000000000000ba       0x34 ./Core/Src/stm32l4xx_hal_msp.o
 .ARM.attributes
                0x00000000000000ee       0x34 ./Core/Src/stm32l4xx_it.o
 .ARM.attributes
                0x0000000000000122       0x34 ./Core/Src/system_stm32l4xx.o
 .ARM.attributes
                0x0000000000000156       0x34 ./Core/Src/tim.o
 .ARM.attributes
                0x000000000000018a       0x34 ./Core/Src/usart.o
 .ARM.attributes
                0x00000000000001be       0x21 ./Core/Startup/startup_stm32l476rgtx.o
 .ARM.attributes
                0x00000000000001df       0x34 ./Drivers/STM32L4xx_HAL_Driver/Src/stm32l4xx_hal.o
 .ARM.attributes
                0x0000000000000213       0x34 ./Drivers/STM32L4xx_HAL_Driver/Src/stm32l4xx_hal_cortex.o
 .ARM.attributes
                0x0000000000000247       0x34 ./Drivers/STM32L4xx_HAL_Driver/Src/stm32l4xx_hal_dma.o
 .ARM.attributes
                0x000000000000027b       0x34 ./Drivers/STM32L4xx_HAL_Driver/Src/stm32l4xx_hal_gpio.o
 .ARM.attributes
                0x00000000000002af       0x34 ./Drivers/STM32L4xx_HAL_Driver/Src/stm32l4xx_hal_pwr_ex.o
 .ARM.attributes
                0x00000000000002e3       0x34 ./Drivers/STM32L4xx_HAL_Driver/Src/stm32l4xx_hal_rcc.o
 .ARM.attributes
                0x0000000000000317       0x34 ./Drivers/STM32L4xx_HAL_Driver/Src/stm32l4xx_hal_rcc_ex.o
 .ARM.attributes
                0x000000000000034b       0x34 ./Drivers/STM32L4xx_HAL_Driver/Src/stm32l4xx_hal_tim.o
 .ARM.attributes
                0x000000000000037f       0x34 ./Drivers/STM32L4xx_HAL_Driver/Src/stm32l4xx_hal_tim_ex.o
 .ARM.attributes
                0x00000000000003b3       0x34 ./Drivers/STM32L4xx_HAL_Driver/Src/stm32l4xx_hal_uart.o
 .ARM.attributes
                0x00000000000003e7       0x34 ./Drivers/STM32L4xx_HAL_Driver/Src/stm32l4xx_hal_uart_ex.o
 .ARM.attributes
                0x000000000000041b       0x34 /Applications/STM32CubeIDE.app/Contents/Eclipse/plugins/com.st.stm32cube.ide.mcu.externaltools.gnu-tools-for-stm32.11.3.rel1.macos64_1.1.1.202309131626/tools/bin/../lib/gcc/arm-none-eabi/11.3.1/../../../../arm-none-eabi/lib/thumb/v7e-m+fp/hard/libc_nano.a(libc_a-strncmp.o)
 .ARM.attributes
                0x000000000000044f       0x34 /Applications/STM32CubeIDE.app/Contents/Eclipse/plugins/com.st.stm32cube.ide.mcu.externaltools.gnu-tools-for-stm32.11.3.rel1.macos64_1.1.1.202309131626/tools/bin/../lib/gcc/arm-none-eabi/11.3.1/../../../../arm-none-eabi/lib/thumb/v7e-m+fp/hard/libc_nano.a(libc_a-memset.o)
 .ARM.attributes
                0x0000000000000483       0x34 /Applications/STM32CubeIDE.app/Contents/Eclipse/plugins/com.st.stm32cube.ide.mcu.externaltools.gnu-tools-for-stm32.11.3.rel1.macos64_1.1.1.202309131626/tools/bin/../lib/gcc/arm-none-eabi/11.3.1/../../../../arm-none-eabi/lib/thumb/v7e-m+fp/hard/libc_nano.a(libc_a-init.o)
 .ARM.attributes
                0x00000000000004b7       0x1e /Applications/STM32CubeIDE.app/Contents/Eclipse/plugins/com.st.stm32cube.ide.mcu.externaltools.gnu-tools-for-stm32.11.3.rel1.macos64_1.1.1.202309131626/tools/bin/../lib/gcc/arm-none-eabi/11.3.1/thumb/v7e-m+fp/hard/libgcc.a(_aeabi_uldivmod.o)
 .ARM.attributes
                0x00000000000004d5       0x34 /Applications/STM32CubeIDE.app/Contents/Eclipse/plugins/com.st.stm32cube.ide.mcu.externaltools.gnu-tools-for-stm32.11.3.rel1.macos64_1.1.1.202309131626/tools/bin/../lib/gcc/arm-none-eabi/11.3.1/thumb/v7e-m+fp/hard/libgcc.a(_udivmoddi4.o)
 .ARM.attributes
                0x0000000000000509       0x1e /Applications/STM32CubeIDE.app/Contents/Eclipse/plugins/com.st.stm32cube.ide.mcu.externaltools.gnu-tools-for-stm32.11.3.rel1.macos64_1.1.1.202309131626/tools/bin/../lib/gcc/arm-none-eabi/11.3.1/thumb/v7e-m+fp/hard/libgcc.a(_dvmd_tls.o)
 .ARM.attributes
                0x0000000000000527       0x1e /Applications/STM32CubeIDE.app/Contents/Eclipse/plugins/com.st.stm32cube.ide.mcu.externaltools.gnu-tools-for-stm32.11.3.rel1.macos64_1.1.1.202309131626/tools/bin/../lib/gcc/arm-none-eabi/11.3.1/thumb/v7e-m+fp/hard/crtn.o
OUTPUT(HC-05_Master.elf elf32-littlearm)
LOAD linker stubs
LOAD /Applications/STM32CubeIDE.app/Contents/Eclipse/plugins/com.st.stm32cube.ide.mcu.externaltools.gnu-tools-for-stm32.11.3.rel1.macos64_1.1.1.202309131626/tools/bin/../lib/gcc/arm-none-eabi/11.3.1/../../../../arm-none-eabi/lib/thumb/v7e-m+fp/hard/libc.a
LOAD /Applications/STM32CubeIDE.app/Contents/Eclipse/plugins/com.st.stm32cube.ide.mcu.externaltools.gnu-tools-for-stm32.11.3.rel1.macos64_1.1.1.202309131626/tools/bin/../lib/gcc/arm-none-eabi/11.3.1/../../../../arm-none-eabi/lib/thumb/v7e-m+fp/hard/libm.a
LOAD /Applications/STM32CubeIDE.app/Contents/Eclipse/plugins/com.st.stm32cube.ide.mcu.externaltools.gnu-tools-for-stm32.11.3.rel1.macos64_1.1.1.202309131626/tools/bin/../lib/gcc/arm-none-eabi/11.3.1/thumb/v7e-m+fp/hard/libgcc.a

.comment        0x0000000000000000       0x43
 .comment       0x0000000000000000       0x43 /Applications/STM32CubeIDE.app/Contents/Eclipse/plugins/com.st.stm32cube.ide.mcu.externaltools.gnu-tools-for-stm32.11.3.rel1.macos64_1.1.1.202309131626/tools/bin/../lib/gcc/arm-none-eabi/11.3.1/thumb/v7e-m+fp/hard/crtbegin.o
                                         0x44 (size before relaxing)
 .comment       0x0000000000000043       0x44 ./Core/Src/gpio.o
 .comment       0x0000000000000043       0x44 ./Core/Src/main.o
 .comment       0x0000000000000043       0x44 ./Core/Src/stm32l4xx_hal_msp.o
 .comment       0x0000000000000043       0x44 ./Core/Src/stm32l4xx_it.o
 .comment       0x0000000000000043       0x44 ./Core/Src/system_stm32l4xx.o
 .comment       0x0000000000000043       0x44 ./Core/Src/tim.o
 .comment       0x0000000000000043       0x44 ./Core/Src/usart.o
 .comment       0x0000000000000043       0x44 ./Drivers/STM32L4xx_HAL_Driver/Src/stm32l4xx_hal.o
 .comment       0x0000000000000043       0x44 ./Drivers/STM32L4xx_HAL_Driver/Src/stm32l4xx_hal_cortex.o
 .comment       0x0000000000000043       0x44 ./Drivers/STM32L4xx_HAL_Driver/Src/stm32l4xx_hal_dma.o
 .comment       0x0000000000000043       0x44 ./Drivers/STM32L4xx_HAL_Driver/Src/stm32l4xx_hal_gpio.o
 .comment       0x0000000000000043       0x44 ./Drivers/STM32L4xx_HAL_Driver/Src/stm32l4xx_hal_pwr_ex.o
 .comment       0x0000000000000043       0x44 ./Drivers/STM32L4xx_HAL_Driver/Src/stm32l4xx_hal_rcc.o
 .comment       0x0000000000000043       0x44 ./Drivers/STM32L4xx_HAL_Driver/Src/stm32l4xx_hal_rcc_ex.o
 .comment       0x0000000000000043       0x44 ./Drivers/STM32L4xx_HAL_Driver/Src/stm32l4xx_hal_tim.o
 .comment       0x0000000000000043       0x44 ./Drivers/STM32L4xx_HAL_Driver/Src/stm32l4xx_hal_tim_ex.o
 .comment       0x0000000000000043       0x44 ./Drivers/STM32L4xx_HAL_Driver/Src/stm32l4xx_hal_uart.o
 .comment       0x0000000000000043       0x44 ./Drivers/STM32L4xx_HAL_Driver/Src/stm32l4xx_hal_uart_ex.o

.debug_info     0x0000000000000000    0x1173e
 .debug_info    0x0000000000000000      0x6a2 ./Core/Src/gpio.o
 .debug_info    0x00000000000006a2      0xab6 ./Core/Src/main.o
 .debug_info    0x0000000000001158      0x2b9 ./Core/Src/stm32l4xx_hal_msp.o
 .debug_info    0x0000000000001411      0xbe0 ./Core/Src/stm32l4xx_it.o
 .debug_info    0x0000000000001ff1      0x5b1 ./Core/Src/system_stm32l4xx.o
 .debug_info    0x00000000000025a2      0xca0 ./Core/Src/tim.o
 .debug_info    0x0000000000003242      0xff4 ./Core/Src/usart.o
 .debug_info    0x0000000000004236       0x23 ./Core/Startup/startup_stm32l476rgtx.o
 .debug_info    0x0000000000004259      0xaeb ./Drivers/STM32L4xx_HAL_Driver/Src/stm32l4xx_hal.o
 .debug_info    0x0000000000004d44      0xd4c ./Drivers/STM32L4xx_HAL_Driver/Src/stm32l4xx_hal_cortex.o
 .debug_info    0x0000000000005a90      0x6f4 ./Drivers/STM32L4xx_HAL_Driver/Src/stm32l4xx_hal_dma.o
 .debug_info    0x0000000000006184      0x757 ./Drivers/STM32L4xx_HAL_Driver/Src/stm32l4xx_hal_gpio.o
 .debug_info    0x00000000000068db      0x99e ./Drivers/STM32L4xx_HAL_Driver/Src/stm32l4xx_hal_pwr_ex.o
 .debug_info    0x0000000000007279      0xc14 ./Drivers/STM32L4xx_HAL_Driver/Src/stm32l4xx_hal_rcc.o
 .debug_info    0x0000000000007e8d      0xe11 ./Drivers/STM32L4xx_HAL_Driver/Src/stm32l4xx_hal_rcc_ex.o
 .debug_info    0x0000000000008c9e     0x2a9a ./Drivers/STM32L4xx_HAL_Driver/Src/stm32l4xx_hal_tim.o
 .debug_info    0x000000000000b738     0x169e ./Drivers/STM32L4xx_HAL_Driver/Src/stm32l4xx_hal_tim_ex.o
 .debug_info    0x000000000000cdd6     0x3b69 ./Drivers/STM32L4xx_HAL_Driver/Src/stm32l4xx_hal_uart.o
 .debug_info    0x000000000001093f      0xdff ./Drivers/STM32L4xx_HAL_Driver/Src/stm32l4xx_hal_uart_ex.o

.debug_abbrev   0x0000000000000000     0x2696
 .debug_abbrev  0x0000000000000000      0x15b ./Core/Src/gpio.o
 .debug_abbrev  0x000000000000015b      0x253 ./Core/Src/main.o
 .debug_abbrev  0x00000000000003ae       0xc6 ./Core/Src/stm32l4xx_hal_msp.o
 .debug_abbrev  0x0000000000000474      0x1f3 ./Core/Src/stm32l4xx_it.o
 .debug_abbrev  0x0000000000000667      0x11a ./Core/Src/system_stm32l4xx.o
 .debug_abbrev  0x0000000000000781      0x1f7 ./Core/Src/tim.o
 .debug_abbrev  0x0000000000000978      0x201 ./Core/Src/usart.o
 .debug_abbrev  0x0000000000000b79       0x12 ./Core/Startup/startup_stm32l476rgtx.o
 .debug_abbrev  0x0000000000000b8b      0x242 ./Drivers/STM32L4xx_HAL_Driver/Src/stm32l4xx_hal.o
 .debug_abbrev  0x0000000000000dcd      0x327 ./Drivers/STM32L4xx_HAL_Driver/Src/stm32l4xx_hal_cortex.o
 .debug_abbrev  0x00000000000010f4      0x1e4 ./Drivers/STM32L4xx_HAL_Driver/Src/stm32l4xx_hal_dma.o
 .debug_abbrev  0x00000000000012d8      0x1cb ./Drivers/STM32L4xx_HAL_Driver/Src/stm32l4xx_hal_gpio.o
 .debug_abbrev  0x00000000000014a3      0x1f9 ./Drivers/STM32L4xx_HAL_Driver/Src/stm32l4xx_hal_pwr_ex.o
 .debug_abbrev  0x000000000000169c      0x2cb ./Drivers/STM32L4xx_HAL_Driver/Src/stm32l4xx_hal_rcc.o
 .debug_abbrev  0x0000000000001967      0x2a6 ./Drivers/STM32L4xx_HAL_Driver/Src/stm32l4xx_hal_rcc_ex.o
 .debug_abbrev  0x0000000000001c0d      0x278 ./Drivers/STM32L4xx_HAL_Driver/Src/stm32l4xx_hal_tim.o
 .debug_abbrev  0x0000000000001e85      0x283 ./Drivers/STM32L4xx_HAL_Driver/Src/stm32l4xx_hal_tim_ex.o
 .debug_abbrev  0x0000000000002108      0x2d0 ./Drivers/STM32L4xx_HAL_Driver/Src/stm32l4xx_hal_uart.o
 .debug_abbrev  0x00000000000023d8      0x2be ./Drivers/STM32L4xx_HAL_Driver/Src/stm32l4xx_hal_uart_ex.o

.debug_aranges  0x0000000000000000      0xf88
 .debug_aranges
                0x0000000000000000       0x20 ./Core/Src/gpio.o
 .debug_aranges
                0x0000000000000020       0x38 ./Core/Src/main.o
 .debug_aranges
                0x0000000000000058       0x20 ./Core/Src/stm32l4xx_hal_msp.o
 .debug_aranges
                0x0000000000000078       0x80 ./Core/Src/stm32l4xx_it.o
 .debug_aranges
                0x00000000000000f8       0x28 ./Core/Src/system_stm32l4xx.o
 .debug_aranges
                0x0000000000000120       0x30 ./Core/Src/tim.o
 .debug_aranges
                0x0000000000000150       0x38 ./Core/Src/usart.o
 .debug_aranges
                0x0000000000000188       0x28 ./Core/Startup/startup_stm32l476rgtx.o
 .debug_aranges
                0x00000000000001b0      0x130 ./Drivers/STM32L4xx_HAL_Driver/Src/stm32l4xx_hal.o
 .debug_aranges
                0x00000000000002e0      0x118 ./Drivers/STM32L4xx_HAL_Driver/Src/stm32l4xx_hal_cortex.o
 .debug_aranges
                0x00000000000003f8       0x80 ./Drivers/STM32L4xx_HAL_Driver/Src/stm32l4xx_hal_dma.o
 .debug_aranges
                0x0000000000000478       0x58 ./Drivers/STM32L4xx_HAL_Driver/Src/stm32l4xx_hal_gpio.o
 .debug_aranges
                0x00000000000004d0      0x160 ./Drivers/STM32L4xx_HAL_Driver/Src/stm32l4xx_hal_pwr_ex.o
 .debug_aranges
                0x0000000000000630       0x90 ./Drivers/STM32L4xx_HAL_Driver/Src/stm32l4xx_hal_rcc.o
 .debug_aranges
                0x00000000000006c0       0xc0 ./Drivers/STM32L4xx_HAL_Driver/Src/stm32l4xx_hal_rcc_ex.o
 .debug_aranges
                0x0000000000000780      0x3e0 ./Drivers/STM32L4xx_HAL_Driver/Src/stm32l4xx_hal_tim.o
 .debug_aranges
                0x0000000000000b60      0x180 ./Drivers/STM32L4xx_HAL_Driver/Src/stm32l4xx_hal_tim_ex.o
 .debug_aranges
                0x0000000000000ce0      0x228 ./Drivers/STM32L4xx_HAL_Driver/Src/stm32l4xx_hal_uart.o
 .debug_aranges
                0x0000000000000f08       0x80 ./Drivers/STM32L4xx_HAL_Driver/Src/stm32l4xx_hal_uart_ex.o

.debug_rnglists
                0x0000000000000000      0xc1a
 .debug_rnglists
                0x0000000000000000       0x14 ./Core/Src/gpio.o
 .debug_rnglists
                0x0000000000000014       0x27 ./Core/Src/main.o
 .debug_rnglists
                0x000000000000003b       0x13 ./Core/Src/stm32l4xx_hal_msp.o
 .debug_rnglists
                0x000000000000004e       0x5c ./Core/Src/stm32l4xx_it.o
 .debug_rnglists
                0x00000000000000aa       0x1a ./Core/Src/system_stm32l4xx.o
 .debug_rnglists
                0x00000000000000c4       0x20 ./Core/Src/tim.o
 .debug_rnglists
                0x00000000000000e4       0x26 ./Core/Src/usart.o
 .debug_rnglists
                0x000000000000010a       0x19 ./Core/Startup/startup_stm32l476rgtx.o
 .debug_rnglists
                0x0000000000000123       0xdf ./Drivers/STM32L4xx_HAL_Driver/Src/stm32l4xx_hal.o
 .debug_rnglists
                0x0000000000000202       0xce ./Drivers/STM32L4xx_HAL_Driver/Src/stm32l4xx_hal_cortex.o
 .debug_rnglists
                0x00000000000002d0       0x64 ./Drivers/STM32L4xx_HAL_Driver/Src/stm32l4xx_hal_dma.o
 .debug_rnglists
                0x0000000000000334       0x3f ./Drivers/STM32L4xx_HAL_Driver/Src/stm32l4xx_hal_gpio.o
 .debug_rnglists
                0x0000000000000373      0x109 ./Drivers/STM32L4xx_HAL_Driver/Src/stm32l4xx_hal_pwr_ex.o
 .debug_rnglists
                0x000000000000047c       0x6d ./Drivers/STM32L4xx_HAL_Driver/Src/stm32l4xx_hal_rcc.o
 .debug_rnglists
                0x00000000000004e9       0x95 ./Drivers/STM32L4xx_HAL_Driver/Src/stm32l4xx_hal_rcc_ex.o
 .debug_rnglists
                0x000000000000057e      0x328 ./Drivers/STM32L4xx_HAL_Driver/Src/stm32l4xx_hal_tim.o
 .debug_rnglists
                0x00000000000008a6      0x139 ./Drivers/STM32L4xx_HAL_Driver/Src/stm32l4xx_hal_tim_ex.o
 .debug_rnglists
                0x00000000000009df      0x1db ./Drivers/STM32L4xx_HAL_Driver/Src/stm32l4xx_hal_uart.o
 .debug_rnglists
                0x0000000000000bba       0x60 ./Drivers/STM32L4xx_HAL_Driver/Src/stm32l4xx_hal_uart_ex.o

.debug_macro    0x0000000000000000    0x27198
 .debug_macro   0x0000000000000000      0x1d9 ./Core/Src/gpio.o
 .debug_macro   0x00000000000001d9      0xaa8 ./Core/Src/gpio.o
 .debug_macro   0x0000000000000c81      0x1a7 ./Core/Src/gpio.o
 .debug_macro   0x0000000000000e28       0x2e ./Core/Src/gpio.o
 .debug_macro   0x0000000000000e56       0x28 ./Core/Src/gpio.o
 .debug_macro   0x0000000000000e7e       0x22 ./Core/Src/gpio.o
 .debug_macro   0x0000000000000ea0       0x8e ./Core/Src/gpio.o
 .debug_macro   0x0000000000000f2e       0x51 ./Core/Src/gpio.o
 .debug_macro   0x0000000000000f7f      0x103 ./Core/Src/gpio.o
 .debug_macro   0x0000000000001082       0x6a ./Core/Src/gpio.o
 .debug_macro   0x00000000000010ec      0x1df ./Core/Src/gpio.o
 .debug_macro   0x00000000000012cb       0x1c ./Core/Src/gpio.o
 .debug_macro   0x00000000000012e7       0x22 ./Core/Src/gpio.o
 .debug_macro   0x0000000000001309       0xfb ./Core/Src/gpio.o
 .debug_macro   0x0000000000001404     0x1011 ./Core/Src/gpio.o
 .debug_macro   0x0000000000002415      0x11f ./Core/Src/gpio.o
 .debug_macro   0x0000000000002534    0x1a17a ./Core/Src/gpio.o
 .debug_macro   0x000000000001c6ae       0x6d ./Core/Src/gpio.o
 .debug_macro   0x000000000001c71b     0x38e6 ./Core/Src/gpio.o
 .debug_macro   0x0000000000020001      0x174 ./Core/Src/gpio.o
 .debug_macro   0x0000000000020175       0x5c ./Core/Src/gpio.o
 .debug_macro   0x00000000000201d1     0x159e ./Core/Src/gpio.o
 .debug_macro   0x000000000002176f      0x5a5 ./Core/Src/gpio.o
 .debug_macro   0x0000000000021d14      0x1b9 ./Core/Src/gpio.o
 .debug_macro   0x0000000000021ecd      0x18b ./Core/Src/gpio.o
 .debug_macro   0x0000000000022058      0x26b ./Core/Src/gpio.o
 .debug_macro   0x00000000000222c3      0x23d ./Core/Src/gpio.o
 .debug_macro   0x0000000000022500      0x241 ./Core/Src/gpio.o
 .debug_macro   0x0000000000022741      0x37c ./Core/Src/gpio.o
 .debug_macro   0x0000000000022abd       0xd6 ./Core/Src/gpio.o
 .debug_macro   0x0000000000022b93      0x122 ./Core/Src/gpio.o
 .debug_macro   0x0000000000022cb5      0x3ef ./Core/Src/gpio.o
 .debug_macro   0x00000000000230a4      0xa98 ./Core/Src/gpio.o
 .debug_macro   0x0000000000023b3c      0x1e6 ./Core/Src/gpio.o
 .debug_macro   0x0000000000023d22      0x5cf ./Core/Src/gpio.o
 .debug_macro   0x00000000000242f1       0x44 ./Core/Src/gpio.o
 .debug_macro   0x0000000000024335      0x330 ./Core/Src/gpio.o
 .debug_macro   0x0000000000024665       0x2e ./Core/Src/gpio.o
 .debug_macro   0x0000000000024693      0x2f3 ./Core/Src/main.o
 .debug_macro   0x0000000000024986       0x61 ./Core/Src/main.o
 .debug_macro   0x00000000000249e7       0x2a ./Core/Src/main.o
 .debug_macro   0x0000000000024a11       0x43 ./Core/Src/main.o
 .debug_macro   0x0000000000024a54       0x34 ./Core/Src/main.o
 .debug_macro   0x0000000000024a88       0x16 ./Core/Src/main.o
 .debug_macro   0x0000000000024a9e       0x43 ./Core/Src/main.o
 .debug_macro   0x0000000000024ae1       0x34 ./Core/Src/main.o
 .debug_macro   0x0000000000024b15       0x10 ./Core/Src/main.o
 .debug_macro   0x0000000000024b25       0x58 ./Core/Src/main.o
 .debug_macro   0x0000000000024b7d       0x8e ./Core/Src/main.o
 .debug_macro   0x0000000000024c0b       0x1c ./Core/Src/main.o
 .debug_macro   0x0000000000024c27      0x177 ./Core/Src/main.o
 .debug_macro   0x0000000000024d9e      0x369 ./Core/Src/main.o
 .debug_macro   0x0000000000025107       0x10 ./Core/Src/main.o
 .debug_macro   0x0000000000025117       0x35 ./Core/Src/main.o
 .debug_macro   0x000000000002514c       0x20 ./Core/Src/main.o
 .debug_macro   0x000000000002516c       0x1c ./Core/Src/main.o
 .debug_macro   0x0000000000025188       0x10 ./Core/Src/main.o
 .debug_macro   0x0000000000025198       0x1c ./Core/Src/main.o
 .debug_macro   0x00000000000251b4       0x16 ./Core/Src/main.o
 .debug_macro   0x00000000000251ca      0x147 ./Core/Src/main.o
 .debug_macro   0x0000000000025311      0x1cf ./Core/Src/stm32l4xx_hal_msp.o
 .debug_macro   0x00000000000254e0      0x2e9 ./Core/Src/stm32l4xx_it.o
 .debug_macro   0x00000000000257c9      0x1c0 ./Core/Src/system_stm32l4xx.o
 .debug_macro   0x0000000000025989      0x1d9 ./Core/Src/tim.o
 .debug_macro   0x0000000000025b62      0x1d9 ./Core/Src/usart.o
 .debug_macro   0x0000000000025d3b      0x20e ./Drivers/STM32L4xx_HAL_Driver/Src/stm32l4xx_hal.o
 .debug_macro   0x0000000000025f49      0x1c0 ./Drivers/STM32L4xx_HAL_Driver/Src/stm32l4xx_hal_cortex.o
 .debug_macro   0x0000000000026109      0x1c0 ./Drivers/STM32L4xx_HAL_Driver/Src/stm32l4xx_hal_dma.o
 .debug_macro   0x00000000000262c9      0x1c7 ./Drivers/STM32L4xx_HAL_Driver/Src/stm32l4xx_hal_gpio.o
 .debug_macro   0x0000000000026490      0x1e4 ./Drivers/STM32L4xx_HAL_Driver/Src/stm32l4xx_hal_pwr_ex.o
 .debug_macro   0x0000000000026674      0x202 ./Drivers/STM32L4xx_HAL_Driver/Src/stm32l4xx_hal_rcc.o
 .debug_macro   0x0000000000026876      0x1f6 ./Drivers/STM32L4xx_HAL_Driver/Src/stm32l4xx_hal_rcc_ex.o
 .debug_macro   0x0000000000026a6c      0x1c1 ./Drivers/STM32L4xx_HAL_Driver/Src/stm32l4xx_hal_tim.o
 .debug_macro   0x0000000000026c2d      0x1c0 ./Drivers/STM32L4xx_HAL_Driver/Src/stm32l4xx_hal_tim_ex.o
 .debug_macro   0x0000000000026ded      0x1eb ./Drivers/STM32L4xx_HAL_Driver/Src/stm32l4xx_hal_uart.o
 .debug_macro   0x0000000000026fd8      0x1c0 ./Drivers/STM32L4xx_HAL_Driver/Src/stm32l4xx_hal_uart_ex.o

.debug_line     0x0000000000000000    0x12f00
 .debug_line    0x0000000000000000      0x6f6 ./Core/Src/gpio.o
 .debug_line    0x00000000000006f6      0x937 ./Core/Src/main.o
 .debug_line    0x000000000000102d      0x6dd ./Core/Src/stm32l4xx_hal_msp.o
 .debug_line    0x000000000000170a      0x9d9 ./Core/Src/stm32l4xx_it.o
 .debug_line    0x00000000000020e3      0x774 ./Core/Src/system_stm32l4xx.o
 .debug_line    0x0000000000002857      0x74a ./Core/Src/tim.o
 .debug_line    0x0000000000002fa1      0x7e3 ./Core/Src/usart.o
 .debug_line    0x0000000000003784       0x7a ./Core/Startup/startup_stm32l476rgtx.o
 .debug_line    0x00000000000037fe      0xacc ./Drivers/STM32L4xx_HAL_Driver/Src/stm32l4xx_hal.o
 .debug_line    0x00000000000042ca      0xc73 ./Drivers/STM32L4xx_HAL_Driver/Src/stm32l4xx_hal_cortex.o
 .debug_line    0x0000000000004f3d      0xcbd ./Drivers/STM32L4xx_HAL_Driver/Src/stm32l4xx_hal_dma.o
 .debug_line    0x0000000000005bfa      0xb40 ./Drivers/STM32L4xx_HAL_Driver/Src/stm32l4xx_hal_gpio.o
 .debug_line    0x000000000000673a      0xcc4 ./Drivers/STM32L4xx_HAL_Driver/Src/stm32l4xx_hal_pwr_ex.o
 .debug_line    0x00000000000073fe      0xf43 ./Drivers/STM32L4xx_HAL_Driver/Src/stm32l4xx_hal_rcc.o
 .debug_line    0x0000000000008341     0x14bd ./Drivers/STM32L4xx_HAL_Driver/Src/stm32l4xx_hal_rcc_ex.o
 .debug_line    0x00000000000097fe     0x3da6 ./Drivers/STM32L4xx_HAL_Driver/Src/stm32l4xx_hal_tim.o
 .debug_line    0x000000000000d5a4     0x1bdb ./Drivers/STM32L4xx_HAL_Driver/Src/stm32l4xx_hal_tim_ex.o
 .debug_line    0x000000000000f17f     0x31ac ./Drivers/STM32L4xx_HAL_Driver/Src/stm32l4xx_hal_uart.o
 .debug_line    0x000000000001232b      0xbd5 ./Drivers/STM32L4xx_HAL_Driver/Src/stm32l4xx_hal_uart_ex.o

.debug_str      0x0000000000000000    0xf2313
 .debug_str     0x0000000000000000    0xea448 ./Core/Src/gpio.o
                                      0xea7a7 (size before relaxing)
 .debug_str     0x00000000000ea448     0x3e0e ./Core/Src/main.o
                                      0xedf97 (size before relaxing)
 .debug_str     0x00000000000ee256       0x2c ./Core/Src/stm32l4xx_hal_msp.o
                                      0xea1c4 (size before relaxing)
 .debug_str     0x00000000000ee282      0x450 ./Core/Src/stm32l4xx_it.o
                                      0xee17e (size before relaxing)
 .debug_str     0x00000000000ee6d2       0xf2 ./Core/Src/system_stm32l4xx.o
                                      0xea1c2 (size before relaxing)
 .debug_str     0x00000000000ee7c4      0x165 ./Core/Src/tim.o
                                      0xead7e (size before relaxing)
 .debug_str     0x00000000000ee929      0x2d5 ./Core/Src/usart.o
                                      0xeaefa (size before relaxing)
 .debug_str     0x00000000000eebfe       0x34 ./Core/Startup/startup_stm32l476rgtx.o
                                         0x77 (size before relaxing)
 .debug_str     0x00000000000eec32      0x64a ./Drivers/STM32L4xx_HAL_Driver/Src/stm32l4xx_hal.o
                                      0xead55 (size before relaxing)
 .debug_str     0x00000000000ef27c      0x31d ./Drivers/STM32L4xx_HAL_Driver/Src/stm32l4xx_hal_cortex.o
                                      0xeaa09 (size before relaxing)
 .debug_str     0x00000000000ef599      0x253 ./Drivers/STM32L4xx_HAL_Driver/Src/stm32l4xx_hal_dma.o
                                      0xea42c (size before relaxing)
 .debug_str     0x00000000000ef7ec      0x10a ./Drivers/STM32L4xx_HAL_Driver/Src/stm32l4xx_hal_gpio.o
                                      0xea33b (size before relaxing)
 .debug_str     0x00000000000ef8f6      0x4e3 ./Drivers/STM32L4xx_HAL_Driver/Src/stm32l4xx_hal_pwr_ex.o
                                      0xea71d (size before relaxing)
 .debug_str     0x00000000000efdd9      0x3ac ./Drivers/STM32L4xx_HAL_Driver/Src/stm32l4xx_hal_rcc.o
                                      0xea808 (size before relaxing)
 .debug_str     0x00000000000f0185      0x3bf ./Drivers/STM32L4xx_HAL_Driver/Src/stm32l4xx_hal_rcc_ex.o
                                      0xea981 (size before relaxing)
 .debug_str     0x00000000000f0544      0xdf6 ./Drivers/STM32L4xx_HAL_Driver/Src/stm32l4xx_hal_tim.o
                                      0xeb502 (size before relaxing)
 .debug_str     0x00000000000f133a      0x588 ./Drivers/STM32L4xx_HAL_Driver/Src/stm32l4xx_hal_tim_ex.o
                                      0xeae16 (size before relaxing)
 .debug_str     0x00000000000f18c2      0x876 ./Drivers/STM32L4xx_HAL_Driver/Src/stm32l4xx_hal_uart.o
                                      0xeaf1a (size before relaxing)
 .debug_str     0x00000000000f2138      0x1db ./Drivers/STM32L4xx_HAL_Driver/Src/stm32l4xx_hal_uart_ex.o
                                      0xea746 (size before relaxing)

.debug_frame    0x0000000000000000     0x4084
 .debug_frame   0x0000000000000000       0x34 ./Core/Src/gpio.o
 .debug_frame   0x0000000000000034       0x8c ./Core/Src/main.o
 .debug_frame   0x00000000000000c0       0x38 ./Core/Src/stm32l4xx_hal_msp.o
 .debug_frame   0x00000000000000f8      0x174 ./Core/Src/stm32l4xx_it.o
 .debug_frame   0x000000000000026c       0x58 ./Core/Src/system_stm32l4xx.o
 .debug_frame   0x00000000000002c4       0x7c ./Core/Src/tim.o
 .debug_frame   0x0000000000000340       0x94 ./Core/Src/usart.o
 .debug_frame   0x00000000000003d4      0x498 ./Drivers/STM32L4xx_HAL_Driver/Src/stm32l4xx_hal.o
 .debug_frame   0x000000000000086c      0x498 ./Drivers/STM32L4xx_HAL_Driver/Src/stm32l4xx_hal_cortex.o
 .debug_frame   0x0000000000000d04      0x204 ./Drivers/STM32L4xx_HAL_Driver/Src/stm32l4xx_hal_dma.o
 .debug_frame   0x0000000000000f08      0x14c ./Drivers/STM32L4xx_HAL_Driver/Src/stm32l4xx_hal_gpio.o
 .debug_frame   0x0000000000001054      0x584 ./Drivers/STM32L4xx_HAL_Driver/Src/stm32l4xx_hal_pwr_ex.o
 .debug_frame   0x00000000000015d8      0x21c ./Drivers/STM32L4xx_HAL_Driver/Src/stm32l4xx_hal_rcc.o
 .debug_frame   0x00000000000017f4      0x2fc ./Drivers/STM32L4xx_HAL_Driver/Src/stm32l4xx_hal_rcc_ex.o
 .debug_frame   0x0000000000001af0     0x1218 ./Drivers/STM32L4xx_HAL_Driver/Src/stm32l4xx_hal_tim.o
 .debug_frame   0x0000000000002d08      0x6b0 ./Drivers/STM32L4xx_HAL_Driver/Src/stm32l4xx_hal_tim_ex.o
 .debug_frame   0x00000000000033b8      0x9f4 ./Drivers/STM32L4xx_HAL_Driver/Src/stm32l4xx_hal_uart.o
 .debug_frame   0x0000000000003dac      0x204 ./Drivers/STM32L4xx_HAL_Driver/Src/stm32l4xx_hal_uart_ex.o
 .debug_frame   0x0000000000003fb0       0x28 /Applications/STM32CubeIDE.app/Contents/Eclipse/plugins/com.st.stm32cube.ide.mcu.externaltools.gnu-tools-for-stm32.11.3.rel1.macos64_1.1.1.202309131626/tools/bin/../lib/gcc/arm-none-eabi/11.3.1/../../../../arm-none-eabi/lib/thumb/v7e-m+fp/hard/libc_nano.a(libc_a-strncmp.o)
 .debug_frame   0x0000000000003fd8       0x20 /Applications/STM32CubeIDE.app/Contents/Eclipse/plugins/com.st.stm32cube.ide.mcu.externaltools.gnu-tools-for-stm32.11.3.rel1.macos64_1.1.1.202309131626/tools/bin/../lib/gcc/arm-none-eabi/11.3.1/../../../../arm-none-eabi/lib/thumb/v7e-m+fp/hard/libc_nano.a(libc_a-memset.o)
 .debug_frame   0x0000000000003ff8       0x2c /Applications/STM32CubeIDE.app/Contents/Eclipse/plugins/com.st.stm32cube.ide.mcu.externaltools.gnu-tools-for-stm32.11.3.rel1.macos64_1.1.1.202309131626/tools/bin/../lib/gcc/arm-none-eabi/11.3.1/../../../../arm-none-eabi/lib/thumb/v7e-m+fp/hard/libc_nano.a(libc_a-init.o)
 .debug_frame   0x0000000000004024       0x2c /Applications/STM32CubeIDE.app/Contents/Eclipse/plugins/com.st.stm32cube.ide.mcu.externaltools.gnu-tools-for-stm32.11.3.rel1.macos64_1.1.1.202309131626/tools/bin/../lib/gcc/arm-none-eabi/11.3.1/thumb/v7e-m+fp/hard/libgcc.a(_aeabi_uldivmod.o)
 .debug_frame   0x0000000000004050       0x34 /Applications/STM32CubeIDE.app/Contents/Eclipse/plugins/com.st.stm32cube.ide.mcu.externaltools.gnu-tools-for-stm32.11.3.rel1.macos64_1.1.1.202309131626/tools/bin/../lib/gcc/arm-none-eabi/11.3.1/thumb/v7e-m+fp/hard/libgcc.a(_udivmoddi4.o)

.debug_line_str
                0x0000000000000000       0x6b
 .debug_line_str
                0x0000000000000000       0x6b ./Core/Startup/startup_stm32l476rgtx.o
                                         0x83 (size before relaxing)
