Archive member included to satisfy reference by file (symbol)

/Applications/STM32CubeIDE.app/Contents/Eclipse/plugins/com.st.stm32cube.ide.mcu.externaltools.gnu-tools-for-stm32.11.3.rel1.macos64_1.1.100.202310310803/tools/bin/../lib/gcc/arm-none-eabi/11.3.1/../../../../arm-none-eabi/lib/thumb/v7e-m+fp/hard/libc_nano.a(libc_a-exit.o)
                              /Applications/STM32CubeIDE.app/Contents/Eclipse/plugins/com.st.stm32cube.ide.mcu.externaltools.gnu-tools-for-stm32.11.3.rel1.macos64_1.1.100.202310310803/tools/bin/../lib/gcc/arm-none-eabi/11.3.1/../../../../arm-none-eabi/lib/thumb/v7e-m+fp/hard/crt0.o (exit)
/Applications/STM32CubeIDE.app/Contents/Eclipse/plugins/com.st.stm32cube.ide.mcu.externaltools.gnu-tools-for-stm32.11.3.rel1.macos64_1.1.100.202310310803/tools/bin/../lib/gcc/arm-none-eabi/11.3.1/../../../../arm-none-eabi/lib/thumb/v7e-m+fp/hard/libc_nano.a(libc_a-findfp.o)
                              /Applications/STM32CubeIDE.app/Contents/Eclipse/plugins/com.st.stm32cube.ide.mcu.externaltools.gnu-tools-for-stm32.11.3.rel1.macos64_1.1.100.202310310803/tools/bin/../lib/gcc/arm-none-eabi/11.3.1/../../../../arm-none-eabi/lib/thumb/v7e-m+fp/hard/libc_nano.a(libc_a-exit.o) (__stdio_exit_handler)
/Applications/STM32CubeIDE.app/Contents/Eclipse/plugins/com.st.stm32cube.ide.mcu.externaltools.gnu-tools-for-stm32.11.3.rel1.macos64_1.1.100.202310310803/tools/bin/../lib/gcc/arm-none-eabi/11.3.1/../../../../arm-none-eabi/lib/thumb/v7e-m+fp/hard/libc_nano.a(libc_a-fwalk.o)
                              /Applications/STM32CubeIDE.app/Contents/Eclipse/plugins/com.st.stm32cube.ide.mcu.externaltools.gnu-tools-for-stm32.11.3.rel1.macos64_1.1.100.202310310803/tools/bin/../lib/gcc/arm-none-eabi/11.3.1/../../../../arm-none-eabi/lib/thumb/v7e-m+fp/hard/libc_nano.a(libc_a-findfp.o) (_fwalk_sglue)
/Applications/STM32CubeIDE.app/Contents/Eclipse/plugins/com.st.stm32cube.ide.mcu.externaltools.gnu-tools-for-stm32.11.3.rel1.macos64_1.1.100.202310310803/tools/bin/../lib/gcc/arm-none-eabi/11.3.1/../../../../arm-none-eabi/lib/thumb/v7e-m+fp/hard/libc_nano.a(libc_a-printf.o)
                              ./Core/Src/main.o (printf)
/Applications/STM32CubeIDE.app/Contents/Eclipse/plugins/com.st.stm32cube.ide.mcu.externaltools.gnu-tools-for-stm32.11.3.rel1.macos64_1.1.100.202310310803/tools/bin/../lib/gcc/arm-none-eabi/11.3.1/../../../../arm-none-eabi/lib/thumb/v7e-m+fp/hard/libc_nano.a(libc_a-puts.o)
                              ./Core/Src/main.o (puts)
/Applications/STM32CubeIDE.app/Contents/Eclipse/plugins/com.st.stm32cube.ide.mcu.externaltools.gnu-tools-for-stm32.11.3.rel1.macos64_1.1.100.202310310803/tools/bin/../lib/gcc/arm-none-eabi/11.3.1/../../../../arm-none-eabi/lib/thumb/v7e-m+fp/hard/libc_nano.a(libc_a-strncmp.o)
                              ./Core/Src/main.o (strncmp)
/Applications/STM32CubeIDE.app/Contents/Eclipse/plugins/com.st.stm32cube.ide.mcu.externaltools.gnu-tools-for-stm32.11.3.rel1.macos64_1.1.100.202310310803/tools/bin/../lib/gcc/arm-none-eabi/11.3.1/../../../../arm-none-eabi/lib/thumb/v7e-m+fp/hard/libc_nano.a(libc_a-memset.o)
                              /Applications/STM32CubeIDE.app/Contents/Eclipse/plugins/com.st.stm32cube.ide.mcu.externaltools.gnu-tools-for-stm32.11.3.rel1.macos64_1.1.100.202310310803/tools/bin/../lib/gcc/arm-none-eabi/11.3.1/../../../../arm-none-eabi/lib/thumb/v7e-m+fp/hard/crt0.o (memset)
/Applications/STM32CubeIDE.app/Contents/Eclipse/plugins/com.st.stm32cube.ide.mcu.externaltools.gnu-tools-for-stm32.11.3.rel1.macos64_1.1.100.202310310803/tools/bin/../lib/gcc/arm-none-eabi/11.3.1/../../../../arm-none-eabi/lib/thumb/v7e-m+fp/hard/libc_nano.a(libc_a-impure.o)
                              /Applications/STM32CubeIDE.app/Contents/Eclipse/plugins/com.st.stm32cube.ide.mcu.externaltools.gnu-tools-for-stm32.11.3.rel1.macos64_1.1.100.202310310803/tools/bin/../lib/gcc/arm-none-eabi/11.3.1/../../../../arm-none-eabi/lib/thumb/v7e-m+fp/hard/libc_nano.a(libc_a-printf.o) (_impure_ptr)
/Applications/STM32CubeIDE.app/Contents/Eclipse/plugins/com.st.stm32cube.ide.mcu.externaltools.gnu-tools-for-stm32.11.3.rel1.macos64_1.1.100.202310310803/tools/bin/../lib/gcc/arm-none-eabi/11.3.1/../../../../arm-none-eabi/lib/thumb/v7e-m+fp/hard/libc_nano.a(libc_a-errno.o)
                              ./Core/Src/syscalls.o (__errno)
/Applications/STM32CubeIDE.app/Contents/Eclipse/plugins/com.st.stm32cube.ide.mcu.externaltools.gnu-tools-for-stm32.11.3.rel1.macos64_1.1.100.202310310803/tools/bin/../lib/gcc/arm-none-eabi/11.3.1/../../../../arm-none-eabi/lib/thumb/v7e-m+fp/hard/libc_nano.a(libc_a-init.o)
                              /Applications/STM32CubeIDE.app/Contents/Eclipse/plugins/com.st.stm32cube.ide.mcu.externaltools.gnu-tools-for-stm32.11.3.rel1.macos64_1.1.100.202310310803/tools/bin/../lib/gcc/arm-none-eabi/11.3.1/../../../../arm-none-eabi/lib/thumb/v7e-m+fp/hard/crt0.o (__libc_init_array)
[...]
Memory Configuration

Name             Origin             Length             Attributes
RAM              0x0000000020000000 0x0000000000018000 xrw
RAM2             0x0000000010000000 0x0000000000008000 xrw
FLASH            0x0000000008000000 0x0000000000100000 xr
*default*        0x0000000000000000 0xffffffffffffffff

Linker script and memory map

LOAD /Applications/STM32CubeIDE.app/Contents/Eclipse/plugins/com.st.stm32cube.ide.mcu.externaltools.gnu-tools-for-stm32.11.3.rel1.macos64_1.1.100.202310310803/tools/bin/../lib/gcc/arm-none-eabi/11.3.1/thumb/v7e-m+fp/hard/crti.o
LOAD /Applications/STM32CubeIDE.app/Contents/Eclipse/plugins/com.st.stm32cube.ide.mcu.externaltools.gnu-tools-for-stm32.11.3.rel1.macos64_1.1.100.202310310803/tools/bin/../lib/gcc/arm-none-eabi/11.3.1/thumb/v7e-m+fp/hard/crtbegin.o
LOAD /Applications/STM32CubeIDE.app/Contents/Eclipse/plugins/com.st.stm32cube.ide.mcu.externaltools.gnu-tools-for-stm32.11.3.rel1.macos64_1.1.100.202310310803/tools/bin/../lib/gcc/arm-none-eabi/11.3.1/../../../../arm-none-eabi/lib/thumb/v7e-m+fp/hard/crt0.o
LOAD ./Core/Src/main.o
LOAD ./Core/Src/stm32l4xx_hal_msp.o
LOAD ./Core/Src/stm32l4xx_it.o
LOAD ./Core/Src/syscalls.o
LOAD ./Core/Src/sysmem.o
LOAD ./Core/Src/system_stm32l4xx.o
LOAD ./Core/Startup/startup_stm32l476rgtx.o
LOAD ./Drivers/STM32L4xx_HAL_Driver/Src/stm32l4xx_hal.o
LOAD ./Drivers/STM32L4xx_HAL_Driver/Src/stm32l4xx_hal_cortex.o
LOAD ./Drivers/STM32L4xx_HAL_Driver/Src/stm32l4xx_hal_dac.o
LOAD ./Drivers/STM32L4xx_HAL_Driver/Src/stm32l4xx_hal_dac_ex.o
LOAD ./Drivers/STM32L4xx_HAL_Driver/Src/stm32l4xx_hal_dfsdm.o
LOAD ./Drivers/STM32L4xx_HAL_Driver/Src/stm32l4xx_hal_dma.o
LOAD ./Drivers/STM32L4xx_HAL_Driver/Src/stm32l4xx_hal_dma_ex.o
LOAD ./Drivers/STM32L4xx_HAL_Driver/Src/stm32l4xx_hal_exti.o
LOAD ./Drivers/STM32L4xx_HAL_Driver/Src/stm32l4xx_hal_flash.o
LOAD ./Drivers/STM32L4xx_HAL_Driver/Src/stm32l4xx_hal_flash_ex.o
LOAD ./Drivers/STM32L4xx_HAL_Driver/Src/stm32l4xx_hal_flash_ramfunc.o
LOAD ./Drivers/STM32L4xx_HAL_Driver/Src/stm32l4xx_hal_gpio.o
LOAD ./Drivers/STM32L4xx_HAL_Driver/Src/stm32l4xx_hal_i2c.o
LOAD ./Drivers/STM32L4xx_HAL_Driver/Src/stm32l4xx_hal_i2c_ex.o
LOAD ./Drivers/STM32L4xx_HAL_Driver/Src/stm32l4xx_hal_pwr.o
LOAD ./Drivers/STM32L4xx_HAL_Driver/Src/stm32l4xx_hal_pwr_ex.o
LOAD ./Drivers/STM32L4xx_HAL_Driver/Src/stm32l4xx_hal_rcc.o
LOAD ./Drivers/STM32L4xx_HAL_Driver/Src/stm32l4xx_hal_rcc_ex.o
LOAD ./Drivers/STM32L4xx_HAL_Driver/Src/stm32l4xx_hal_spi.o
LOAD ./Drivers/STM32L4xx_HAL_Driver/Src/stm32l4xx_hal_spi_ex.o
LOAD ./Drivers/STM32L4xx_HAL_Driver/Src/stm32l4xx_hal_tim.o
LOAD ./Drivers/STM32L4xx_HAL_Driver/Src/stm32l4xx_hal_tim_ex.o
LOAD ./Drivers/STM32L4xx_HAL_Driver/Src/stm32l4xx_hal_uart.o
LOAD ./Drivers/STM32L4xx_HAL_Driver/Src/stm32l4xx_hal_uart_ex.o
LOAD ./Drivers/STM32L4xx_HAL_Driver/Src/stm32l4xx_ll_dma.o
LOAD ./Drivers/STM32L4xx_HAL_Driver/Src/stm32l4xx_ll_exti.o
LOAD ./Drivers/STM32L4xx_HAL_Driver/Src/stm32l4xx_ll_gpio.o
LOAD ./Drivers/STM32L4xx_HAL_Driver/Src/stm32l4xx_ll_tim.o
LOAD ./Drivers/STM32L4xx_HAL_Driver/Src/stm32l4xx_ll_utils.o
LOAD ./FATFS/App/fatfs.o
LOAD ./FATFS/Target/fatfs_sd_card.o
LOAD ./FATFS/Target/user_diskio.o
LOAD ./Middlewares/Third_Party/FatFs/src/diskio.o
LOAD ./Middlewares/Third_Party/FatFs/src/ff.o
LOAD ./Middlewares/Third_Party/FatFs/src/ff_gen_drv.o
LOAD ./Middlewares/Third_Party/FatFs/src/option/ccsbcs.o
LOAD ./Middlewares/Third_Party/FatFs/src/option/syscall.o
START GROUP
LOAD /Applications/STM32CubeIDE.app/Contents/Eclipse/plugins/com.st.stm32cube.ide.mcu.externaltools.gnu-tools-for-stm32.11.3.rel1.macos64_1.1.100.202310310803/tools/bin/../lib/gcc/arm-none-eabi/11.3.1/../../../../arm-none-eabi/lib/thumb/v7e-m+fp/hard/libc_nano.a
LOAD /Applications/STM32CubeIDE.app/Contents/Eclipse/plugins/com.st.stm32cube.ide.mcu.externaltools.gnu-tools-for-stm32.11.3.rel1.macos64_1.1.100.202310310803/tools/bin/../lib/gcc/arm-none-eabi/11.3.1/../../../../arm-none-eabi/lib/thumb/v7e-m+fp/hard/libm.a
END GROUP
START GROUP
LOAD /Applications/STM32CubeIDE.app/Contents/Eclipse/plugins/com.st.stm32cube.ide.mcu.externaltools.gnu-tools-for-stm32.11.3.rel1.macos64_1.1.100.202310310803/tools/bin/../lib/gcc/arm-none-eabi/11.3.1/thumb/v7e-m+fp/hard/libgcc.a
LOAD /Applications/STM32CubeIDE.app/Contents/Eclipse/plugins/com.st.stm32cube.ide.mcu.externaltools.gnu-tools-for-stm32.11.3.rel1.macos64_1.1.100.202310310803/tools/bin/../lib/gcc/arm-none-eabi/11.3.1/../../../../arm-none-eabi/lib/thumb/v7e-m+fp/hard/libc_nano.a
END GROUP
START GROUP
LOAD /Applications/STM32CubeIDE.app/Contents/Eclipse/plugins/com.st.stm32cube.ide.mcu.externaltools.gnu-tools-for-stm32.11.3.rel1.macos64_1.1.100.202310310803/tools/bin/../lib/gcc/arm-none-eabi/11.3.1/thumb/v7e-m+fp/hard/libgcc.a
LOAD /Applications/STM32CubeIDE.app/Contents/Eclipse/plugins/com.st.stm32cube.ide.mcu.externaltools.gnu-tools-for-stm32.11.3.rel1.macos64_1.1.100.202310310803/tools/bin/../lib/gcc/arm-none-eabi/11.3.1/../../../../arm-none-eabi/lib/thumb/v7e-m+fp/hard/libc_nano.a
LOAD /Applications/STM32CubeIDE.app/Contents/Eclipse/plugins/com.st.stm32cube.ide.mcu.externaltools.gnu-tools-for-stm32.11.3.rel1.macos64_1.1.100.202310310803/tools/bin/../lib/gcc/arm-none-eabi/11.3.1/../../../../arm-none-eabi/lib/thumb/v7e-m+fp/hard/libnosys.a
END GROUP
START GROUP
LOAD /Applications/STM32CubeIDE.app/Contents/Eclipse/plugins/com.st.stm32cube.ide.mcu.externaltools.gnu-tools-for-stm32.11.3.rel1.macos64_1.1.100.202310310803/tools/bin/../lib/gcc/arm-none-eabi/11.3.1/thumb/v7e-m+fp/hard/libgcc.a
LOAD /Applications/STM32CubeIDE.app/Contents/Eclipse/plugins/com.st.stm32cube.ide.mcu.externaltools.gnu-tools-for-stm32.11.3.rel1.macos64_1.1.100.202310310803/tools/bin/../lib/gcc/arm-none-eabi/11.3.1/../../../../arm-none-eabi/lib/thumb/v7e-m+fp/hard/libc_nano.a
LOAD /Applications/STM32CubeIDE.app/Contents/Eclipse/plugins/com.st.stm32cube.ide.mcu.externaltools.gnu-tools-for-stm32.11.3.rel1.macos64_1.1.100.202310310803/tools/bin/../lib/gcc/arm-none-eabi/11.3.1/../../../../arm-none-eabi/lib/thumb/v7e-m+fp/hard/libnosys.a
END GROUP
LOAD /Applications/STM32CubeIDE.app/Contents/Eclipse/plugins/com.st.stm32cube.ide.mcu.externaltools.gnu-tools-for-stm32.11.3.rel1.macos64_1.1.100.202310310803/tools/bin/../lib/gcc/arm-none-eabi/11.3.1/thumb/v7e-m+fp/hard/crtend.o
LOAD /Applications/STM32CubeIDE.app/Contents/Eclipse/plugins/com.st.stm32cube.ide.mcu.externaltools.gnu-tools-for-stm32.11.3.rel1.macos64_1.1.100.202310310803/tools/bin/../lib/gcc/arm-none-eabi/11.3.1/thumb/v7e-m+fp/hard/crtn.o
                0x0000000020018000                _estack = (ORIGIN (RAM) + LENGTH (RAM))
                0x0000000000000200                _Min_Heap_Size = 0x200
                0x0000000000005000                _Min_Stack_Size = 0x5000

.isr_vector     0x0000000008000000      0x188
                0x0000000008000000                . = ALIGN (0x4)
 *(.isr_vector)
 .isr_vector    0x0000000008000000      0x188 ./Core/Startup/startup_stm32l476rgtx.o
                0x0000000008000000                g_pfnVectors
                0x0000000008000188                . = ALIGN (0x4)

.text           0x0000000008000190     0x9934
                0x0000000008000190                . = ALIGN (0x4)
 *(.text)
 .text          0x0000000008000190       0x40 /Applications/STM32CubeIDE.app/Contents/Eclipse/plugins/com.st.stm32cube.ide.mcu.externaltools.gnu-tools-for-stm32.11.3.rel1.macos64_1.1.100.202310310803/tools/bin/../lib/gcc/arm-none-eabi/11.3.1/thumb/v7e-m+fp/hard/crtbegin.o
 .text          0x00000000080001d0       0xa0 /Applications/STM32CubeIDE.app/Contents/Eclipse/plugins/com.st.stm32cube.ide.mcu.externaltools.gnu-tools-for-stm32.11.3.rel1.macos64_1.1.100.202310310803/tools/bin/../lib/gcc/arm-none-eabi/11.3.1/../../../../arm-none-eabi/lib/thumb/v7e-m+fp/hard/libc_nano.a(libc_a-memchr.o)
                0x00000000080001d0                memchr
 .text          0x0000000008000270      0x254 /Applications/STM32CubeIDE.app/Contents/Eclipse/plugins/com.st.stm32cube.ide.mcu.externaltools.gnu-tools-for-stm32.11.3.rel1.macos64_1.1.100.202310310803/tools/bin/../lib/gcc/arm-none-eabi/11.3.1/thumb/v7e-m+fp/hard/libgcc.a(_arm_muldf3.o)
                0x0000000008000270                __aeabi_dmul
                0x0000000008000270                __muldf3
 .text          0x00000000080004c4      0x378 /Applications/STM32CubeIDE.app/Contents/Eclipse/plugins/com.st.stm32cube.ide.mcu.externaltools.gnu-tools-for-stm32.11.3.rel1.macos64_1.1.100.202310310803/tools/bin/../lib/gcc/arm-none-eabi/11.3.1/thumb/v7e-m+fp/hard/libgcc.a(_arm_addsubdf3.o)
                0x00000000080004c4                __aeabi_drsub
                0x00000000080004cc                __subdf3
                0x00000000080004cc                __aeabi_dsub
                0x00000000080004d0                __aeabi_dadd
                0x00000000080004d0                __adddf3
                0x0000000008000748                __aeabi_ui2d
                0x0000000008000748                __floatunsidf
                0x0000000008000768                __floatsidf
                0x0000000008000768                __aeabi_i2d
                0x000000000800078c                __extendsfdf2
                0x000000000800078c                __aeabi_f2d
                0x00000000080007d0                __aeabi_ul2d
                0x00000000080007d0                __floatundidf
                0x00000000080007e0                __aeabi_l2d
                0x00000000080007e0                __floatdidf
 .text          0x000000000800083c       0x40 /Applications/STM32CubeIDE.app/Contents/Eclipse/plugins/com.st.stm32cube.ide.mcu.externaltools.gnu-tools-for-stm32.11.3.rel1.macos64_1.1.100.202310310803/tools/bin/../lib/gcc/arm-none-eabi/11.3.1/thumb/v7e-m+fp/hard/libgcc.a(_arm_fixunsdfsi.o)
                0x000000000800083c                __fixunsdfsi
                0x000000000800083c                __aeabi_d2uiz
 .text          0x000000000800087c       0x30 /Applications/STM32CubeIDE.app/Contents/Eclipse/plugins/com.st.stm32cube.ide.mcu.externaltools.gnu-tools-for-stm32.11.3.rel1.macos64_1.1.100.202310310803/tools/bin/../lib/gcc/arm-none-eabi/11.3.1/thumb/v7e-m+fp/hard/libgcc.a(_aeabi_uldivmod.o)
                0x000000000800087c                __aeabi_uldivmod
 .text          0x00000000080008ac      0x2c8 /Applications/STM32CubeIDE.app/Contents/Eclipse/plugins/com.st.stm32cube.ide.mcu.externaltools.gnu-tools-for-stm32.11.3.rel1.macos64_1.1.100.202310310803/tools/bin/../lib/gcc/arm-none-eabi/11.3.1/thumb/v7e-m+fp/hard/libgcc.a(_udivmoddi4.o)
                0x00000000080008ac                __udivmoddi4
 .text          0x0000000008000b74        0x4 /Applications/STM32CubeIDE.app/Contents/Eclipse/plugins/com.st.stm32cube.ide.mcu.externaltools.gnu-tools-for-stm32.11.3.rel1.macos64_1.1.100.202310310803/tools/bin/../lib/gcc/arm-none-eabi/11.3.1/thumb/v7e-m+fp/hard/libgcc.a(_dvmd_tls.o)
                0x0000000008000b74                __aeabi_ldiv0
                0x0000000008000b74                __aeabi_idiv0
 *(.text*)
 .text.__NVIC_GetPriorityGrouping
                0x0000000008000b78       0x1c ./Core/Src/main.o
 .text.__NVIC_EnableIRQ
                0x0000000008000b94       0x3c ./Core/Src/main.o
 .text.__NVIC_DisableIRQ
                0x0000000008000bd0       0x48 ./Core/Src/main.o
 .text.__NVIC_SetPriority
                0x0000000008000c18       0x54 ./Core/Src/main.o
 .text.NVIC_EncodePriority
                0x0000000008000c6c       0x66 ./Core/Src/main.o
 .text.LL_TIM_EnableCounter
                0x0000000008000cd2       0x20 ./Core/Src/main.o
 .text.LL_TIM_DisableCounter
                0x0000000008000cf2       0x20 ./Core/Src/main.o
 .text.LL_TIM_DisableARRPreload
                0x0000000008000d12       0x20 ./Core/Src/main.o
 .text.LL_TIM_SetClockSource
                0x0000000008000d32       0x2a ./Core/Src/main.o
 .text.LL_TIM_SetTriggerOutput
                0x0000000008000d5c       0x26 ./Core/Src/main.o
 .text.LL_TIM_DisableMasterSlaveMode
                0x0000000008000d82       0x20 ./Core/Src/main.o
 .text.LL_TIM_EnableIT_UPDATE
                0x0000000008000da2       0x20 ./Core/Src/main.o
 *fill*         0x0000000008000dc2        0x2 
 .text.LL_APB1_GRP1_EnableClock
                0x0000000008000dc4       0x30 ./Core/Src/main.o
 .text.mount_SD_card
                0x0000000008000df4       0xd8 ./Core/Src/main.o
                0x0000000008000df4                mount_SD_card
 .text.read_SD_card_song_initial
                0x0000000008000ecc       0x54 ./Core/Src/main.o
                0x0000000008000ecc                read_SD_card_song_initial
 .text.read_SD_card_song_at_position
                0x0000000008000f20       0x68 ./Core/Src/main.o
                0x0000000008000f20                read_SD_card_song_at_position
 .text.open_SD_card_song
                0x0000000008000f88       0xa4 ./Core/Src/main.o
                0x0000000008000f88                open_SD_card_song
 .text.main     0x000000000800102c      0x238 ./Core/Src/main.o
                0x000000000800102c                main
 .text.SystemClock_Config
                0x0000000008001264       0xa4 ./Core/Src/main.o
                0x0000000008001264                SystemClock_Config
 .text.MX_DAC1_Init
                0x0000000008001308       0x64 ./Core/Src/main.o
 .text.MX_DFSDM1_Init
                0x000000000800136c       0xc8 ./Core/Src/main.o
 .text.MX_SPI2_Init
                0x0000000008001434       0x7c ./Core/Src/main.o
 .text.MX_TIM2_Init
                0x00000000080014b0       0x84 ./Core/Src/main.o
 .text.MX_TIM3_Init
                0x0000000008001534       0xa0 ./Core/Src/main.o
 .text.MX_UART4_Init
                0x00000000080015d4       0x60 ./Core/Src/main.o
 .text.MX_USART1_UART_Init
                0x0000000008001634       0x60 ./Core/Src/main.o
 .text.MX_USART2_UART_Init
                0x0000000008001694       0x60 ./Core/Src/main.o
 .text.MX_USART3_UART_Init
                0x00000000080016f4       0x60 ./Core/Src/main.o
 .text.MX_DMA_Init
                0x0000000008001754       0x3c ./Core/Src/main.o
 .text.MX_GPIO_Init
                0x0000000008001790      0x10c ./Core/Src/main.o
 .text.__io_putchar
                0x000000000800189c       0x24 ./Core/Src/main.o
                0x000000000800189c                __io_putchar
 .text.HAL_GPIO_EXTI_Callback
                0x00000000080018c0       0x58 ./Core/Src/main.o
                0x00000000080018c0                HAL_GPIO_EXTI_Callback
 .text.HAL_UARTEx_RxEventCallback
                0x0000000008001918       0xc8 ./Core/Src/main.o
                0x0000000008001918                HAL_UARTEx_RxEventCallback
 .text.Error_Handler
                0x00000000080019e0        0xa ./Core/Src/main.o
                0x00000000080019e0                Error_Handler
 *fill*         0x00000000080019ea        0x2 
 .text.HAL_MspInit
                0x00000000080019ec       0x30 ./Core/Src/stm32l4xx_hal_msp.o
                0x00000000080019ec                HAL_MspInit
 .text.HAL_DAC_MspInit
                0x0000000008001a1c       0x70 ./Core/Src/stm32l4xx_hal_msp.o
                0x0000000008001a1c                HAL_DAC_MspInit
 .text.HAL_DFSDM_FilterMspInit
                0x0000000008001a8c      0x134 ./Core/Src/stm32l4xx_hal_msp.o
                0x0000000008001a8c                HAL_DFSDM_FilterMspInit
 .text.HAL_DFSDM_ChannelMspInit
                0x0000000008001bc0       0xd0 ./Core/Src/stm32l4xx_hal_msp.o
                0x0000000008001bc0                HAL_DFSDM_ChannelMspInit
 .text.HAL_SPI_MspInit
                0x0000000008001c90       0x78 ./Core/Src/stm32l4xx_hal_msp.o
                0x0000000008001c90                HAL_SPI_MspInit
 .text.HAL_TIM_Base_MspInit
                0x0000000008001d08       0x40 ./Core/Src/stm32l4xx_hal_msp.o
                0x0000000008001d08                HAL_TIM_Base_MspInit
 .text.HAL_UART_MspInit
                0x0000000008001d48      0x218 ./Core/Src/stm32l4xx_hal_msp.o
                0x0000000008001d48                HAL_UART_MspInit
 .text.NMI_Handler
                0x0000000008001f60        0x4 ./Core/Src/stm32l4xx_it.o
                0x0000000008001f60                NMI_Handler
 .text.HardFault_Handler
                0x0000000008001f64        0x4 ./Core/Src/stm32l4xx_it.o
                0x0000000008001f64                HardFault_Handler
 .text.MemManage_Handler
                0x0000000008001f68        0x4 ./Core/Src/stm32l4xx_it.o
                0x0000000008001f68                MemManage_Handler
 .text.BusFault_Handler
                0x0000000008001f6c        0x4 ./Core/Src/stm32l4xx_it.o
                0x0000000008001f6c                BusFault_Handler
 .text.UsageFault_Handler
                0x0000000008001f70        0x4 ./Core/Src/stm32l4xx_it.o
                0x0000000008001f70                UsageFault_Handler
 .text.SVC_Handler
                0x0000000008001f74        0x4 ./Core/Src/stm32l4xx_it.o
                0x0000000008001f74                SVC_Handler
 .text.DebugMon_Handler
                0x0000000008001f78        0x4 ./Core/Src/stm32l4xx_it.o
                0x0000000008001f78                DebugMon_Handler
 .text.PendSV_Handler
                0x0000000008001f7c        0x4 ./Core/Src/stm32l4xx_it.o
                0x0000000008001f7c                PendSV_Handler
 .text.SysTick_Handler
                0x0000000008001f80       0x20 ./Core/Src/stm32l4xx_it.o
                0x0000000008001f80                SysTick_Handler
 .text.DMA1_Channel5_IRQHandler
                0x0000000008001fa0        0xc ./Core/Src/stm32l4xx_it.o
                0x0000000008001fa0                DMA1_Channel5_IRQHandler
 .text.TIM2_IRQHandler
                0x0000000008001fac       0x7c ./Core/Src/stm32l4xx_it.o
                0x0000000008001fac                TIM2_IRQHandler
 .text.TIM3_IRQHandler
                0x0000000008002028       0x2c ./Core/Src/stm32l4xx_it.o
                0x0000000008002028                TIM3_IRQHandler
 .text.USART1_IRQHandler
                0x0000000008002054        0xc ./Core/Src/stm32l4xx_it.o
                0x0000000008002054                USART1_IRQHandler
 .text.USART3_IRQHandler
                0x0000000008002060        0xc ./Core/Src/stm32l4xx_it.o
                0x0000000008002060                USART3_IRQHandler
 .text.EXTI15_10_IRQHandler
                0x000000000800206c        0x8 ./Core/Src/stm32l4xx_it.o
                0x000000000800206c                EXTI15_10_IRQHandler
 .text.UART4_IRQHandler
                0x0000000008002074        0xc ./Core/Src/stm32l4xx_it.o
                0x0000000008002074                UART4_IRQHandler
 .text.TIM6_DAC_IRQHandler
                0x0000000008002080        0xc ./Core/Src/stm32l4xx_it.o
                0x0000000008002080                TIM6_DAC_IRQHandler
 .text._read    0x000000000800208c       0x1c ./Core/Src/syscalls.o
                0x000000000800208c                _read
 .text._write   0x00000000080020a8       0x1c ./Core/Src/syscalls.o
                0x00000000080020a8                _write
 .text._close   0x00000000080020c4        0x8 ./Core/Src/syscalls.o
                0x00000000080020c4                _close
 .text._fstat   0x00000000080020cc        0xc ./Core/Src/syscalls.o
                0x00000000080020cc                _fstat
 .text._isatty  0x00000000080020d8        0x4 ./Core/Src/syscalls.o
                0x00000000080020d8                _isatty
 .text._lseek   0x00000000080020dc        0x4 ./Core/Src/syscalls.o
                0x00000000080020dc                _lseek
 .text._sbrk    0x00000000080020e0       0x44 ./Core/Src/sysmem.o
                0x00000000080020e0                _sbrk
 .text.SystemInit
                0x0000000008002124       0x14 ./Core/Src/system_stm32l4xx.o
                0x0000000008002124                SystemInit
 .text.Reset_Handler
                0x0000000008002138       0x50 ./Core/Startup/startup_stm32l476rgtx.o
                0x0000000008002138                Reset_Handler
 .text.Default_Handler
                0x0000000008002188        0x2 ./Core/Startup/startup_stm32l476rgtx.o
                0x0000000008002188                TIM1_BRK_TIM15_IRQHandler
                0x0000000008002188                EXTI2_IRQHandler
                0x0000000008002188                TIM8_TRG_COM_IRQHandler
                0x0000000008002188                TIM8_CC_IRQHandler
                0x0000000008002188                TIM1_CC_IRQHandler
                0x0000000008002188                TSC_IRQHandler
                0x0000000008002188                TAMP_STAMP_IRQHandler
                0x0000000008002188                EXTI3_IRQHandler
                0x0000000008002188                LPTIM2_IRQHandler
                0x0000000008002188                DFSDM1_FLT1_IRQHandler
                0x0000000008002188                I2C3_ER_IRQHandler
                0x0000000008002188                DFSDM1_FLT2_IRQHandler
                0x0000000008002188                EXTI0_IRQHandler
                0x0000000008002188                I2C2_EV_IRQHandler
                0x0000000008002188                CAN1_RX0_IRQHandler
                0x0000000008002188                FPU_IRQHandler
                0x0000000008002188                TIM1_UP_TIM16_IRQHandler
                0x0000000008002188                ADC1_2_IRQHandler
                0x0000000008002188                SPI1_IRQHandler
                0x0000000008002188                TIM8_UP_IRQHandler
                0x0000000008002188                DMA2_Channel2_IRQHandler
                0x0000000008002188                DMA1_Channel4_IRQHandler
                0x0000000008002188                SAI2_IRQHandler
                0x0000000008002188                DFSDM1_FLT3_IRQHandler
                0x0000000008002188                DMA1_Channel7_IRQHandler
                0x0000000008002188                CAN1_RX1_IRQHandler
                0x0000000008002188                LCD_IRQHandler
                0x0000000008002188                UART5_IRQHandler
                0x0000000008002188                ADC3_IRQHandler
                0x0000000008002188                TIM4_IRQHandler
                0x0000000008002188                DMA2_Channel1_IRQHandler
                0x0000000008002188                QUADSPI_IRQHandler
                0x0000000008002188                I2C1_EV_IRQHandler
                0x0000000008002188                DMA1_Channel6_IRQHandler
                0x0000000008002188                DMA2_Channel4_IRQHandler
                0x0000000008002188                RCC_IRQHandler
                0x0000000008002188                DMA1_Channel1_IRQHandler
                0x0000000008002188                Default_Handler
                0x0000000008002188                DMA2_Channel7_IRQHandler
                0x0000000008002188                TIM7_IRQHandler
                0x0000000008002188                SDMMC1_IRQHandler
                0x0000000008002188                TIM5_IRQHandler
                0x0000000008002188                I2C3_EV_IRQHandler
                0x0000000008002188                EXTI9_5_IRQHandler
                0x0000000008002188                RTC_WKUP_IRQHandler
                0x0000000008002188                PVD_PVM_IRQHandler
                0x0000000008002188                SPI2_IRQHandler
                0x0000000008002188                CAN1_TX_IRQHandler
                0x0000000008002188                DMA2_Channel5_IRQHandler
                0x0000000008002188                EXTI4_IRQHandler
                0x0000000008002188                RNG_IRQHandler
                0x0000000008002188                TIM1_TRG_COM_TIM17_IRQHandler
                0x0000000008002188                DMA1_Channel3_IRQHandler
                0x0000000008002188                COMP_IRQHandler
                0x0000000008002188                WWDG_IRQHandler
                0x0000000008002188                LPUART1_IRQHandler
                0x0000000008002188                DMA2_Channel6_IRQHandler
                0x0000000008002188                EXTI1_IRQHandler
                0x0000000008002188                USART2_IRQHandler
                0x0000000008002188                DFSDM1_FLT0_IRQHandler
                0x0000000008002188                I2C2_ER_IRQHandler
                0x0000000008002188                DMA1_Channel2_IRQHandler
                0x0000000008002188                TIM8_BRK_IRQHandler
                0x0000000008002188                CAN1_SCE_IRQHandler
                0x0000000008002188                FLASH_IRQHandler
                0x0000000008002188                OTG_FS_IRQHandler
                0x0000000008002188                SPI3_IRQHandler
                0x0000000008002188                I2C1_ER_IRQHandler
                0x0000000008002188                FMC_IRQHandler
                0x0000000008002188                SWPMI1_IRQHandler
                0x0000000008002188                LPTIM1_IRQHandler
                0x0000000008002188                SAI1_IRQHandler
                0x0000000008002188                DMA2_Channel3_IRQHandler
                0x0000000008002188                RTC_Alarm_IRQHandler
 *fill*         0x000000000800218a        0x2 
 .text.HAL_InitTick
                0x000000000800218c       0x4c ./Drivers/STM32L4xx_HAL_Driver/Src/stm32l4xx_hal.o
                0x000000000800218c                HAL_InitTick
 .text.HAL_Init
                0x00000000080021d8       0x20 ./Drivers/STM32L4xx_HAL_Driver/Src/stm32l4xx_hal.o
                0x00000000080021d8                HAL_Init
 .text.HAL_IncTick
                0x00000000080021f8       0x18 ./Drivers/STM32L4xx_HAL_Driver/Src/stm32l4xx_hal.o
                0x00000000080021f8                HAL_IncTick
 .text.HAL_GetTick
                0x0000000008002210        0xc ./Drivers/STM32L4xx_HAL_Driver/Src/stm32l4xx_hal.o
                0x0000000008002210                HAL_GetTick
 .text.HAL_Delay
                0x000000000800221c       0x24 ./Drivers/STM32L4xx_HAL_Driver/Src/stm32l4xx_hal.o
                0x000000000800221c                HAL_Delay
 .text.HAL_NVIC_SetPriorityGrouping
                0x0000000008002240       0x24 ./Drivers/STM32L4xx_HAL_Driver/Src/stm32l4xx_hal_cortex.o
                0x0000000008002240                HAL_NVIC_SetPriorityGrouping
 .text.HAL_NVIC_SetPriority
                0x0000000008002264       0x7c ./Drivers/STM32L4xx_HAL_Driver/Src/stm32l4xx_hal_cortex.o
                0x0000000008002264                HAL_NVIC_SetPriority
 .text.HAL_NVIC_EnableIRQ
                0x00000000080022e0       0x1c ./Drivers/STM32L4xx_HAL_Driver/Src/stm32l4xx_hal_cortex.o
                0x00000000080022e0                HAL_NVIC_EnableIRQ
 .text.HAL_SYSTICK_Config
                0x00000000080022fc       0x34 ./Drivers/STM32L4xx_HAL_Driver/Src/stm32l4xx_hal_cortex.o
                0x00000000080022fc                HAL_SYSTICK_Config
 .text.HAL_DAC_Init
                0x0000000008002330       0x2c ./Drivers/STM32L4xx_HAL_Driver/Src/stm32l4xx_hal_dac.o
                0x0000000008002330                HAL_DAC_Init
 .text.HAL_DAC_Start
                0x000000000800235c       0x5c ./Drivers/STM32L4xx_HAL_Driver/Src/stm32l4xx_hal_dac.o
                0x000000000800235c                HAL_DAC_Start
 .text.HAL_DAC_SetValue
                0x00000000080023b8       0x30 ./Drivers/STM32L4xx_HAL_Driver/Src/stm32l4xx_hal_dac.o
                0x00000000080023b8                HAL_DAC_SetValue
 .text.HAL_DAC_DMAUnderrunCallbackCh1
                0x00000000080023e8        0x4 ./Drivers/STM32L4xx_HAL_Driver/Src/stm32l4xx_hal_dac.o
                0x00000000080023e8                HAL_DAC_DMAUnderrunCallbackCh1
 .text.HAL_DAC_IRQHandler
                0x00000000080023ec       0x68 ./Drivers/STM32L4xx_HAL_Driver/Src/stm32l4xx_hal_dac.o
                0x00000000080023ec                HAL_DAC_IRQHandler
 .text.HAL_DAC_ConfigChannel
                0x0000000008002454      0x12c ./Drivers/STM32L4xx_HAL_Driver/Src/stm32l4xx_hal_dac.o
                0x0000000008002454                HAL_DAC_ConfigChannel
 .text.HAL_DACEx_DMAUnderrunCallbackCh2
                0x0000000008002580        0x4 ./Drivers/STM32L4xx_HAL_Driver/Src/stm32l4xx_hal_dac_ex.o
                0x0000000008002580                HAL_DACEx_DMAUnderrunCallbackCh2
 .text.HAL_DFSDM_ChannelInit
                0x0000000008002584      0x18c ./Drivers/STM32L4xx_HAL_Driver/Src/stm32l4xx_hal_dfsdm.o
                0x0000000008002584                HAL_DFSDM_ChannelInit
 .text.HAL_DFSDM_FilterInit
                0x0000000008002710       0xf0 ./Drivers/STM32L4xx_HAL_Driver/Src/stm32l4xx_hal_dfsdm.o
                0x0000000008002710                HAL_DFSDM_FilterInit
 .text.HAL_DFSDM_FilterConfigRegChannel
                0x0000000008002800       0x50 ./Drivers/STM32L4xx_HAL_Driver/Src/stm32l4xx_hal_dfsdm.o
                0x0000000008002800                HAL_DFSDM_FilterConfigRegChannel
 .text.HAL_DMA_Init
                0x0000000008002850       0xe4 ./Drivers/STM32L4xx_HAL_Driver/Src/stm32l4xx_hal_dma.o
                0x0000000008002850                HAL_DMA_Init
 .text.HAL_DMA_Abort
                0x0000000008002934       0x4c ./Drivers/STM32L4xx_HAL_Driver/Src/stm32l4xx_hal_dma.o
                0x0000000008002934                HAL_DMA_Abort
 .text.HAL_DMA_Abort_IT
                0x0000000008002980       0x4c ./Drivers/STM32L4xx_HAL_Driver/Src/stm32l4xx_hal_dma.o
                0x0000000008002980                HAL_DMA_Abort_IT
 .text.HAL_DMA_IRQHandler
                0x00000000080029cc       0x9c ./Drivers/STM32L4xx_HAL_Driver/Src/stm32l4xx_hal_dma.o
                0x00000000080029cc                HAL_DMA_IRQHandler
 .text.HAL_GPIO_Init
                0x0000000008002a68      0x204 ./Drivers/STM32L4xx_HAL_Driver/Src/stm32l4xx_hal_gpio.o
                0x0000000008002a68                HAL_GPIO_Init
 .text.HAL_GPIO_WritePin
                0x0000000008002c6c        0xc ./Drivers/STM32L4xx_HAL_Driver/Src/stm32l4xx_hal_gpio.o
                0x0000000008002c6c                HAL_GPIO_WritePin
 .text.HAL_GPIO_EXTI_IRQHandler
                0x0000000008002c78       0x18 ./Drivers/STM32L4xx_HAL_Driver/Src/stm32l4xx_hal_gpio.o
                0x0000000008002c78                HAL_GPIO_EXTI_IRQHandler
 .text.HAL_PWREx_GetVoltageRange
                0x0000000008002c90       0x10 ./Drivers/STM32L4xx_HAL_Driver/Src/stm32l4xx_hal_pwr_ex.o
                0x0000000008002c90                HAL_PWREx_GetVoltageRange
 .text.HAL_PWREx_ControlVoltageScaling
                0x0000000008002ca0       0x84 ./Drivers/STM32L4xx_HAL_Driver/Src/stm32l4xx_hal_pwr_ex.o
                0x0000000008002ca0                HAL_PWREx_ControlVoltageScaling
 .text.RCC_SetFlashLatencyFromMSIRange
                0x0000000008002d24       0x8c ./Drivers/STM32L4xx_HAL_Driver/Src/stm32l4xx_hal_rcc.o
 .text.HAL_RCC_GetSysClockFreq
                0x0000000008002db0       0xb4 ./Drivers/STM32L4xx_HAL_Driver/Src/stm32l4xx_hal_rcc.o
                0x0000000008002db0                HAL_RCC_GetSysClockFreq
 .text.HAL_RCC_OscConfig
                0x0000000008002e64      0x5d0 ./Drivers/STM32L4xx_HAL_Driver/Src/stm32l4xx_hal_rcc.o
                0x0000000008002e64                HAL_RCC_OscConfig
 .text.HAL_RCC_ClockConfig
                0x0000000008003434      0x168 ./Drivers/STM32L4xx_HAL_Driver/Src/stm32l4xx_hal_rcc.o
                0x0000000008003434                HAL_RCC_ClockConfig
 .text.HAL_RCC_GetPCLK1Freq
                0x000000000800359c       0x24 ./Drivers/STM32L4xx_HAL_Driver/Src/stm32l4xx_hal_rcc.o
                0x000000000800359c                HAL_RCC_GetPCLK1Freq
 .text.HAL_RCC_GetPCLK2Freq
                0x00000000080035c0       0x24 ./Drivers/STM32L4xx_HAL_Driver/Src/stm32l4xx_hal_rcc.o
                0x00000000080035c0                HAL_RCC_GetPCLK2Freq
 .text.RCCEx_PLLSAI1_Config
                0x00000000080035e4      0x124 ./Drivers/STM32L4xx_HAL_Driver/Src/stm32l4xx_hal_rcc_ex.o
 .text.RCCEx_PLLSAI2_Config
                0x0000000008003708      0x104 ./Drivers/STM32L4xx_HAL_Driver/Src/stm32l4xx_hal_rcc_ex.o
 .text.HAL_RCCEx_PeriphCLKConfig
                0x000000000800380c      0x440 ./Drivers/STM32L4xx_HAL_Driver/Src/stm32l4xx_hal_rcc_ex.o
                0x000000000800380c                HAL_RCCEx_PeriphCLKConfig
 .text.SPI_WaitFifoStateUntilTimeout.constprop.0
                0x0000000008003c4c       0xe8 ./Drivers/STM32L4xx_HAL_Driver/Src/stm32l4xx_hal_spi.o
 .text.SPI_EndRxTxTransaction
                0x0000000008003d34      0x140 ./Drivers/STM32L4xx_HAL_Driver/Src/stm32l4xx_hal_spi.o
 .text.HAL_SPI_Init
                0x0000000008003e74       0xf8 ./Drivers/STM32L4xx_HAL_Driver/Src/stm32l4xx_hal_spi.o
                0x0000000008003e74                HAL_SPI_Init
 .text.HAL_SPI_Transmit
                0x0000000008003f6c      0x258 ./Drivers/STM32L4xx_HAL_Driver/Src/stm32l4xx_hal_spi.o
                0x0000000008003f6c                HAL_SPI_Transmit
 .text.HAL_SPI_TransmitReceive
                0x00000000080041c4      0x318 ./Drivers/STM32L4xx_HAL_Driver/Src/stm32l4xx_hal_spi.o
                0x00000000080041c4                HAL_SPI_TransmitReceive
 .text.HAL_TIM_Base_Init
                0x00000000080044dc      0x118 ./Drivers/STM32L4xx_HAL_Driver/Src/stm32l4xx_hal_tim.o
                0x00000000080044dc                HAL_TIM_Base_Init
 .text.HAL_TIM_Base_Stop_IT
                0x00000000080045f4       0x30 ./Drivers/STM32L4xx_HAL_Driver/Src/stm32l4xx_hal_tim.o
                0x00000000080045f4                HAL_TIM_Base_Stop_IT
 .text.HAL_TIM_ConfigClockSource
                0x0000000008004624      0x160 ./Drivers/STM32L4xx_HAL_Driver/Src/stm32l4xx_hal_tim.o
                0x0000000008004624                HAL_TIM_ConfigClockSource
 .text.HAL_TIM_PeriodElapsedCallback
                0x0000000008004784        0x4 ./Drivers/STM32L4xx_HAL_Driver/Src/stm32l4xx_hal_tim.o
                0x0000000008004784                HAL_TIM_PeriodElapsedCallback
 .text.HAL_TIM_OC_DelayElapsedCallback
                0x0000000008004788        0x4 ./Drivers/STM32L4xx_HAL_Driver/Src/stm32l4xx_hal_tim.o
                0x0000000008004788                HAL_TIM_OC_DelayElapsedCallback
 .text.HAL_TIM_IC_CaptureCallback
                0x000000000800478c        0x4 ./Drivers/STM32L4xx_HAL_Driver/Src/stm32l4xx_hal_tim.o
                0x000000000800478c                HAL_TIM_IC_CaptureCallback
 .text.HAL_TIM_PWM_PulseFinishedCallback
                0x0000000008004790        0x4 ./Drivers/STM32L4xx_HAL_Driver/Src/stm32l4xx_hal_tim.o
                0x0000000008004790                HAL_TIM_PWM_PulseFinishedCallback
 .text.HAL_TIM_TriggerCallback
                0x0000000008004794        0x4 ./Drivers/STM32L4xx_HAL_Driver/Src/stm32l4xx_hal_tim.o
                0x0000000008004794                HAL_TIM_TriggerCallback
 .text.HAL_TIM_IRQHandler
                0x0000000008004798      0x154 ./Drivers/STM32L4xx_HAL_Driver/Src/stm32l4xx_hal_tim.o
                0x0000000008004798                HAL_TIM_IRQHandler
 .text.HAL_TIMEx_MasterConfigSynchronization
                0x00000000080048ec       0x94 ./Drivers/STM32L4xx_HAL_Driver/Src/stm32l4xx_hal_tim_ex.o
                0x00000000080048ec                HAL_TIMEx_MasterConfigSynchronization
 .text.HAL_TIMEx_CommutCallback
                0x0000000008004980        0x4 ./Drivers/STM32L4xx_HAL_Driver/Src/stm32l4xx_hal_tim_ex.o
                0x0000000008004980                HAL_TIMEx_CommutCallback
 .text.HAL_TIMEx_BreakCallback
                0x0000000008004984        0x4 ./Drivers/STM32L4xx_HAL_Driver/Src/stm32l4xx_hal_tim_ex.o
                0x0000000008004984                HAL_TIMEx_BreakCallback
 .text.HAL_TIMEx_Break2Callback
                0x0000000008004988        0x4 ./Drivers/STM32L4xx_HAL_Driver/Src/stm32l4xx_hal_tim_ex.o
                0x0000000008004988                HAL_TIMEx_Break2Callback
 .text.HAL_UART_Transmit
                0x000000000800498c      0x260 ./Drivers/STM32L4xx_HAL_Driver/Src/stm32l4xx_hal_uart.o
                0x000000000800498c                HAL_UART_Transmit
 .text.HAL_UART_TxCpltCallback
                0x0000000008004bec        0x4 ./Drivers/STM32L4xx_HAL_Driver/Src/stm32l4xx_hal_uart.o
                0x0000000008004bec                HAL_UART_TxCpltCallback
 .text.HAL_UART_RxCpltCallback
                0x0000000008004bf0        0x4 ./Drivers/STM32L4xx_HAL_Driver/Src/stm32l4xx_hal_uart.o
                0x0000000008004bf0                HAL_UART_RxCpltCallback
 .text.HAL_UART_ErrorCallback
                0x0000000008004bf4        0x4 ./Drivers/STM32L4xx_HAL_Driver/Src/stm32l4xx_hal_uart.o
                0x0000000008004bf4                HAL_UART_ErrorCallback
 .text.UART_DMAAbortOnError
                0x0000000008004bf8       0x14 ./Drivers/STM32L4xx_HAL_Driver/Src/stm32l4xx_hal_uart.o
 .text.HAL_UART_IRQHandler
                0x0000000008004c0c      0x318 ./Drivers/STM32L4xx_HAL_Driver/Src/stm32l4xx_hal_uart.o
                0x0000000008004c0c                HAL_UART_IRQHandler
 .text.UART_RxISR_8BIT.part.0
                0x0000000008004f24       0x9c ./Drivers/STM32L4xx_HAL_Driver/Src/stm32l4xx_hal_uart.o
 .text.UART_RxISR_16BIT
                0x0000000008004fc0       0x50 ./Drivers/STM32L4xx_HAL_Driver/Src/stm32l4xx_hal_uart.o
 .text.UART_RxISR_8BIT
                0x0000000008005010       0x54 ./Drivers/STM32L4xx_HAL_Driver/Src/stm32l4xx_hal_uart.o
 .text.UART_SetConfig
                0x0000000008005064      0x2c8 ./Drivers/STM32L4xx_HAL_Driver/Src/stm32l4xx_hal_uart.o
                0x0000000008005064                UART_SetConfig
 .text.UART_AdvFeatureConfig
                0x000000000800532c       0xb0 ./Drivers/STM32L4xx_HAL_Driver/Src/stm32l4xx_hal_uart.o
                0x000000000800532c                UART_AdvFeatureConfig
 .text.UART_CheckIdleState
                0x00000000080053dc      0x254 ./Drivers/STM32L4xx_HAL_Driver/Src/stm32l4xx_hal_uart.o
                0x00000000080053dc                UART_CheckIdleState
 .text.HAL_UART_Init
                0x0000000008005630       0x64 ./Drivers/STM32L4xx_HAL_Driver/Src/stm32l4xx_hal_uart.o
                0x0000000008005630                HAL_UART_Init
 .text.UART_Start_Receive_IT
                0x0000000008005694       0xcc ./Drivers/STM32L4xx_HAL_Driver/Src/stm32l4xx_hal_uart.o
                0x0000000008005694                UART_Start_Receive_IT
 .text.HAL_UARTEx_WakeupCallback
                0x0000000008005760        0x4 ./Drivers/STM32L4xx_HAL_Driver/Src/stm32l4xx_hal_uart_ex.o
                0x0000000008005760                HAL_UARTEx_WakeupCallback
 .text.HAL_UARTEx_ReceiveToIdle_IT
                0x0000000008005764       0x44 ./Drivers/STM32L4xx_HAL_Driver/Src/stm32l4xx_hal_uart_ex.o
                0x0000000008005764                HAL_UARTEx_ReceiveToIdle_IT
 .text.LL_TIM_Init
                0x00000000080057a8       0xb0 ./Drivers/STM32L4xx_HAL_Driver/Src/stm32l4xx_ll_tim.o
                0x00000000080057a8                LL_TIM_Init
 .text.MX_FATFS_Init
                0x0000000008005858       0x1c ./FATFS/App/fatfs.o
                0x0000000008005858                MX_FATFS_Init
 .text.get_fattime
                0x0000000008005874        0x4 ./FATFS/App/fatfs.o
                0x0000000008005874                get_fattime
 .text.SD_PowerOn
                0x0000000008005878       0xec ./FATFS/Target/fatfs_sd_card.o
 .text.SD_RxDataBlock
                0x0000000008005964       0xdc ./FATFS/Target/fatfs_sd_card.o
 .text.SD_TxDataBlock
                0x0000000008005a40      0x158 ./FATFS/Target/fatfs_sd_card.o
 .text.SD_SendCmd
                0x0000000008005b98      0x17c ./FATFS/Target/fatfs_sd_card.o
 .text.SD_disk_initialize
                0x0000000008005d14      0x224 ./FATFS/Target/fatfs_sd_card.o
                0x0000000008005d14                SD_disk_initialize
 .text.SD_disk_status
                0x0000000008005f38       0x14 ./FATFS/Target/fatfs_sd_card.o
                0x0000000008005f38                SD_disk_status
 .text.SD_disk_read
                0x0000000008005f4c      0x298 ./FATFS/Target/fatfs_sd_card.o
                0x0000000008005f4c                SD_disk_read
 .text.SD_disk_write
                0x00000000080061e4      0x10c ./FATFS/Target/fatfs_sd_card.o
                0x00000000080061e4                SD_disk_write
 .text.SD_disk_ioctl
                0x00000000080062f0      0x244 ./FATFS/Target/fatfs_sd_card.o
                0x00000000080062f0                SD_disk_ioctl
 .text.USER_initialize
                0x0000000008006534        0x4 ./FATFS/Target/user_diskio.o
                0x0000000008006534                USER_initialize
 .text.USER_status
                0x0000000008006538        0x4 ./FATFS/Target/user_diskio.o
                0x0000000008006538                USER_status
 .text.USER_read
                0x000000000800653c        0x4 ./FATFS/Target/user_diskio.o
                0x000000000800653c                USER_read
 .text.USER_write
                0x0000000008006540        0x4 ./FATFS/Target/user_diskio.o
                0x0000000008006540                USER_write
 .text.USER_ioctl
                0x0000000008006544        0x4 ./FATFS/Target/user_diskio.o
                0x0000000008006544                USER_ioctl
 .text.disk_status
                0x0000000008006548       0x14 ./Middlewares/Third_Party/FatFs/src/diskio.o
                0x0000000008006548                disk_status
 .text.disk_initialize
                0x000000000800655c       0x20 ./Middlewares/Third_Party/FatFs/src/diskio.o
                0x000000000800655c                disk_initialize
 .text.disk_read
                0x000000000800657c       0x20 ./Middlewares/Third_Party/FatFs/src/diskio.o
                0x000000000800657c                disk_read
 .text.disk_write
                0x000000000800659c       0x20 ./Middlewares/Third_Party/FatFs/src/diskio.o
                0x000000000800659c                disk_write
 .text.disk_ioctl
                0x00000000080065bc       0x18 ./Middlewares/Third_Party/FatFs/src/diskio.o
                0x00000000080065bc                disk_ioctl
 .text.inc_lock
                0x00000000080065d4       0xb0 ./Middlewares/Third_Party/FatFs/src/ff.o
 .text.get_fileinfo
                0x0000000008006684       0xec ./Middlewares/Third_Party/FatFs/src/ff.o
 .text.check_fs
                0x0000000008006770       0x84 ./Middlewares/Third_Party/FatFs/src/ff.o
 .text.move_window
                0x00000000080067f4       0x7c ./Middlewares/Third_Party/FatFs/src/ff.o
 .text.find_volume
                0x0000000008006870      0x31c ./Middlewares/Third_Party/FatFs/src/ff.o
 .text.put_fat.part.0
                0x0000000008006b8c      0x118 ./Middlewares/Third_Party/FatFs/src/ff.o
 .text.get_fat.isra.0
                0x0000000008006ca4       0xd4 ./Middlewares/Third_Party/FatFs/src/ff.o
 .text.create_chain
                0x0000000008006d78      0x1b0 ./Middlewares/Third_Party/FatFs/src/ff.o
 .text.dir_sdi  0x0000000008006f28      0x18c ./Middlewares/Third_Party/FatFs/src/ff.o
 .text.dir_find
                0x00000000080070b4      0x358 ./Middlewares/Third_Party/FatFs/src/ff.o
 .text.follow_path
                0x000000000800740c      0x2d4 ./Middlewares/Third_Party/FatFs/src/ff.o
 .text.dir_next
                0x00000000080076e0      0x1d8 ./Middlewares/Third_Party/FatFs/src/ff.o
 .text.dir_register
                0x00000000080078b8      0x8d4 ./Middlewares/Third_Party/FatFs/src/ff.o
 .text.remove_chain
                0x000000000800818c      0x150 ./Middlewares/Third_Party/FatFs/src/ff.o
 .text.f_mount  0x00000000080082dc       0x84 ./Middlewares/Third_Party/FatFs/src/ff.o
                0x00000000080082dc                f_mount
 .text.f_open   0x0000000008008360      0x2d0 ./Middlewares/Third_Party/FatFs/src/ff.o
                0x0000000008008360                f_open
 .text.f_read   0x0000000008008630      0x2f8 ./Middlewares/Third_Party/FatFs/src/ff.o
                0x0000000008008630                f_read
 .text.f_stat   0x0000000008008928       0x44 ./Middlewares/Third_Party/FatFs/src/ff.o
                0x0000000008008928                f_stat
 .text.f_getfree
                0x000000000800896c       0xd4 ./Middlewares/Third_Party/FatFs/src/ff.o
                0x000000000800896c                f_getfree
 .text.FATFS_LinkDriver
                0x0000000008008a40       0x4c ./Middlewares/Third_Party/FatFs/src/ff_gen_drv.o
                0x0000000008008a40                FATFS_LinkDriver
 .text.ff_convert
                0x0000000008008a8c       0x40 ./Middlewares/Third_Party/FatFs/src/option/ccsbcs.o
                0x0000000008008a8c                ff_convert
 .text.ff_wtoupper
                0x0000000008008acc       0x9c ./Middlewares/Third_Party/FatFs/src/option/ccsbcs.o
                0x0000000008008acc                ff_wtoupper
 .text.std      0x0000000008008b68       0x6c /Applications/STM32CubeIDE.app/Contents/Eclipse/plugins/com.st.stm32cube.ide.mcu.externaltools.gnu-tools-for-stm32.11.3.rel1.macos64_1.1.100.202310310803/tools/bin/../lib/gcc/arm-none-eabi/11.3.1/../../../../arm-none-eabi/lib/thumb/v7e-m+fp/hard/libc_nano.a(libc_a-findfp.o)
 .text.stdio_exit_handler
                0x0000000008008bd4       0x18 /Applications/STM32CubeIDE.app/Contents/Eclipse/plugins/com.st.stm32cube.ide.mcu.externaltools.gnu-tools-for-stm32.11.3.rel1.macos64_1.1.100.202310310803/tools/bin/../lib/gcc/arm-none-eabi/11.3.1/../../../../arm-none-eabi/lib/thumb/v7e-m+fp/hard/libc_nano.a(libc_a-findfp.o)
 .text.cleanup_stdio
                0x0000000008008bec       0x40 /Applications/STM32CubeIDE.app/Contents/Eclipse/plugins/com.st.stm32cube.ide.mcu.externaltools.gnu-tools-for-stm32.11.3.rel1.macos64_1.1.100.202310310803/tools/bin/../lib/gcc/arm-none-eabi/11.3.1/../../../../arm-none-eabi/lib/thumb/v7e-m+fp/hard/libc_nano.a(libc_a-findfp.o)
 .text.global_stdio_init.part.0
                0x0000000008008c2c       0x3c /Applications/STM32CubeIDE.app/Contents/Eclipse/plugins/com.st.stm32cube.ide.mcu.externaltools.gnu-tools-for-stm32.11.3.rel1.macos64_1.1.100.202310310803/tools/bin/../lib/gcc/arm-none-eabi/11.3.1/../../../../arm-none-eabi/lib/thumb/v7e-m+fp/hard/libc_nano.a(libc_a-findfp.o)
 .text.__sfp_lock_acquire
                0x0000000008008c68        0xc /Applications/STM32CubeIDE.app/Contents/Eclipse/plugins/com.st.stm32cube.ide.mcu.externaltools.gnu-tools-for-stm32.11.3.rel1.macos64_1.1.100.202310310803/tools/bin/../lib/gcc/arm-none-eabi/11.3.1/../../../../arm-none-eabi/lib/thumb/v7e-m+fp/hard/libc_nano.a(libc_a-findfp.o)
                0x0000000008008c68                __sfp_lock_acquire
 .text.__sfp_lock_release
                0x0000000008008c74        0xc /Applications/STM32CubeIDE.app/Contents/Eclipse/plugins/com.st.stm32cube.ide.mcu.externaltools.gnu-tools-for-stm32.11.3.rel1.macos64_1.1.100.202310310803/tools/bin/../lib/gcc/arm-none-eabi/11.3.1/../../../../arm-none-eabi/lib/thumb/v7e-m+fp/hard/libc_nano.a(libc_a-findfp.o)
                0x0000000008008c74                __sfp_lock_release
 .text.__sinit  0x0000000008008c80       0x30 /Applications/STM32CubeIDE.app/Contents/Eclipse/plugins/com.st.stm32cube.ide.mcu.externaltools.gnu-tools-for-stm32.11.3.rel1.macos64_1.1.100.202310310803/tools/bin/../lib/gcc/arm-none-eabi/11.3.1/../../../../arm-none-eabi/lib/thumb/v7e-m+fp/hard/libc_nano.a(libc_a-findfp.o)
                0x0000000008008c80                __sinit
 .text._fwalk_sglue
                0x0000000008008cb0       0x3c /Applications/STM32CubeIDE.app/Contents/Eclipse/plugins/com.st.stm32cube.ide.mcu.externaltools.gnu-tools-for-stm32.11.3.rel1.macos64_1.1.100.202310310803/tools/bin/../lib/gcc/arm-none-eabi/11.3.1/../../../../arm-none-eabi/lib/thumb/v7e-m+fp/hard/libc_nano.a(libc_a-fwalk.o)
                0x0000000008008cb0                _fwalk_sglue
 .text.printf   0x0000000008008cec       0x24 /Applications/STM32CubeIDE.app/Contents/Eclipse/plugins/com.st.stm32cube.ide.mcu.externaltools.gnu-tools-for-stm32.11.3.rel1.macos64_1.1.100.202310310803/tools/bin/../lib/gcc/arm-none-eabi/11.3.1/../../../../arm-none-eabi/lib/thumb/v7e-m+fp/hard/libc_nano.a(libc_a-printf.o)
                0x0000000008008cec                printf
                0x0000000008008cec                iprintf
 .text._puts_r  0x0000000008008d10       0xa8 /Applications/STM32CubeIDE.app/Contents/Eclipse/plugins/com.st.stm32cube.ide.mcu.externaltools.gnu-tools-for-stm32.11.3.rel1.macos64_1.1.100.202310310803/tools/bin/../lib/gcc/arm-none-eabi/11.3.1/../../../../arm-none-eabi/lib/thumb/v7e-m+fp/hard/libc_nano.a(libc_a-puts.o)
                0x0000000008008d10                _puts_r
 .text.puts     0x0000000008008db8       0x10 /Applications/STM32CubeIDE.app/Contents/Eclipse/plugins/com.st.stm32cube.ide.mcu.externaltools.gnu-tools-for-stm32.11.3.rel1.macos64_1.1.100.202310310803/tools/bin/../lib/gcc/arm-none-eabi/11.3.1/../../../../arm-none-eabi/lib/thumb/v7e-m+fp/hard/libc_nano.a(libc_a-puts.o)
                0x0000000008008db8                puts
 .text.strncmp  0x0000000008008dc8       0x24 /Applications/STM32CubeIDE.app/Contents/Eclipse/plugins/com.st.stm32cube.ide.mcu.externaltools.gnu-tools-for-stm32.11.3.rel1.macos64_1.1.100.202310310803/tools/bin/../lib/gcc/arm-none-eabi/11.3.1/../../../../arm-none-eabi/lib/thumb/v7e-m+fp/hard/libc_nano.a(libc_a-strncmp.o)
                0x0000000008008dc8                strncmp
 .text.memset   0x0000000008008dec       0x10 /Applications/STM32CubeIDE.app/Contents/Eclipse/plugins/com.st.stm32cube.ide.mcu.externaltools.gnu-tools-for-stm32.11.3.rel1.macos64_1.1.100.202310310803/tools/bin/../lib/gcc/arm-none-eabi/11.3.1/../../../../arm-none-eabi/lib/thumb/v7e-m+fp/hard/libc_nano.a(libc_a-memset.o)
                0x0000000008008dec                memset
 .text.__errno  0x0000000008008dfc        0xc /Applications/STM32CubeIDE.app/Contents/Eclipse/plugins/com.st.stm32cube.ide.mcu.externaltools.gnu-tools-for-stm32.11.3.rel1.macos64_1.1.100.202310310803/tools/bin/../lib/gcc/arm-none-eabi/11.3.1/../../../../arm-none-eabi/lib/thumb/v7e-m+fp/hard/libc_nano.a(libc_a-errno.o)
                0x0000000008008dfc                __errno
 .text.__libc_init_array
                0x0000000008008e08       0x48 /Applications/STM32CubeIDE.app/Contents/Eclipse/plugins/com.st.stm32cube.ide.mcu.externaltools.gnu-tools-for-stm32.11.3.rel1.macos64_1.1.100.202310310803/tools/bin/../lib/gcc/arm-none-eabi/11.3.1/../../../../arm-none-eabi/lib/thumb/v7e-m+fp/hard/libc_nano.a(libc_a-init.o)
                0x0000000008008e08                __libc_init_array
 .text.__retarget_lock_init_recursive
                0x0000000008008e50        0x2 /Applications/STM32CubeIDE.app/Contents/Eclipse/plugins/com.st.stm32cube.ide.mcu.externaltools.gnu-tools-for-stm32.11.3.rel1.macos64_1.1.100.202310310803/tools/bin/../lib/gcc/arm-none-eabi/11.3.1/../../../../arm-none-eabi/lib/thumb/v7e-m+fp/hard/libc_nano.a(libc_a-lock.o)
                0x0000000008008e50                __retarget_lock_init_recursive
 .text.__retarget_lock_acquire_recursive
                0x0000000008008e52        0x2 /Applications/STM32CubeIDE.app/Contents/Eclipse/plugins/com.st.stm32cube.ide.mcu.externaltools.gnu-tools-for-stm32.11.3.rel1.macos64_1.1.100.202310310803/tools/bin/../lib/gcc/arm-none-eabi/11.3.1/../../../../arm-none-eabi/lib/thumb/v7e-m+fp/hard/libc_nano.a(libc_a-lock.o)
                0x0000000008008e52                __retarget_lock_acquire_recursive
 .text.__retarget_lock_release_recursive
                0x0000000008008e54        0x2 /Applications/STM32CubeIDE.app/Contents/Eclipse/plugins/com.st.stm32cube.ide.mcu.externaltools.gnu-tools-for-stm32.11.3.rel1.macos64_1.1.100.202310310803/tools/bin/../lib/gcc/arm-none-eabi/11.3.1/../../../../arm-none-eabi/lib/thumb/v7e-m+fp/hard/libc_nano.a(libc_a-lock.o)
                0x0000000008008e54                __retarget_lock_release_recursive
 .text.__sfputc_r
                0x0000000008008e56       0x2e /Applications/STM32CubeIDE.app/Contents/Eclipse/plugins/com.st.stm32cube.ide.mcu.externaltools.gnu-tools-for-stm32.11.3.rel1.macos64_1.1.100.202310310803/tools/bin/../lib/gcc/arm-none-eabi/11.3.1/../../../../arm-none-eabi/lib/thumb/v7e-m+fp/hard/libc_nano.a(libc_a-nano-vfprintf.o)
 .text.__sfputs_r
                0x0000000008008e84       0x24 /Applications/STM32CubeIDE.app/Contents/Eclipse/plugins/com.st.stm32cube.ide.mcu.externaltools.gnu-tools-for-stm32.11.3.rel1.macos64_1.1.100.202310310803/tools/bin/../lib/gcc/arm-none-eabi/11.3.1/../../../../arm-none-eabi/lib/thumb/v7e-m+fp/hard/libc_nano.a(libc_a-nano-vfprintf.o)
                0x0000000008008e84                __sfputs_r
 .text._vfprintf_r
                0x0000000008008ea8      0x234 /Applications/STM32CubeIDE.app/Contents/Eclipse/plugins/com.st.stm32cube.ide.mcu.externaltools.gnu-tools-for-stm32.11.3.rel1.macos64_1.1.100.202310310803/tools/bin/../lib/gcc/arm-none-eabi/11.3.1/../../../../arm-none-eabi/lib/thumb/v7e-m+fp/hard/libc_nano.a(libc_a-nano-vfprintf.o)
                0x0000000008008ea8                _vfiprintf_r
                0x0000000008008ea8                _vfprintf_r
 .text.sbrk_aligned
                0x00000000080090dc       0x40 /Applications/STM32CubeIDE.app/Contents/Eclipse/plugins/com.st.stm32cube.ide.mcu.externaltools.gnu-tools-for-stm32.11.3.rel1.macos64_1.1.100.202310310803/tools/bin/../lib/gcc/arm-none-eabi/11.3.1/../../../../arm-none-eabi/lib/thumb/v7e-m+fp/hard/libc_nano.a(libc_a-mallocr.o)
 .text._malloc_r
                0x000000000800911c      0x100 /Applications/STM32CubeIDE.app/Contents/Eclipse/plugins/com.st.stm32cube.ide.mcu.externaltools.gnu-tools-for-stm32.11.3.rel1.macos64_1.1.100.202310310803/tools/bin/../lib/gcc/arm-none-eabi/11.3.1/../../../../arm-none-eabi/lib/thumb/v7e-m+fp/hard/libc_nano.a(libc_a-mallocr.o)
                0x000000000800911c                _malloc_r
 .text._printf_common
                0x000000000800921c       0xda /Applications/STM32CubeIDE.app/Contents/Eclipse/plugins/com.st.stm32cube.ide.mcu.externaltools.gnu-tools-for-stm32.11.3.rel1.macos64_1.1.100.202310310803/tools/bin/../lib/gcc/arm-none-eabi/11.3.1/../../../../arm-none-eabi/lib/thumb/v7e-m+fp/hard/libc_nano.a(libc_a-nano-vfprintf_i.o)
                0x000000000800921c                _printf_common
 *fill*         0x00000000080092f6        0x2 
 .text._printf_i
                0x00000000080092f8      0x244 /Applications/STM32CubeIDE.app/Contents/Eclipse/plugins/com.st.stm32cube.ide.mcu.externaltools.gnu-tools-for-stm32.11.3.rel1.macos64_1.1.100.202310310803/tools/bin/../lib/gcc/arm-none-eabi/11.3.1/../../../../arm-none-eabi/lib/thumb/v7e-m+fp/hard/libc_nano.a(libc_a-nano-vfprintf_i.o)
                0x00000000080092f8                _printf_i
 .text.__sflush_r
                0x000000000800953c      0x10c /Applications/STM32CubeIDE.app/Contents/Eclipse/plugins/com.st.stm32cube.ide.mcu.externaltools.gnu-tools-for-stm32.11.3.rel1.macos64_1.1.100.202310310803/tools/bin/../lib/gcc/arm-none-eabi/11.3.1/../../../../arm-none-eabi/lib/thumb/v7e-m+fp/hard/libc_nano.a(libc_a-fflush.o)
                0x000000000800953c                __sflush_r
 .text._fflush_r
                0x0000000008009648       0x50 /Applications/STM32CubeIDE.app/Contents/Eclipse/plugins/com.st.stm32cube.ide.mcu.externaltools.gnu-tools-for-stm32.11.3.rel1.macos64_1.1.100.202310310803/tools/bin/../lib/gcc/arm-none-eabi/11.3.1/../../../../arm-none-eabi/lib/thumb/v7e-m+fp/hard/libc_nano.a(libc_a-fflush.o)
                0x0000000008009648                _fflush_r
 .text.__malloc_lock
                0x0000000008009698        0xc /Applications/STM32CubeIDE.app/Contents/Eclipse/plugins/com.st.stm32cube.ide.mcu.externaltools.gnu-tools-for-stm32.11.3.rel1.macos64_1.1.100.202310310803/tools/bin/../lib/gcc/arm-none-eabi/11.3.1/../../../../arm-none-eabi/lib/thumb/v7e-m+fp/hard/libc_nano.a(libc_a-mlock.o)
                0x0000000008009698                __malloc_lock
 .text.__malloc_unlock
                0x00000000080096a4        0xc /Applications/STM32CubeIDE.app/Contents/Eclipse/plugins/com.st.stm32cube.ide.mcu.externaltools.gnu-tools-for-stm32.11.3.rel1.macos64_1.1.100.202310310803/tools/bin/../lib/gcc/arm-none-eabi/11.3.1/../../../../arm-none-eabi/lib/thumb/v7e-m+fp/hard/libc_nano.a(libc_a-mlock.o)
                0x00000000080096a4                __malloc_unlock
 .text.__sread  0x00000000080096b0       0x22 /Applications/STM32CubeIDE.app/Contents/Eclipse/plugins/com.st.stm32cube.ide.mcu.externaltools.gnu-tools-for-stm32.11.3.rel1.macos64_1.1.100.202310310803/tools/bin/../lib/gcc/arm-none-eabi/11.3.1/../../../../arm-none-eabi/lib/thumb/v7e-m+fp/hard/libc_nano.a(libc_a-stdio.o)
                0x00000000080096b0                __sread
 .text.__swrite
                0x00000000080096d2       0x38 /Applications/STM32CubeIDE.app/Contents/Eclipse/plugins/com.st.stm32cube.ide.mcu.externaltools.gnu-tools-for-stm32.11.3.rel1.macos64_1.1.100.202310310803/tools/bin/../lib/gcc/arm-none-eabi/11.3.1/../../../../arm-none-eabi/lib/thumb/v7e-m+fp/hard/libc_nano.a(libc_a-stdio.o)
                0x00000000080096d2                __swrite
 .text.__sseek  0x000000000800970a       0x24 /Applications/STM32CubeIDE.app/Contents/Eclipse/plugins/com.st.stm32cube.ide.mcu.externaltools.gnu-tools-for-stm32.11.3.rel1.macos64_1.1.100.202310310803/tools/bin/../lib/gcc/arm-none-eabi/11.3.1/../../../../arm-none-eabi/lib/thumb/v7e-m+fp/hard/libc_nano.a(libc_a-stdio.o)
                0x000000000800970a                __sseek
 .text.__sclose
                0x000000000800972e        0x8 /Applications/STM32CubeIDE.app/Contents/Eclipse/plugins/com.st.stm32cube.ide.mcu.externaltools.gnu-tools-for-stm32.11.3.rel1.macos64_1.1.100.202310310803/tools/bin/../lib/gcc/arm-none-eabi/11.3.1/../../../../arm-none-eabi/lib/thumb/v7e-m+fp/hard/libc_nano.a(libc_a-stdio.o)
                0x000000000800972e                __sclose
 .text.__swbuf_r
                0x0000000008009736       0x7a /Applications/STM32CubeIDE.app/Contents/Eclipse/plugins/com.st.stm32cube.ide.mcu.externaltools.gnu-tools-for-stm32.11.3.rel1.macos64_1.1.100.202310310803/tools/bin/../lib/gcc/arm-none-eabi/11.3.1/../../../../arm-none-eabi/lib/thumb/v7e-m+fp/hard/libc_nano.a(libc_a-wbuf.o)
                0x0000000008009736                __swbuf_r
 .text.__swsetup_r
                0x00000000080097b0       0xb0 /Applications/STM32CubeIDE.app/Contents/Eclipse/plugins/com.st.stm32cube.ide.mcu.externaltools.gnu-tools-for-stm32.11.3.rel1.macos64_1.1.100.202310310803/tools/bin/../lib/gcc/arm-none-eabi/11.3.1/../../../../arm-none-eabi/lib/thumb/v7e-m+fp/hard/libc_nano.a(libc_a-wsetup.o)
                0x00000000080097b0                __swsetup_r
 .text.__swhatbuf_r
                0x0000000008009860       0x4c /Applications/STM32CubeIDE.app/Contents/Eclipse/plugins/com.st.stm32cube.ide.mcu.externaltools.gnu-tools-for-stm32.11.3.rel1.macos64_1.1.100.202310310803/tools/bin/../lib/gcc/arm-none-eabi/11.3.1/../../../../arm-none-eabi/lib/thumb/v7e-m+fp/hard/libc_nano.a(libc_a-makebuf.o)
                0x0000000008009860                __swhatbuf_r
 .text.__smakebuf_r
                0x00000000080098ac       0x78 /Applications/STM32CubeIDE.app/Contents/Eclipse/plugins/com.st.stm32cube.ide.mcu.externaltools.gnu-tools-for-stm32.11.3.rel1.macos64_1.1.100.202310310803/tools/bin/../lib/gcc/arm-none-eabi/11.3.1/../../../../arm-none-eabi/lib/thumb/v7e-m+fp/hard/libc_nano.a(libc_a-makebuf.o)
                0x00000000080098ac                __smakebuf_r
 .text._close_r
                0x0000000008009924       0x20 /Applications/STM32CubeIDE.app/Contents/Eclipse/plugins/com.st.stm32cube.ide.mcu.externaltools.gnu-tools-for-stm32.11.3.rel1.macos64_1.1.100.202310310803/tools/bin/../lib/gcc/arm-none-eabi/11.3.1/../../../../arm-none-eabi/lib/thumb/v7e-m+fp/hard/libc_nano.a(libc_a-closer.o)
                0x0000000008009924                _close_r
 .text._fstat_r
                0x0000000008009944       0x24 /Applications/STM32CubeIDE.app/Contents/Eclipse/plugins/com.st.stm32cube.ide.mcu.externaltools.gnu-tools-for-stm32.11.3.rel1.macos64_1.1.100.202310310803/tools/bin/../lib/gcc/arm-none-eabi/11.3.1/../../../../arm-none-eabi/lib/thumb/v7e-m+fp/hard/libc_nano.a(libc_a-fstatr.o)
                0x0000000008009944                _fstat_r
 .text._isatty_r
                0x0000000008009968       0x20 /Applications/STM32CubeIDE.app/Contents/Eclipse/plugins/com.st.stm32cube.ide.mcu.externaltools.gnu-tools-for-stm32.11.3.rel1.macos64_1.1.100.202310310803/tools/bin/../lib/gcc/arm-none-eabi/11.3.1/../../../../arm-none-eabi/lib/thumb/v7e-m+fp/hard/libc_nano.a(libc_a-isattyr.o)
                0x0000000008009968                _isatty_r
 .text._lseek_r
                0x0000000008009988       0x24 /Applications/STM32CubeIDE.app/Contents/Eclipse/plugins/com.st.stm32cube.ide.mcu.externaltools.gnu-tools-for-stm32.11.3.rel1.macos64_1.1.100.202310310803/tools/bin/../lib/gcc/arm-none-eabi/11.3.1/../../../../arm-none-eabi/lib/thumb/v7e-m+fp/hard/libc_nano.a(libc_a-lseekr.o)
                0x0000000008009988                _lseek_r
 .text._read_r  0x00000000080099ac       0x24 /Applications/STM32CubeIDE.app/Contents/Eclipse/plugins/com.st.stm32cube.ide.mcu.externaltools.gnu-tools-for-stm32.11.3.rel1.macos64_1.1.100.202310310803/tools/bin/../lib/gcc/arm-none-eabi/11.3.1/../../../../arm-none-eabi/lib/thumb/v7e-m+fp/hard/libc_nano.a(libc_a-readr.o)
                0x00000000080099ac                _read_r
 .text._sbrk_r  0x00000000080099d0       0x20 /Applications/STM32CubeIDE.app/Contents/Eclipse/plugins/com.st.stm32cube.ide.mcu.externaltools.gnu-tools-for-stm32.11.3.rel1.macos64_1.1.100.202310310803/tools/bin/../lib/gcc/arm-none-eabi/11.3.1/../../../../arm-none-eabi/lib/thumb/v7e-m+fp/hard/libc_nano.a(libc_a-sbrkr.o)
                0x00000000080099d0                _sbrk_r
 .text._write_r
                0x00000000080099f0       0x24 /Applications/STM32CubeIDE.app/Contents/Eclipse/plugins/com.st.stm32cube.ide.mcu.externaltools.gnu-tools-for-stm32.11.3.rel1.macos64_1.1.100.202310310803/tools/bin/../lib/gcc/arm-none-eabi/11.3.1/../../../../arm-none-eabi/lib/thumb/v7e-m+fp/hard/libc_nano.a(libc_a-writer.o)
                0x00000000080099f0                _write_r
 .text._free_r  0x0000000008009a14       0x98 /Applications/STM32CubeIDE.app/Contents/Eclipse/plugins/com.st.stm32cube.ide.mcu.externaltools.gnu-tools-for-stm32.11.3.rel1.macos64_1.1.100.202310310803/tools/bin/../lib/gcc/arm-none-eabi/11.3.1/../../../../arm-none-eabi/lib/thumb/v7e-m+fp/hard/libc_nano.a(libc_a-freer.o)
                0x0000000008009a14                _free_r
 *(.glue_7)
 .glue_7        0x0000000008009aac        0x0 linker stubs
 *(.glue_7t)
 .glue_7t       0x0000000008009aac        0x0 linker stubs
 *(.eh_frame)
 .eh_frame      0x0000000008009aac        0x0 /Applications/STM32CubeIDE.app/Contents/Eclipse/plugins/com.st.stm32cube.ide.mcu.externaltools.gnu-tools-for-stm32.11.3.rel1.macos64_1.1.100.202310310803/tools/bin/../lib/gcc/arm-none-eabi/11.3.1/thumb/v7e-m+fp/hard/crtbegin.o
 *(.init)
 .init          0x0000000008009aac        0x4 /Applications/STM32CubeIDE.app/Contents/Eclipse/plugins/com.st.stm32cube.ide.mcu.externaltools.gnu-tools-for-stm32.11.3.rel1.macos64_1.1.100.202310310803/tools/bin/../lib/gcc/arm-none-eabi/11.3.1/thumb/v7e-m+fp/hard/crti.o
                0x0000000008009aac                _init
 .init          0x0000000008009ab0        0x8 /Applications/STM32CubeIDE.app/Contents/Eclipse/plugins/com.st.stm32cube.ide.mcu.externaltools.gnu-tools-for-stm32.11.3.rel1.macos64_1.1.100.202310310803/tools/bin/../lib/gcc/arm-none-eabi/11.3.1/thumb/v7e-m+fp/hard/crtn.o
 *(.fini)
 .fini          0x0000000008009ab8        0x4 /Applications/STM32CubeIDE.app/Contents/Eclipse/plugins/com.st.stm32cube.ide.mcu.externaltools.gnu-tools-for-stm32.11.3.rel1.macos64_1.1.100.202310310803/tools/bin/../lib/gcc/arm-none-eabi/11.3.1/thumb/v7e-m+fp/hard/crti.o
                0x0000000008009ab8                _fini
 .fini          0x0000000008009abc        0x8 /Applications/STM32CubeIDE.app/Contents/Eclipse/plugins/com.st.stm32cube.ide.mcu.externaltools.gnu-tools-for-stm32.11.3.rel1.macos64_1.1.100.202310310803/tools/bin/../lib/gcc/arm-none-eabi/11.3.1/thumb/v7e-m+fp/hard/crtn.o
                0x0000000008009ac4                . = ALIGN (0x4)
                0x0000000008009ac4                _etext = .

.vfp11_veneer   0x0000000008009ac4        0x0
 .vfp11_veneer  0x0000000008009ac4        0x0 linker stubs

.v4_bx          0x0000000008009ac4        0x0
 .v4_bx         0x0000000008009ac4        0x0 linker stubs

.iplt           0x0000000008009ac4        0x0
 .iplt          0x0000000008009ac4        0x0 /Applications/STM32CubeIDE.app/Contents/Eclipse/plugins/com.st.stm32cube.ide.mcu.externaltools.gnu-tools-for-stm32.11.3.rel1.macos64_1.1.100.202310310803/tools/bin/../lib/gcc/arm-none-eabi/11.3.1/thumb/v7e-m+fp/hard/crtbegin.o

.rodata         0x0000000008009ac4      0x640
                0x0000000008009ac4                . = ALIGN (0x4)
 *(.rodata)
 .rodata        0x0000000008009ac4      0x15a ./Core/Src/main.o
 *(.rodata*)
 *fill*         0x0000000008009c1e        0x2 
 .rodata.AHBPrescTable
                0x0000000008009c20       0x10 ./Core/Src/system_stm32l4xx.o
                0x0000000008009c20                AHBPrescTable
 .rodata.APBPrescTable
                0x0000000008009c30        0x8 ./Core/Src/system_stm32l4xx.o
                0x0000000008009c30                APBPrescTable
 .rodata.MSIRangeTable
                0x0000000008009c38       0x30 ./Core/Src/system_stm32l4xx.o
                0x0000000008009c38                MSIRangeTable
 .rodata.CSWTCH.53
                0x0000000008009c68        0x3 ./Drivers/STM32L4xx_HAL_Driver/Src/stm32l4xx_hal_uart.o
 *fill*         0x0000000008009c6b        0x1 
 .rodata.CSWTCH.54
                0x0000000008009c6c        0xd ./Drivers/STM32L4xx_HAL_Driver/Src/stm32l4xx_hal_uart.o
 *fill*         0x0000000008009c79        0x3 
 .rodata.follow_path.str1.4
                0x0000000008009c7c       0x13 ./Middlewares/Third_Party/FatFs/src/ff.o
 *fill*         0x0000000008009c8f        0x1 
 .rodata.ExCvt  0x0000000008009c90       0x80 ./Middlewares/Third_Party/FatFs/src/ff.o
 .rodata.LfnOfs
                0x0000000008009d10        0xd ./Middlewares/Third_Party/FatFs/src/ff.o
 *fill*         0x0000000008009d1d        0x3 
 .rodata.Tbl    0x0000000008009d20      0x100 ./Middlewares/Third_Party/FatFs/src/option/ccsbcs.o
 .rodata.cvt1.1
                0x0000000008009e20      0x1f2 ./Middlewares/Third_Party/FatFs/src/option/ccsbcs.o
 *fill*         0x000000000800a012        0x2 
 .rodata.cvt2.0
                0x000000000800a014       0xbc ./Middlewares/Third_Party/FatFs/src/option/ccsbcs.o
 .rodata._vfprintf_r.str1.1
                0x000000000800a0d0       0x11 /Applications/STM32CubeIDE.app/Contents/Eclipse/plugins/com.st.stm32cube.ide.mcu.externaltools.gnu-tools-for-stm32.11.3.rel1.macos64_1.1.100.202310310803/tools/bin/../lib/gcc/arm-none-eabi/11.3.1/../../../../arm-none-eabi/lib/thumb/v7e-m+fp/hard/libc_nano.a(libc_a-nano-vfprintf.o)
 .rodata._printf_i.str1.1
                0x000000000800a0e1       0x22 /Applications/STM32CubeIDE.app/Contents/Eclipse/plugins/com.st.stm32cube.ide.mcu.externaltools.gnu-tools-for-stm32.11.3.rel1.macos64_1.1.100.202310310803/tools/bin/../lib/gcc/arm-none-eabi/11.3.1/../../../../arm-none-eabi/lib/thumb/v7e-m+fp/hard/libc_nano.a(libc_a-nano-vfprintf_i.o)
                0x000000000800a104                . = ALIGN (0x4)
 *fill*         0x000000000800a103        0x1 

.ARM.extab      0x000000000800a104        0x0
                0x000000000800a104                . = ALIGN (0x4)
 *(.ARM.extab* .gnu.linkonce.armextab.*)
                0x000000000800a104                . = ALIGN (0x4)

.ARM            0x000000000800a104        0x8
                0x000000000800a104                . = ALIGN (0x4)
                0x000000000800a104                __exidx_start = .
 *(.ARM.exidx*)
 .ARM.exidx     0x000000000800a104        0x8 /Applications/STM32CubeIDE.app/Contents/Eclipse/plugins/com.st.stm32cube.ide.mcu.externaltools.gnu-tools-for-stm32.11.3.rel1.macos64_1.1.100.202310310803/tools/bin/../lib/gcc/arm-none-eabi/11.3.1/thumb/v7e-m+fp/hard/libgcc.a(_udivmoddi4.o)
                0x000000000800a10c                __exidx_end = .
                0x000000000800a10c                . = ALIGN (0x4)

.rel.dyn        0x000000000800a10c        0x0
 .rel.iplt      0x000000000800a10c        0x0 /Applications/STM32CubeIDE.app/Contents/Eclipse/plugins/com.st.stm32cube.ide.mcu.externaltools.gnu-tools-for-stm32.11.3.rel1.macos64_1.1.100.202310310803/tools/bin/../lib/gcc/arm-none-eabi/11.3.1/thumb/v7e-m+fp/hard/crtbegin.o

.preinit_array  0x000000000800a10c        0x0
                0x000000000800a10c                . = ALIGN (0x4)
                0x000000000800a10c                PROVIDE (__preinit_array_start = .)
 *(.preinit_array*)
                0x000000000800a10c                PROVIDE (__preinit_array_end = .)
                0x000000000800a10c                . = ALIGN (0x4)

.init_array     0x000000000800a10c        0x4
                0x000000000800a10c                . = ALIGN (0x4)
                0x000000000800a10c                PROVIDE (__init_array_start = .)
 *(SORT_BY_NAME(.init_array.*))
 *(.init_array*)
 .init_array    0x000000000800a10c        0x4 /Applications/STM32CubeIDE.app/Contents/Eclipse/plugins/com.st.stm32cube.ide.mcu.externaltools.gnu-tools-for-stm32.11.3.rel1.macos64_1.1.100.202310310803/tools/bin/../lib/gcc/arm-none-eabi/11.3.1/thumb/v7e-m+fp/hard/crtbegin.o
                0x000000000800a110                PROVIDE (__init_array_end = .)
                0x000000000800a110                . = ALIGN (0x4)

.fini_array     0x000000000800a110        0x4
                0x000000000800a110                . = ALIGN (0x4)
                [!provide]                        PROVIDE (__fini_array_start = .)
 *(SORT_BY_NAME(.fini_array.*))
 *(.fini_array*)
 .fini_array    0x000000000800a110        0x4 /Applications/STM32CubeIDE.app/Contents/Eclipse/plugins/com.st.stm32cube.ide.mcu.externaltools.gnu-tools-for-stm32.11.3.rel1.macos64_1.1.100.202310310803/tools/bin/../lib/gcc/arm-none-eabi/11.3.1/thumb/v7e-m+fp/hard/crtbegin.o
                [!provide]                        PROVIDE (__fini_array_end = .)
                0x000000000800a114                . = ALIGN (0x4)
                0x000000000800a114                _sidata = LOADADDR (.data)

.data           0x0000000020000000       0x94 load address 0x000000000800a114
                0x0000000020000000                . = ALIGN (0x4)
                0x0000000020000000                _sdata = .
 *(.data)
 *(.data*)
 .data.samples_played
                0x0000000020000000        0x4 ./Core/Src/main.o
                0x0000000020000000                samples_played
 .data.recordingPath
                0x0000000020000004        0x4 ./Core/Src/main.o
                0x0000000020000004                recordingPath
 .data.bytes_to_read
                0x0000000020000008        0x4 ./Core/Src/main.o
                0x0000000020000008                bytes_to_read
 .data.buttonReady
                0x000000002000000c        0x4 ./Core/Src/stm32l4xx_it.o
                0x000000002000000c                buttonReady
 .data.sample_position
                0x0000000020000010        0x4 ./Core/Src/stm32l4xx_it.o
                0x0000000020000010                sample_position
 .data.SystemCoreClock
                0x0000000020000014        0x4 ./Core/Src/system_stm32l4xx.o
                0x0000000020000014                SystemCoreClock
 .data.uwTickFreq
                0x0000000020000018        0x1 ./Drivers/STM32L4xx_HAL_Driver/Src/stm32l4xx_hal.o
                0x0000000020000018                uwTickFreq
 *fill*         0x0000000020000019        0x3 
 .data.uwTickPrio
                0x000000002000001c        0x4 ./Drivers/STM32L4xx_HAL_Driver/Src/stm32l4xx_hal.o
                0x000000002000001c                uwTickPrio
 .data.Stat     0x0000000020000020        0x1 ./FATFS/Target/fatfs_sd_card.o
 *fill*         0x0000000020000021        0x3 
 .data.USER_Driver
                0x0000000020000024       0x14 ./FATFS/Target/user_diskio.o
                0x0000000020000024                USER_Driver
 .data.__sglue  0x0000000020000038        0xc /Applications/STM32CubeIDE.app/Contents/Eclipse/plugins/com.st.stm32cube.ide.mcu.externaltools.gnu-tools-for-stm32.11.3.rel1.macos64_1.1.100.202310310803/tools/bin/../lib/gcc/arm-none-eabi/11.3.1/../../../../arm-none-eabi/lib/thumb/v7e-m+fp/hard/libc_nano.a(libc_a-findfp.o)
                0x0000000020000038                __sglue
 .data._impure_data
                0x0000000020000044       0x4c /Applications/STM32CubeIDE.app/Contents/Eclipse/plugins/com.st.stm32cube.ide.mcu.externaltools.gnu-tools-for-stm32.11.3.rel1.macos64_1.1.100.202310310803/tools/bin/../lib/gcc/arm-none-eabi/11.3.1/../../../../arm-none-eabi/lib/thumb/v7e-m+fp/hard/libc_nano.a(libc_a-impure.o)
                0x0000000020000044                _impure_data
 .data._impure_ptr
                0x0000000020000090        0x4 /Applications/STM32CubeIDE.app/Contents/Eclipse/plugins/com.st.stm32cube.ide.mcu.externaltools.gnu-tools-for-stm32.11.3.rel1.macos64_1.1.100.202310310803/tools/bin/../lib/gcc/arm-none-eabi/11.3.1/../../../../arm-none-eabi/lib/thumb/v7e-m+fp/hard/libc_nano.a(libc_a-impure.o)
                0x0000000020000090                _impure_ptr
 *(.RamFunc)
 *(.RamFunc*)
                0x0000000020000094                . = ALIGN (0x4)
                0x0000000020000094                _edata = .

.igot.plt       0x0000000020000094        0x0 load address 0x000000000800a1a8
 .igot.plt      0x0000000020000094        0x0 /Applications/STM32CubeIDE.app/Contents/Eclipse/plugins/com.st.stm32cube.ide.mcu.externaltools.gnu-tools-for-stm32.11.3.rel1.macos64_1.1.100.202310310803/tools/bin/../lib/gcc/arm-none-eabi/11.3.1/thumb/v7e-m+fp/hard/crtbegin.o
                0x0000000020000094                . = ALIGN (0x4)

.bss            0x0000000020000094     0x47cc load address 0x000000000800a1a8
                0x0000000020000094                _sbss = .
                0x0000000020000094                __bss_start__ = _sbss
 *(.bss)
 .bss           0x0000000020000094       0x1c /Applications/STM32CubeIDE.app/Contents/Eclipse/plugins/com.st.stm32cube.ide.mcu.externaltools.gnu-tools-for-stm32.11.3.rel1.macos64_1.1.100.202310310803/tools/bin/../lib/gcc/arm-none-eabi/11.3.1/thumb/v7e-m+fp/hard/crtbegin.o
 *(.bss*)
 .bss.hdac1     0x00000000200000b0       0x14 ./Core/Src/main.o
                0x00000000200000b0                hdac1
 .bss.hdfsdm1_filter1
                0x00000000200000c4       0x54 ./Core/Src/main.o
                0x00000000200000c4                hdfsdm1_filter1
 .bss.hdfsdm1_channel0
                0x0000000020000118       0x38 ./Core/Src/main.o
                0x0000000020000118                hdfsdm1_channel0
 .bss.hdma_dfsdm1_flt1
                0x0000000020000150       0x48 ./Core/Src/main.o
                0x0000000020000150                hdma_dfsdm1_flt1
 .bss.hspi2     0x0000000020000198       0x64 ./Core/Src/main.o
                0x0000000020000198                hspi2
 .bss.htim3     0x00000000200001fc       0x4c ./Core/Src/main.o
                0x00000000200001fc                htim3
 .bss.huart4    0x0000000020000248       0x88 ./Core/Src/main.o
                0x0000000020000248                huart4
 .bss.huart1    0x00000000200002d0       0x88 ./Core/Src/main.o
                0x00000000200002d0                huart1
 .bss.huart2    0x0000000020000358       0x88 ./Core/Src/main.o
                0x0000000020000358                huart2
 .bss.huart3    0x00000000200003e0       0x88 ./Core/Src/main.o
                0x00000000200003e0                huart3
 .bss.recording_audio
                0x0000000020000468        0x4 ./Core/Src/main.o
                0x0000000020000468                recording_audio
 .bss.recording
                0x000000002000046c       0x14 ./Core/Src/main.o
                0x000000002000046c                recording
 .bss.dfsdm_buffer
                0x0000000020000480      0xfa0 ./Core/Src/main.o
                0x0000000020000480                dfsdm_buffer
 .bss.mic_transfer_complete
                0x0000000020001420        0x4 ./Core/Src/main.o
                0x0000000020001420                mic_transfer_complete
 .bss.mic_half_transfer
                0x0000000020001424        0x4 ./Core/Src/main.o
                0x0000000020001424                mic_half_transfer
 .bss.transfer_position
                0x0000000020001428        0x4 ./Core/Src/main.o
                0x0000000020001428                transfer_position
 .bss.audio_playing
                0x000000002000142c        0x4 ./Core/Src/main.o
                0x000000002000142c                audio_playing
 .bss.audio_position
                0x0000000020001430        0x4 ./Core/Src/main.o
                0x0000000020001430                audio_position
 .bss.song_length
                0x0000000020001434        0x4 ./Core/Src/main.o
                0x0000000020001434                song_length
 .bss.song_length_total
                0x0000000020001438        0x4 ./Core/Src/main.o
                0x0000000020001438                song_length_total
 .bss.buffer_half
                0x000000002000143c        0x4 ./Core/Src/main.o
                0x000000002000143c                buffer_half
 .bss.buffer_complete
                0x0000000020001440        0x4 ./Core/Src/main.o
                0x0000000020001440                buffer_complete
 .bss.playback_buffer
                0x0000000020001444      0xfa0 ./Core/Src/main.o
                0x0000000020001444                playback_buffer
 .bss.bytesRead
                0x00000000200023e4        0x4 ./Core/Src/main.o
                0x00000000200023e4                bytesRead
 .bss.FatFs     0x00000000200023e8     0x1038 ./Core/Src/main.o
                0x00000000200023e8                FatFs
 .bss.fres      0x0000000020003420        0x1 ./Core/Src/main.o
                0x0000000020003420                fres
 *fill*         0x0000000020003421        0x3 
 .bss.file      0x0000000020003424     0x1030 ./Core/Src/main.o
                0x0000000020003424                file
 .bss.totalSpace
                0x0000000020004454        0x4 ./Core/Src/main.o
                0x0000000020004454                totalSpace
 .bss.freeSpace
                0x0000000020004458        0x4 ./Core/Src/main.o
                0x0000000020004458                freeSpace
 .bss.data      0x000000002000445c       0x40 ./Core/Src/main.o
                0x000000002000445c                data
 .bss.DFSDM1_Init
                0x000000002000449c        0x4 ./Core/Src/stm32l4xx_hal_msp.o
 .bss.HAL_RCC_DFSDM1_CLK_ENABLED
                0x00000000200044a0        0x4 ./Core/Src/stm32l4xx_hal_msp.o
 .bss.newSample
                0x00000000200044a4        0x2 ./Core/Src/stm32l4xx_it.o
                0x00000000200044a4                newSample
 *fill*         0x00000000200044a6        0x2 
 .bss.__sbrk_heap_end
                0x00000000200044a8        0x4 ./Core/Src/sysmem.o
 .bss.uwTick    0x00000000200044ac        0x4 ./Drivers/STM32L4xx_HAL_Driver/Src/stm32l4xx_hal.o
                0x00000000200044ac                uwTick
 .bss.a_dfsdm1ChannelHandle
                0x00000000200044b0       0x20 ./Drivers/STM32L4xx_HAL_Driver/Src/stm32l4xx_hal_dfsdm.o
 .bss.v_dfsdm1ChannelCounter
                0x00000000200044d0        0x4 ./Drivers/STM32L4xx_HAL_Driver/Src/stm32l4xx_hal_dfsdm.o
 .bss.USERPath  0x00000000200044d4        0x4 ./FATFS/App/fatfs.o
                0x00000000200044d4                USERPath
 .bss.retUSER   0x00000000200044d8        0x1 ./FATFS/App/fatfs.o
                0x00000000200044d8                retUSER
 .bss.CardType  0x00000000200044d9        0x1 ./FATFS/Target/fatfs_sd_card.o
 .bss.PowerFlag
                0x00000000200044da        0x1 ./FATFS/Target/fatfs_sd_card.o
 *fill*         0x00000000200044db        0x1 
 .bss.Timer1    0x00000000200044dc        0x2 ./FATFS/Target/fatfs_sd_card.o
                0x00000000200044dc                Timer1
 .bss.Timer2    0x00000000200044de        0x2 ./FATFS/Target/fatfs_sd_card.o
                0x00000000200044de                Timer2
 .bss.FatFs     0x00000000200044e0        0x4 ./Middlewares/Third_Party/FatFs/src/ff.o
 .bss.Files     0x00000000200044e4       0x20 ./Middlewares/Third_Party/FatFs/src/ff.o
 .bss.Fsid      0x0000000020004504        0x2 ./Middlewares/Third_Party/FatFs/src/ff.o
 *fill*         0x0000000020004506        0x2 
 .bss.LfnBuf    0x0000000020004508      0x200 ./Middlewares/Third_Party/FatFs/src/ff.o
 .bss.disk      0x0000000020004708        0xc ./Middlewares/Third_Party/FatFs/src/ff_gen_drv.o
                0x0000000020004708                disk
 .bss.__sf      0x0000000020004714      0x138 /Applications/STM32CubeIDE.app/Contents/Eclipse/plugins/com.st.stm32cube.ide.mcu.externaltools.gnu-tools-for-stm32.11.3.rel1.macos64_1.1.100.202310310803/tools/bin/../lib/gcc/arm-none-eabi/11.3.1/../../../../arm-none-eabi/lib/thumb/v7e-m+fp/hard/libc_nano.a(libc_a-findfp.o)
                0x0000000020004714                __sf
 .bss.__stdio_exit_handler
                0x000000002000484c        0x4 /Applications/STM32CubeIDE.app/Contents/Eclipse/plugins/com.st.stm32cube.ide.mcu.externaltools.gnu-tools-for-stm32.11.3.rel1.macos64_1.1.100.202310310803/tools/bin/../lib/gcc/arm-none-eabi/11.3.1/../../../../arm-none-eabi/lib/thumb/v7e-m+fp/hard/libc_nano.a(libc_a-findfp.o)
                0x000000002000484c                __stdio_exit_handler
 .bss.__lock___malloc_recursive_mutex
                0x0000000020004850        0x1 /Applications/STM32CubeIDE.app/Contents/Eclipse/plugins/com.st.stm32cube.ide.mcu.externaltools.gnu-tools-for-stm32.11.3.rel1.macos64_1.1.100.202310310803/tools/bin/../lib/gcc/arm-none-eabi/11.3.1/../../../../arm-none-eabi/lib/thumb/v7e-m+fp/hard/libc_nano.a(libc_a-lock.o)
                0x0000000020004850                __lock___malloc_recursive_mutex
 .bss.__lock___sfp_recursive_mutex
                0x0000000020004851        0x1 /Applications/STM32CubeIDE.app/Contents/Eclipse/plugins/com.st.stm32cube.ide.mcu.externaltools.gnu-tools-for-stm32.11.3.rel1.macos64_1.1.100.202310310803/tools/bin/../lib/gcc/arm-none-eabi/11.3.1/../../../../arm-none-eabi/lib/thumb/v7e-m+fp/hard/libc_nano.a(libc_a-lock.o)
                0x0000000020004851                __lock___sfp_recursive_mutex
 *fill*         0x0000000020004852        0x2 
 .bss.__malloc_free_list
                0x0000000020004854        0x4 /Applications/STM32CubeIDE.app/Contents/Eclipse/plugins/com.st.stm32cube.ide.mcu.externaltools.gnu-tools-for-stm32.11.3.rel1.macos64_1.1.100.202310310803/tools/bin/../lib/gcc/arm-none-eabi/11.3.1/../../../../arm-none-eabi/lib/thumb/v7e-m+fp/hard/libc_nano.a(libc_a-mallocr.o)
                0x0000000020004854                __malloc_free_list
 .bss.__malloc_sbrk_start
                0x0000000020004858        0x4 /Applications/STM32CubeIDE.app/Contents/Eclipse/plugins/com.st.stm32cube.ide.mcu.externaltools.gnu-tools-for-stm32.11.3.rel1.macos64_1.1.100.202310310803/tools/bin/../lib/gcc/arm-none-eabi/11.3.1/../../../../arm-none-eabi/lib/thumb/v7e-m+fp/hard/libc_nano.a(libc_a-mallocr.o)
                0x0000000020004858                __malloc_sbrk_start
 .bss.errno     0x000000002000485c        0x4 /Applications/STM32CubeIDE.app/Contents/Eclipse/plugins/com.st.stm32cube.ide.mcu.externaltools.gnu-tools-for-stm32.11.3.rel1.macos64_1.1.100.202310310803/tools/bin/../lib/gcc/arm-none-eabi/11.3.1/../../../../arm-none-eabi/lib/thumb/v7e-m+fp/hard/libc_nano.a(libc_a-reent.o)
                0x000000002000485c                errno
 *(COMMON)
                0x0000000020004860                . = ALIGN (0x4)
                0x0000000020004860                _ebss = .
                0x0000000020004860                __bss_end__ = _ebss

._user_heap_stack
                0x0000000020004860     0x5200 load address 0x000000000800a1a8
                0x0000000020004860                . = ALIGN (0x8)
                [!provide]                        PROVIDE (end = .)
                0x0000000020004860                PROVIDE (_end = .)
                0x0000000020004a60                . = (. + _Min_Heap_Size)
 *fill*         0x0000000020004860      0x200 
                0x0000000020009a60                . = (. + _Min_Stack_Size)
 *fill*         0x0000000020004a60     0x5000 
                0x0000000020009a60                . = ALIGN (0x8)

/DISCARD/
 libc.a(*)
 libm.a(*)
 libgcc.a(*)

.ARM.attributes
                0x0000000000000000       0x30
 *(.ARM.attributes)
 .ARM.attributes
                0x0000000000000000       0x1e /Applications/STM32CubeIDE.app/Contents/Eclipse/plugins/com.st.stm32cube.ide.mcu.externaltools.gnu-tools-for-stm32.11.3.rel1.macos64_1.1.100.202310310803/tools/bin/../lib/gcc/arm-none-eabi/11.3.1/thumb/v7e-m+fp/hard/crti.o
 .ARM.attributes
                0x000000000000001e       0x34 /Applications/STM32CubeIDE.app/Contents/Eclipse/plugins/com.st.stm32cube.ide.mcu.externaltools.gnu-tools-for-stm32.11.3.rel1.macos64_1.1.100.202310310803/tools/bin/../lib/gcc/arm-none-eabi/11.3.1/thumb/v7e-m+fp/hard/crtbegin.o
 .ARM.attributes
                0x0000000000000052       0x34 ./Core/Src/main.o
 .ARM.attributes
                0x0000000000000086       0x30 ./Core/Src/stm32l4xx_hal_msp.o
 .ARM.attributes
                0x00000000000000b6       0x30 ./Core/Src/stm32l4xx_it.o
 .ARM.attributes
                0x00000000000000e6       0x30 ./Core/Src/syscalls.o
 .ARM.attributes
                0x0000000000000116       0x30 ./Core/Src/sysmem.o
 .ARM.attributes
                0x0000000000000146       0x30 ./Core/Src/system_stm32l4xx.o
 .ARM.attributes
                0x0000000000000176       0x21 ./Core/Startup/startup_stm32l476rgtx.o
 .ARM.attributes
                0x0000000000000197       0x30 ./Drivers/STM32L4xx_HAL_Driver/Src/stm32l4xx_hal.o
 .ARM.attributes
                0x00000000000001c7       0x30 ./Drivers/STM32L4xx_HAL_Driver/Src/stm32l4xx_hal_cortex.o
 .ARM.attributes
                0x00000000000001f7       0x30 ./Drivers/STM32L4xx_HAL_Driver/Src/stm32l4xx_hal_dac.o
 .ARM.attributes
                0x0000000000000227       0x30 ./Drivers/STM32L4xx_HAL_Driver/Src/stm32l4xx_hal_dac_ex.o
 .ARM.attributes
                0x0000000000000257       0x30 ./Drivers/STM32L4xx_HAL_Driver/Src/stm32l4xx_hal_dfsdm.o
 .ARM.attributes
                0x0000000000000287       0x30 ./Drivers/STM32L4xx_HAL_Driver/Src/stm32l4xx_hal_dma.o
 .ARM.attributes
                0x00000000000002b7       0x30 ./Drivers/STM32L4xx_HAL_Driver/Src/stm32l4xx_hal_gpio.o
 .ARM.attributes
                0x00000000000002e7       0x30 ./Drivers/STM32L4xx_HAL_Driver/Src/stm32l4xx_hal_pwr_ex.o
 .ARM.attributes
                0x0000000000000317       0x30 ./Drivers/STM32L4xx_HAL_Driver/Src/stm32l4xx_hal_rcc.o
 .ARM.attributes
                0x0000000000000347       0x30 ./Drivers/STM32L4xx_HAL_Driver/Src/stm32l4xx_hal_rcc_ex.o
 .ARM.attributes
                0x0000000000000377       0x30 ./Drivers/STM32L4xx_HAL_Driver/Src/stm32l4xx_hal_spi.o
 .ARM.attributes
                0x00000000000003a7       0x30 ./Drivers/STM32L4xx_HAL_Driver/Src/stm32l4xx_hal_tim.o
 .ARM.attributes
                0x00000000000003d7       0x30 ./Drivers/STM32L4xx_HAL_Driver/Src/stm32l4xx_hal_tim_ex.o
 .ARM.attributes
                0x0000000000000407       0x30 ./Drivers/STM32L4xx_HAL_Driver/Src/stm32l4xx_hal_uart.o
 .ARM.attributes
                0x0000000000000437       0x30 ./Drivers/STM32L4xx_HAL_Driver/Src/stm32l4xx_hal_uart_ex.o
 .ARM.attributes
                0x0000000000000467       0x30 ./Drivers/STM32L4xx_HAL_Driver/Src/stm32l4xx_ll_tim.o
 .ARM.attributes
                0x0000000000000497       0x30 ./FATFS/App/fatfs.o
 .ARM.attributes
                0x00000000000004c7       0x30 ./FATFS/Target/fatfs_sd_card.o
 .ARM.attributes
                0x00000000000004f7       0x30 ./FATFS/Target/user_diskio.o
 .ARM.attributes
                0x0000000000000527       0x30 ./Middlewares/Third_Party/FatFs/src/diskio.o
 .ARM.attributes
                0x0000000000000557       0x30 ./Middlewares/Third_Party/FatFs/src/ff.o
 .ARM.attributes
                0x0000000000000587       0x30 ./Middlewares/Third_Party/FatFs/src/ff_gen_drv.o
 .ARM.attributes
                0x00000000000005b7       0x30 ./Middlewares/Third_Party/FatFs/src/option/ccsbcs.o
 .ARM.attributes
                0x00000000000005e7       0x34 /Applications/STM32CubeIDE.app/Contents/Eclipse/plugins/com.st.stm32cube.ide.mcu.externaltools.gnu-tools-for-stm32.11.3.rel1.macos64_1.1.100.202310310803/tools/bin/../lib/gcc/arm-none-eabi/11.3.1/../../../../arm-none-eabi/lib/thumb/v7e-m+fp/hard/libc_nano.a(libc_a-findfp.o)
 .ARM.attributes
                0x000000000000061b       0x34 /Applications/STM32CubeIDE.app/Contents/Eclipse/plugins/com.st.stm32cube.ide.mcu.externaltools.gnu-tools-for-stm32.11.3.rel1.macos64_1.1.100.202310310803/tools/bin/../lib/gcc/arm-none-eabi/11.3.1/../../../../arm-none-eabi/lib/thumb/v7e-m+fp/hard/libc_nano.a(libc_a-fwalk.o)
 .ARM.attributes
                0x000000000000064f       0x34 /Applications/STM32CubeIDE.app/Contents/Eclipse/plugins/com.st.stm32cube.ide.mcu.externaltools.gnu-tools-for-stm32.11.3.rel1.macos64_1.1.100.202310310803/tools/bin/../lib/gcc/arm-none-eabi/11.3.1/../../../../arm-none-eabi/lib/thumb/v7e-m+fp/hard/libc_nano.a(libc_a-printf.o)
 .ARM.attributes
                0x0000000000000683       0x34 /Applications/STM32CubeIDE.app/Contents/Eclipse/plugins/com.st.stm32cube.ide.mcu.externaltools.gnu-tools-for-stm32.11.3.rel1.macos64_1.1.100.202310310803/tools/bin/../lib/gcc/arm-none-eabi/11.3.1/../../../../arm-none-eabi/lib/thumb/v7e-m+fp/hard/libc_nano.a(libc_a-puts.o)
 .ARM.attributes
                0x00000000000006b7       0x34 /Applications/STM32CubeIDE.app/Contents/Eclipse/plugins/com.st.stm32cube.ide.mcu.externaltools.gnu-tools-for-stm32.11.3.rel1.macos64_1.1.100.202310310803/tools/bin/../lib/gcc/arm-none-eabi/11.3.1/../../../../arm-none-eabi/lib/thumb/v7e-m+fp/hard/libc_nano.a(libc_a-strncmp.o)
 .ARM.attributes
                0x00000000000006eb       0x34 /Applications/STM32CubeIDE.app/Contents/Eclipse/plugins/com.st.stm32cube.ide.mcu.externaltools.gnu-tools-for-stm32.11.3.rel1.macos64_1.1.100.202310310803/tools/bin/../lib/gcc/arm-none-eabi/11.3.1/../../../../arm-none-eabi/lib/thumb/v7e-m+fp/hard/libc_nano.a(libc_a-memset.o)
 .ARM.attributes
                0x000000000000071f       0x34 /Applications/STM32CubeIDE.app/Contents/Eclipse/plugins/com.st.stm32cube.ide.mcu.externaltools.gnu-tools-for-stm32.11.3.rel1.macos64_1.1.100.202310310803/tools/bin/../lib/gcc/arm-none-eabi/11.3.1/../../../../arm-none-eabi/lib/thumb/v7e-m+fp/hard/libc_nano.a(libc_a-impure.o)
 .ARM.attributes
                0x0000000000000753       0x34 /Applications/STM32CubeIDE.app/Contents/Eclipse/plugins/com.st.stm32cube.ide.mcu.externaltools.gnu-tools-for-stm32.11.3.rel1.macos64_1.1.100.202310310803/tools/bin/../lib/gcc/arm-none-eabi/11.3.1/../../../../arm-none-eabi/lib/thumb/v7e-m+fp/hard/libc_nano.a(libc_a-errno.o)
 .ARM.attributes
                0x0000000000000787       0x34 /Applications/STM32CubeIDE.app/Contents/Eclipse/plugins/com.st.stm32cube.ide.mcu.externaltools.gnu-tools-for-stm32.11.3.rel1.macos64_1.1.100.202310310803/tools/bin/../lib/gcc/arm-none-eabi/11.3.1/../../../../arm-none-eabi/lib/thumb/v7e-m+fp/hard/libc_nano.a(libc_a-init.o)
 .ARM.attributes
                0x00000000000007bb       0x34 /Applications/STM32CubeIDE.app/Contents/Eclipse/plugins/com.st.stm32cube.ide.mcu.externaltools.gnu-tools-for-stm32.11.3.rel1.macos64_1.1.100.202310310803/tools/bin/../lib/gcc/arm-none-eabi/11.3.1/../../../../arm-none-eabi/lib/thumb/v7e-m+fp/hard/libc_nano.a(libc_a-lock.o)
 .ARM.attributes
                0x00000000000007ef       0x34 /Applications/STM32CubeIDE.app/Contents/Eclipse/plugins/com.st.stm32cube.ide.mcu.externaltools.gnu-tools-for-stm32.11.3.rel1.macos64_1.1.100.202310310803/tools/bin/../lib/gcc/arm-none-eabi/11.3.1/../../../../arm-none-eabi/lib/thumb/v7e-m+fp/hard/libc_nano.a(libc_a-nano-vfprintf.o)
 .ARM.attributes
                0x0000000000000823       0x34 /Applications/STM32CubeIDE.app/Contents/Eclipse/plugins/com.st.stm32cube.ide.mcu.externaltools.gnu-tools-for-stm32.11.3.rel1.macos64_1.1.100.202310310803/tools/bin/../lib/gcc/arm-none-eabi/11.3.1/../../../../arm-none-eabi/lib/thumb/v7e-m+fp/hard/libc_nano.a(libc_a-mallocr.o)
 .ARM.attributes
                0x0000000000000857       0x34 /Applications/STM32CubeIDE.app/Contents/Eclipse/plugins/com.st.stm32cube.ide.mcu.externaltools.gnu-tools-for-stm32.11.3.rel1.macos64_1.1.100.202310310803/tools/bin/../lib/gcc/arm-none-eabi/11.3.1/../../../../arm-none-eabi/lib/thumb/v7e-m+fp/hard/libc_nano.a(libc_a-nano-vfprintf_i.o)
 .ARM.attributes
                0x000000000000088b       0x34 /Applications/STM32CubeIDE.app/Contents/Eclipse/plugins/com.st.stm32cube.ide.mcu.externaltools.gnu-tools-for-stm32.11.3.rel1.macos64_1.1.100.202310310803/tools/bin/../lib/gcc/arm-none-eabi/11.3.1/../../../../arm-none-eabi/lib/thumb/v7e-m+fp/hard/libc_nano.a(libc_a-fflush.o)
 .ARM.attributes
                0x00000000000008bf       0x34 /Applications/STM32CubeIDE.app/Contents/Eclipse/plugins/com.st.stm32cube.ide.mcu.externaltools.gnu-tools-for-stm32.11.3.rel1.macos64_1.1.100.202310310803/tools/bin/../lib/gcc/arm-none-eabi/11.3.1/../../../../arm-none-eabi/lib/thumb/v7e-m+fp/hard/libc_nano.a(libc_a-mlock.o)
 .ARM.attributes
                0x00000000000008f3       0x34 /Applications/STM32CubeIDE.app/Contents/Eclipse/plugins/com.st.stm32cube.ide.mcu.externaltools.gnu-tools-for-stm32.11.3.rel1.macos64_1.1.100.202310310803/tools/bin/../lib/gcc/arm-none-eabi/11.3.1/../../../../arm-none-eabi/lib/thumb/v7e-m+fp/hard/libc_nano.a(libc_a-stdio.o)
 .ARM.attributes
                0x0000000000000927       0x34 /Applications/STM32CubeIDE.app/Contents/Eclipse/plugins/com.st.stm32cube.ide.mcu.externaltools.gnu-tools-for-stm32.11.3.rel1.macos64_1.1.100.202310310803/tools/bin/../lib/gcc/arm-none-eabi/11.3.1/../../../../arm-none-eabi/lib/thumb/v7e-m+fp/hard/libc_nano.a(libc_a-wbuf.o)
 .ARM.attributes