Archive member included to satisfy reference by file (symbol)

/Applications/STM32CubeIDE.app/Contents/Eclipse/plugins/com.st.stm32cube.ide.mcu.externaltools.gnu-tools-for-stm32.11.3.rel1.macos64_1.1.100.202310310803/tools/bin/../lib/gcc/arm-none-eabi/11.3.1/../../../../arm-none-eabi/lib/thumb/v7e-m+fp/hard/libc_nano.a(libc_a-exit.o)
                              /Applications/STM32CubeIDE.app/Contents/Eclipse/plugins/com.st.stm32cube.ide.mcu.externaltools.gnu-tools-for-stm32.11.3.rel1.macos64_1.1.100.202310310803/tools/bin/../lib/gcc/arm-none-eabi/11.3.1/../../../../arm-none-eabi/lib/thumb/v7e-m+fp/hard/crt0.o (exit)
/Applications/STM32CubeIDE.app/Contents/Eclipse/plugins/com.st.stm32cube.ide.mcu.externaltools.gnu-tools-for-stm32.11.3.rel1.macos64_1.1.100.202310310803/tools/bin/../lib/gcc/arm-none-eabi/11.3.1/../../../../arm-none-eabi/lib/thumb/v7e-m+fp/hard/libc_nano.a(libc_a-findfp.o)
                              /Applications/STM32CubeIDE.app/Contents/Eclipse/plugins/com.st.stm32cube.ide.mcu.externaltools.gnu-tools-for-stm32.11.3.rel1.macos64_1.1.100.202310310803/tools/bin/../lib/gcc/arm-none-eabi/11.3.1/../../../../arm-none-eabi/lib/thumb/v7e-m+fp/hard/libc_nano.a(libc_a-exit.o) (__stdio_exit_handler)
/Applications/STM32CubeIDE.app/Contents/Eclipse/plugins/com.st.stm32cube.ide.mcu.externaltools.gnu-tools-for-stm32.11.3.rel1.macos64_1.1.100.202310310803/tools/bin/../lib/gcc/arm-none-eabi/11.3.1/../../../../arm-none-eabi/lib/thumb/v7e-m+fp/hard/libc_nano.a(libc_a-fwalk.o)
                              /Applications/STM32CubeIDE.app/Contents/Eclipse/plugins/com.st.stm32cube.ide.mcu.externaltools.gnu-tools-for-stm32.11.3.rel1.macos64_1.1.100.202310310803/tools/bin/../lib/gcc/arm-none-eabi/11.3.1/../../../../arm-none-eabi/lib/thumb/v7e-m+fp/hard/libc_nano.a(libc_a-findfp.o) (_fwalk_sglue)
/Applications/STM32CubeIDE.app/Contents/Eclipse/plugins/com.st.stm32cube.ide.mcu.externaltools.gnu-tools-for-stm32.11.3.rel1.macos64_1.1.100.202310310803/tools/bin/../lib/gcc/arm-none-eabi/11.3.1/../../../../arm-none-eabi/lib/thumb/v7e-m+fp/hard/libc_nano.a(libc_a-printf.o)
                              ./Core/Src/main.o (printf)
/Applications/STM32CubeIDE.app/Contents/Eclipse/plugins/com.st.stm32cube.ide.mcu.externaltools.gnu-tools-for-stm32.11.3.rel1.macos64_1.1.100.202310310803/tools/bin/../lib/gcc/arm-none-eabi/11.3.1/../../../../arm-none-eabi/lib/thumb/v7e-m+fp/hard/libc_nano.a(libc_a-puts.o)
                              ./Core/Src/main.o (puts)
/Applications/STM32CubeIDE.app/Contents/Eclipse/plugins/com.st.stm32cube.ide.mcu.externaltools.gnu-tools-for-stm32.11.3.rel1.macos64_1.1.100.202310310803/tools/bin/../lib/gcc/arm-none-eabi/11.3.1/../../../../arm-none-eabi/lib/thumb/v7e-m+fp/hard/libc_nano.a(libc_a-strncmp.o)
                              ./Core/Src/main.o (strncmp)
/Applications/STM32CubeIDE.app/Contents/Eclipse/plugins/com.st.stm32cube.ide.mcu.externaltools.gnu-tools-for-stm32.11.3.rel1.macos64_1.1.100.202310310803/tools/bin/../lib/gcc/arm-none-eabi/11.3.1/../../../../arm-none-eabi/lib/thumb/v7e-m+fp/hard/libc_nano.a(libc_a-memset.o)
                              /Applications/STM32CubeIDE.app/Contents/Eclipse/plugins/com.st.stm32cube.ide.mcu.externaltools.gnu-tools-for-stm32.11.3.rel1.macos64_1.1.100.202310310803/tools/bin/../lib/gcc/arm-none-eabi/11.3.1/../../../../arm-none-eabi/lib/thumb/v7e-m+fp/hard/crt0.o (memset)
/Applications/STM32CubeIDE.app/Contents/Eclipse/plugins/com.st.stm32cube.ide.mcu.externaltools.gnu-tools-for-stm32.11.3.rel1.macos64_1.1.100.202310310803/tools/bin/../lib/gcc/arm-none-eabi/11.3.1/../../../../arm-none-eabi/lib/thumb/v7e-m+fp/hard/libc_nano.a(libc_a-impure.o)
                              /Applications/STM32CubeIDE.app/Contents/Eclipse/plugins/com.st.stm32cube.ide.mcu.externaltools.gnu-tools-for-stm32.11.3.rel1.macos64_1.1.100.202310310803/tools/bin/../lib/gcc/arm-none-eabi/11.3.1/../../../../arm-none-eabi/lib/thumb/v7e-m+fp/hard/libc_nano.a(libc_a-printf.o) (_impure_ptr)
/Applications/STM32CubeIDE.app/Contents/Eclipse/plugins/com.st.stm32cube.ide.mcu.externaltools.gnu-tools-for-stm32.11.3.rel1.macos64_1.1.100.202310310803/tools/bin/../lib/gcc/arm-none-eabi/11.3.1/../../../../arm-none-eabi/lib/thumb/v7e-m+fp/hard/libc_nano.a(libc_a-errno.o)
                              ./Core/Src/syscalls.o (__errno)
/Applications/STM32CubeIDE.app/Contents/Eclipse/plugins/com.st.stm32cube.ide.mcu.externaltools.gnu-tools-for-stm32.11.3.rel1.macos64_1.1.100.202310310803/tools/bin/../lib/gcc/arm-none-eabi/11.3.1/../../../../arm-none-eabi/lib/thumb/v7e-m+fp/hard/libc_nano.a(libc_a-init.o)
                              /Applications/STM32CubeIDE.app/Contents/Eclipse/plugins/com.st.stm32cube.ide.mcu.externaltools.gnu-tools-for-stm32.11.3.rel1.macos64_1.1.100.202310310803/tools/bin/../lib/gcc/arm-none-eabi/11.3.1/../../../../arm-none-eabi/lib/thumb/v7e-m+fp/hard/crt0.o (__libc_init_array)
[...]
Memory Configuration

Name             Origin             Length             Attributes
RAM              0x0000000020000000 0x0000000000018000 xrw
RAM2             0x0000000010000000 0x0000000000008000 xrw
FLASH            0x0000000008000000 0x0000000000100000 xr
*default*        0x0000000000000000 0xffffffffffffffff

Linker script and memory map

LOAD /Applications/STM32CubeIDE.app/Contents/Eclipse/plugins/com.st.stm32cube.ide.mcu.externaltools.gnu-tools-for-stm32.11.3.rel1.macos64_1.1.100.202310310803/tools/bin/../lib/gcc/arm-none-eabi/11.3.1/thumb/v7e-m+fp/hard/crti.o
LOAD /Applications/STM32CubeIDE.app/Contents/Eclipse/plugins/com.st.stm32cube.ide.mcu.externaltools.gnu-tools-for-stm32.11.3.rel1.macos64_1.1.100.202310310803/tools/bin/../lib/gcc/arm-none-eabi/11.3.1/thumb/v7e-m+fp/hard/crtbegin.o
LOAD /Applications/STM32CubeIDE.app/Contents/Eclipse/plugins/com.st.stm32cube.ide.mcu.externaltools.gnu-tools-for-stm32.11.3.rel1.macos64_1.1.100.202310310803/tools/bin/../lib/gcc/arm-none-eabi/11.3.1/../../../../arm-none-eabi/lib/thumb/v7e-m+fp/hard/crt0.o
LOAD ./Core/Src/main.o
LOAD ./Core/Src/stm32l4xx_hal_msp.o
LOAD ./Core/Src/stm32l4xx_it.o
LOAD ./Core/Src/syscalls.o
LOAD ./Core/Src/sysmem.o
LOAD ./Core/Src/system_stm32l4xx.o
LOAD ./Core/Startup/startup_stm32l476rgtx.o
LOAD ./Drivers/STM32L4xx_HAL_Driver/Src/stm32l4xx_hal.o
LOAD ./Drivers/STM32L4xx_HAL_Driver/Src/stm32l4xx_hal_cortex.o
LOAD ./Drivers/STM32L4xx_HAL_Driver/Src/stm32l4xx_hal_dac.o
LOAD ./Drivers/STM32L4xx_HAL_Driver/Src/stm32l4xx_hal_dac_ex.o
LOAD ./Drivers/STM32L4xx_HAL_Driver/Src/stm32l4xx_hal_dfsdm.o
LOAD ./Drivers/STM32L4xx_HAL_Driver/Src/stm32l4xx_hal_dma.o
LOAD ./Drivers/STM32L4xx_HAL_Driver/Src/stm32l4xx_hal_dma_ex.o
LOAD ./Drivers/STM32L4xx_HAL_Driver/Src/stm32l4xx_hal_exti.o
LOAD ./Drivers/STM32L4xx_HAL_Driver/Src/stm32l4xx_hal_flash.o
LOAD ./Drivers/STM32L4xx_HAL_Driver/Src/stm32l4xx_hal_flash_ex.o
LOAD ./Drivers/STM32L4xx_HAL_Driver/Src/stm32l4xx_hal_flash_ramfunc.o
LOAD ./Drivers/STM32L4xx_HAL_Driver/Src/stm32l4xx_hal_gpio.o
LOAD ./Drivers/STM32L4xx_HAL_Driver/Src/stm32l4xx_hal_i2c.o
LOAD ./Drivers/STM32L4xx_HAL_Driver/Src/stm32l4xx_hal_i2c_ex.o
LOAD ./Drivers/STM32L4xx_HAL_Driver/Src/stm32l4xx_hal_pwr.o
LOAD ./Drivers/STM32L4xx_HAL_Driver/Src/stm32l4xx_hal_pwr_ex.o
LOAD ./Drivers/STM32L4xx_HAL_Driver/Src/stm32l4xx_hal_rcc.o
LOAD ./Drivers/STM32L4xx_HAL_Driver/Src/stm32l4xx_hal_rcc_ex.o
LOAD ./Drivers/STM32L4xx_HAL_Driver/Src/stm32l4xx_hal_spi.o
LOAD ./Drivers/STM32L4xx_HAL_Driver/Src/stm32l4xx_hal_spi_ex.o
LOAD ./Drivers/STM32L4xx_HAL_Driver/Src/stm32l4xx_hal_tim.o
LOAD ./Drivers/STM32L4xx_HAL_Driver/Src/stm32l4xx_hal_tim_ex.o
LOAD ./Drivers/STM32L4xx_HAL_Driver/Src/stm32l4xx_hal_uart.o
LOAD ./Drivers/STM32L4xx_HAL_Driver/Src/stm32l4xx_hal_uart_ex.o
LOAD ./Drivers/STM32L4xx_HAL_Driver/Src/stm32l4xx_ll_dma.o
LOAD ./Drivers/STM32L4xx_HAL_Driver/Src/stm32l4xx_ll_exti.o
LOAD ./Drivers/STM32L4xx_HAL_Driver/Src/stm32l4xx_ll_gpio.o
LOAD ./Drivers/STM32L4xx_HAL_Driver/Src/stm32l4xx_ll_tim.o
LOAD ./Drivers/STM32L4xx_HAL_Driver/Src/stm32l4xx_ll_utils.o
LOAD ./FATFS/App/fatfs.o
LOAD ./FATFS/Target/fatfs_sd_card.o
LOAD ./FATFS/Target/user_diskio.o
LOAD ./Middlewares/Third_Party/FatFs/src/diskio.o
LOAD ./Middlewares/Third_Party/FatFs/src/ff.o
LOAD ./Middlewares/Third_Party/FatFs/src/ff_gen_drv.o
LOAD ./Middlewares/Third_Party/FatFs/src/option/ccsbcs.o
LOAD ./Middlewares/Third_Party/FatFs/src/option/syscall.o
START GROUP
LOAD /Applications/STM32CubeIDE.app/Contents/Eclipse/plugins/com.st.stm32cube.ide.mcu.externaltools.gnu-tools-for-stm32.11.3.rel1.macos64_1.1.100.202310310803/tools/bin/../lib/gcc/arm-none-eabi/11.3.1/../../../../arm-none-eabi/lib/thumb/v7e-m+fp/hard/libc_nano.a
LOAD /Applications/STM32CubeIDE.app/Contents/Eclipse/plugins/com.st.stm32cube.ide.mcu.externaltools.gnu-tools-for-stm32.11.3.rel1.macos64_1.1.100.202310310803/tools/bin/../lib/gcc/arm-none-eabi/11.3.1/../../../../arm-none-eabi/lib/thumb/v7e-m+fp/hard/libm.a
END GROUP
START GROUP
LOAD /Applications/STM32CubeIDE.app/Contents/Eclipse/plugins/com.st.stm32cube.ide.mcu.externaltools.gnu-tools-for-stm32.11.3.rel1.macos64_1.1.100.202310310803/tools/bin/../lib/gcc/arm-none-eabi/11.3.1/thumb/v7e-m+fp/hard/libgcc.a
LOAD /Applications/STM32CubeIDE.app/Contents/Eclipse/plugins/com.st.stm32cube.ide.mcu.externaltools.gnu-tools-for-stm32.11.3.rel1.macos64_1.1.100.202310310803/tools/bin/../lib/gcc/arm-none-eabi/11.3.1/../../../../arm-none-eabi/lib/thumb/v7e-m+fp/hard/libc_nano.a
END GROUP
START GROUP
LOAD /Applications/STM32CubeIDE.app/Contents/Eclipse/plugins/com.st.stm32cube.ide.mcu.externaltools.gnu-tools-for-stm32.11.3.rel1.macos64_1.1.100.202310310803/tools/bin/../lib/gcc/arm-none-eabi/11.3.1/thumb/v7e-m+fp/hard/libgcc.a
LOAD /Applications/STM32CubeIDE.app/Contents/Eclipse/plugins/com.st.stm32cube.ide.mcu.externaltools.gnu-tools-for-stm32.11.3.rel1.macos64_1.1.100.202310310803/tools/bin/../lib/gcc/arm-none-eabi/11.3.1/../../../../arm-none-eabi/lib/thumb/v7e-m+fp/hard/libc_nano.a
LOAD /Applications/STM32CubeIDE.app/Contents/Eclipse/plugins/com.st.stm32cube.ide.mcu.externaltools.gnu-tools-for-stm32.11.3.rel1.macos64_1.1.100.202310310803/tools/bin/../lib/gcc/arm-none-eabi/11.3.1/../../../../arm-none-eabi/lib/thumb/v7e-m+fp/hard/libnosys.a
END GROUP
START GROUP
LOAD /Applications/STM32CubeIDE.app/Contents/Eclipse/plugins/com.st.stm32cube.ide.mcu.externaltools.gnu-tools-for-stm32.11.3.rel1.macos64_1.1.100.202310310803/tools/bin/../lib/gcc/arm-none-eabi/11.3.1/thumb/v7e-m+fp/hard/libgcc.a
LOAD /Applications/STM32CubeIDE.app/Contents/Eclipse/plugins/com.st.stm32cube.ide.mcu.externaltools.gnu-tools-for-stm32.11.3.rel1.macos64_1.1.100.202310310803/tools/bin/../lib/gcc/arm-none-eabi/11.3.1/../../../../arm-none-eabi/lib/thumb/v7e-m+fp/hard/libc_nano.a
LOAD /Applications/STM32CubeIDE.app/Contents/Eclipse/plugins/com.st.stm32cube.ide.mcu.externaltools.gnu-tools-for-stm32.11.3.rel1.macos64_1.1.100.202310310803/tools/bin/../lib/gcc/arm-none-eabi/11.3.1/../../../../arm-none-eabi/lib/thumb/v7e-m+fp/hard/libnosys.a
END GROUP
LOAD /Applications/STM32CubeIDE.app/Contents/Eclipse/plugins/com.st.stm32cube.ide.mcu.externaltools.gnu-tools-for-stm32.11.3.rel1.macos64_1.1.100.202310310803/tools/bin/../lib/gcc/arm-none-eabi/11.3.1/thumb/v7e-m+fp/hard/crtend.o
LOAD /Applications/STM32CubeIDE.app/Contents/Eclipse/plugins/com.st.stm32cube.ide.mcu.externaltools.gnu-tools-for-stm32.11.3.rel1.macos64_1.1.100.202310310803/tools/bin/../lib/gcc/arm-none-eabi/11.3.1/thumb/v7e-m+fp/hard/crtn.o
                0x0000000020018000                _estack = (ORIGIN (RAM) + LENGTH (RAM))
                0x0000000000000200                _Min_Heap_Size = 0x200
                0x0000000000005000                _Min_Stack_Size = 0x5000

.isr_vector     0x0000000008000000      0x188
                0x0000000008000000                . = ALIGN (0x4)
 *(.isr_vector)
 .isr_vector    0x0000000008000000      0x188 ./Core/Startup/startup_stm32l476rgtx.o
                0x0000000008000000                g_pfnVectors
                0x0000000008000188                . = ALIGN (0x4)

.text           0x0000000008000190     0xc920
                0x0000000008000190                . = ALIGN (0x4)
 *(.text)
 .text          0x0000000008000190       0x40 /Applications/STM32CubeIDE.app/Contents/Eclipse/plugins/com.st.stm32cube.ide.mcu.externaltools.gnu-tools-for-stm32.11.3.rel1.macos64_1.1.100.202310310803/tools/bin/../lib/gcc/arm-none-eabi/11.3.1/thumb/v7e-m+fp/hard/crtbegin.o
 .text          0x00000000080001d0       0xa0 /Applications/STM32CubeIDE.app/Contents/Eclipse/plugins/com.st.stm32cube.ide.mcu.externaltools.gnu-tools-for-stm32.11.3.rel1.macos64_1.1.100.202310310803/tools/bin/../lib/gcc/arm-none-eabi/11.3.1/../../../../arm-none-eabi/lib/thumb/v7e-m+fp/hard/libc_nano.a(libc_a-memchr.o)
                0x00000000080001d0                memchr
 .text          0x0000000008000270      0x254 /Applications/STM32CubeIDE.app/Contents/Eclipse/plugins/com.st.stm32cube.ide.mcu.externaltools.gnu-tools-for-stm32.11.3.rel1.macos64_1.1.100.202310310803/tools/bin/../lib/gcc/arm-none-eabi/11.3.1/thumb/v7e-m+fp/hard/libgcc.a(_arm_muldf3.o)
                0x0000000008000270                __aeabi_dmul
                0x0000000008000270                __muldf3
 .text          0x00000000080004c4      0x378 /Applications/STM32CubeIDE.app/Contents/Eclipse/plugins/com.st.stm32cube.ide.mcu.externaltools.gnu-tools-for-stm32.11.3.rel1.macos64_1.1.100.202310310803/tools/bin/../lib/gcc/arm-none-eabi/11.3.1/thumb/v7e-m+fp/hard/libgcc.a(_arm_addsubdf3.o)
                0x00000000080004c4                __aeabi_drsub
                0x00000000080004cc                __subdf3
                0x00000000080004cc                __aeabi_dsub
                0x00000000080004d0                __aeabi_dadd
                0x00000000080004d0                __adddf3
                0x0000000008000748                __aeabi_ui2d
                0x0000000008000748                __floatunsidf
                0x0000000008000768                __floatsidf
                0x0000000008000768                __aeabi_i2d
                0x000000000800078c                __extendsfdf2
                0x000000000800078c                __aeabi_f2d
                0x00000000080007d0                __aeabi_ul2d
                0x00000000080007d0                __floatundidf
                0x00000000080007e0                __aeabi_l2d
                0x00000000080007e0                __floatdidf
 .text          0x000000000800083c       0x40 /Applications/STM32CubeIDE.app/Contents/Eclipse/plugins/com.st.stm32cube.ide.mcu.externaltools.gnu-tools-for-stm32.11.3.rel1.macos64_1.1.100.202310310803/tools/bin/../lib/gcc/arm-none-eabi/11.3.1/thumb/v7e-m+fp/hard/libgcc.a(_arm_fixunsdfsi.o)
                0x000000000800083c                __fixunsdfsi
                0x000000000800083c                __aeabi_d2uiz
 .text          0x000000000800087c       0x30 /Applications/STM32CubeIDE.app/Contents/Eclipse/plugins/com.st.stm32cube.ide.mcu.externaltools.gnu-tools-for-stm32.11.3.rel1.macos64_1.1.100.202310310803/tools/bin/../lib/gcc/arm-none-eabi/11.3.1/thumb/v7e-m+fp/hard/libgcc.a(_aeabi_uldivmod.o)
                0x000000000800087c                __aeabi_uldivmod
 .text          0x00000000080008ac      0x2c8 /Applications/STM32CubeIDE.app/Contents/Eclipse/plugins/com.st.stm32cube.ide.mcu.externaltools.gnu-tools-for-stm32.11.3.rel1.macos64_1.1.100.202310310803/tools/bin/../lib/gcc/arm-none-eabi/11.3.1/thumb/v7e-m+fp/hard/libgcc.a(_udivmoddi4.o)
                0x00000000080008ac                __udivmoddi4
 .text          0x0000000008000b74        0x4 /Applications/STM32CubeIDE.app/Contents/Eclipse/plugins/com.st.stm32cube.ide.mcu.externaltools.gnu-tools-for-stm32.11.3.rel1.macos64_1.1.100.202310310803/tools/bin/../lib/gcc/arm-none-eabi/11.3.1/thumb/v7e-m+fp/hard/libgcc.a(_dvmd_tls.o)
                0x0000000008000b74                __aeabi_ldiv0
                0x0000000008000b74                __aeabi_idiv0
 *(.text*)
 .text.__NVIC_GetPriorityGrouping
                0x0000000008000b78       0x1c ./Core/Src/main.o
 .text.__NVIC_EnableIRQ
                0x0000000008000b94       0x3c ./Core/Src/main.o
 .text.__NVIC_DisableIRQ
                0x0000000008000bd0       0x48 ./Core/Src/main.o
 .text.__NVIC_SetPriority
                0x0000000008000c18       0x54 ./Core/Src/main.o
 .text.NVIC_EncodePriority
                0x0000000008000c6c       0x66 ./Core/Src/main.o
 .text.LL_TIM_EnableCounter
                0x0000000008000cd2       0x20 ./Core/Src/main.o
 .text.LL_TIM_DisableCounter
                0x0000000008000cf2       0x20 ./Core/Src/main.o
 .text.LL_TIM_DisableARRPreload
                0x0000000008000d12       0x20 ./Core/Src/main.o
 .text.LL_TIM_SetClockSource
                0x0000000008000d32       0x2a ./Core/Src/main.o
 .text.LL_TIM_SetTriggerOutput
                0x0000000008000d5c       0x26 ./Core/Src/main.o
 .text.LL_TIM_DisableMasterSlaveMode
                0x0000000008000d82       0x20 ./Core/Src/main.o
 .text.LL_TIM_EnableIT_UPDATE
                0x0000000008000da2       0x20 ./Core/Src/main.o
 *fill*         0x0000000008000dc2        0x2 
 .text.LL_APB1_GRP1_EnableClock
                0x0000000008000dc4       0x30 ./Core/Src/main.o
 .text.mount_SD_card
                0x0000000008000df4       0xd8 ./Core/Src/main.o
                0x0000000008000df4                mount_SD_card
 .text.read_SD_card_song_initial
                0x0000000008000ecc       0x54 ./Core/Src/main.o
                0x0000000008000ecc                read_SD_card_song_initial
 .text.read_SD_card_song_at_position
                0x0000000008000f20       0x68 ./Core/Src/main.o
                0x0000000008000f20                read_SD_card_song_at_position
 .text.open_SD_card_song
                0x0000000008000f88       0xa4 ./Core/Src/main.o
                0x0000000008000f88                open_SD_card_song
 .text.main     0x000000000800102c      0x29c ./Core/Src/main.o
                0x000000000800102c                main
 .text.SystemClock_Config
                0x00000000080012c8       0xa4 ./Core/Src/main.o
                0x00000000080012c8                SystemClock_Config
 .text.MX_DAC1_Init
                0x000000000800136c       0x64 ./Core/Src/main.o
 .text.MX_DFSDM1_Init
                0x00000000080013d0       0xc8 ./Core/Src/main.o
 .text.MX_SPI2_Init
                0x0000000008001498       0x7c ./Core/Src/main.o
 .text.MX_TIM2_Init
                0x0000000008001514       0x84 ./Core/Src/main.o
 .text.MX_TIM3_Init
                0x0000000008001598       0xa0 ./Core/Src/main.o
 .text.MX_UART4_Init
                0x0000000008001638       0x60 ./Core/Src/main.o
 .text.MX_USART1_UART_Init
                0x0000000008001698       0x60 ./Core/Src/main.o
 .text.MX_USART2_UART_Init
                0x00000000080016f8       0x60 ./Core/Src/main.o
 .text.MX_USART3_UART_Init
                0x0000000008001758       0x60 ./Core/Src/main.o
 .text.MX_DMA_Init
                0x00000000080017b8       0x3c ./Core/Src/main.o
 .text.MX_GPIO_Init
                0x00000000080017f4      0x10c ./Core/Src/main.o
 .text.__io_putchar
                0x0000000008001900       0x24 ./Core/Src/main.o
                0x0000000008001900                __io_putchar
 .text.HAL_GPIO_EXTI_Callback
                0x0000000008001924       0x58 ./Core/Src/main.o
                0x0000000008001924                HAL_GPIO_EXTI_Callback
 .text.HAL_UARTEx_RxEventCallback
                0x000000000800197c       0xc8 ./Core/Src/main.o
                0x000000000800197c                HAL_UARTEx_RxEventCallback
 .text.Error_Handler
                0x0000000008001a44        0xa ./Core/Src/main.o
                0x0000000008001a44                Error_Handler
 *fill*         0x0000000008001a4e        0x2 
 .text.HAL_MspInit
                0x0000000008001a50       0x48 ./Core/Src/stm32l4xx_hal_msp.o
                0x0000000008001a50                HAL_MspInit
 .text.HAL_DAC_MspInit
                0x0000000008001a98       0x8c ./Core/Src/stm32l4xx_hal_msp.o
                0x0000000008001a98                HAL_DAC_MspInit
 .text.HAL_DFSDM_FilterMspInit
                0x0000000008001b24      0x19c ./Core/Src/stm32l4xx_hal_msp.o
                0x0000000008001b24                HAL_DFSDM_FilterMspInit
 .text.HAL_DFSDM_ChannelMspInit
                0x0000000008001cc0      0x124 ./Core/Src/stm32l4xx_hal_msp.o
                0x0000000008001cc0                HAL_DFSDM_ChannelMspInit
 .text.HAL_SPI_MspInit
                0x0000000008001de4       0x88 ./Core/Src/stm32l4xx_hal_msp.o
                0x0000000008001de4                HAL_SPI_MspInit
 .text.HAL_TIM_Base_MspInit
                0x0000000008001e6c       0x4c ./Core/Src/stm32l4xx_hal_msp.o
                0x0000000008001e6c                HAL_TIM_Base_MspInit
 .text.HAL_UART_MspInit
                0x0000000008001eb8      0x284 ./Core/Src/stm32l4xx_hal_msp.o
                0x0000000008001eb8                HAL_UART_MspInit
 .text.LL_TIM_ClearFlag_UPDATE
                0x000000000800213c       0x1c ./Core/Src/stm32l4xx_it.o
 .text.LL_TIM_IsActiveFlag_UPDATE
                0x0000000008002158       0x26 ./Core/Src/stm32l4xx_it.o
 .text.NMI_Handler
                0x000000000800217e        0x6 ./Core/Src/stm32l4xx_it.o
                0x000000000800217e                NMI_Handler
 .text.HardFault_Handler
                0x0000000008002184        0x6 ./Core/Src/stm32l4xx_it.o
                0x0000000008002184                HardFault_Handler
 .text.MemManage_Handler
                0x000000000800218a        0x6 ./Core/Src/stm32l4xx_it.o
                0x000000000800218a                MemManage_Handler
 .text.BusFault_Handler
                0x0000000008002190        0x6 ./Core/Src/stm32l4xx_it.o
                0x0000000008002190                BusFault_Handler
 .text.UsageFault_Handler
                0x0000000008002196        0x6 ./Core/Src/stm32l4xx_it.o
                0x0000000008002196                UsageFault_Handler
 .text.SVC_Handler
                0x000000000800219c        0xe ./Core/Src/stm32l4xx_it.o
                0x000000000800219c                SVC_Handler
 .text.DebugMon_Handler
                0x00000000080021aa        0xe ./Core/Src/stm32l4xx_it.o
                0x00000000080021aa                DebugMon_Handler
 .text.PendSV_Handler
                0x00000000080021b8        0xe ./Core/Src/stm32l4xx_it.o
                0x00000000080021b8                PendSV_Handler
 *fill*         0x00000000080021c6        0x2 
 .text.SysTick_Handler
                0x00000000080021c8       0x3c ./Core/Src/stm32l4xx_it.o
                0x00000000080021c8                SysTick_Handler
 .text.DMA1_Channel5_IRQHandler
                0x0000000008002204       0x14 ./Core/Src/stm32l4xx_it.o
                0x0000000008002204                DMA1_Channel5_IRQHandler
 .text.TIM2_IRQHandler
                0x0000000008002218       0xa0 ./Core/Src/stm32l4xx_it.o
                0x0000000008002218                TIM2_IRQHandler
 .text.TIM3_IRQHandler
                0x00000000080022b8       0x34 ./Core/Src/stm32l4xx_it.o
                0x00000000080022b8                TIM3_IRQHandler
 .text.USART1_IRQHandler
                0x00000000080022ec       0x14 ./Core/Src/stm32l4xx_it.o
                0x00000000080022ec                USART1_IRQHandler
 .text.USART3_IRQHandler
                0x0000000008002300       0x14 ./Core/Src/stm32l4xx_it.o
                0x0000000008002300                USART3_IRQHandler
 .text.EXTI15_10_IRQHandler
                0x0000000008002314       0x10 ./Core/Src/stm32l4xx_it.o
                0x0000000008002314                EXTI15_10_IRQHandler
 .text.UART4_IRQHandler
                0x0000000008002324       0x14 ./Core/Src/stm32l4xx_it.o
                0x0000000008002324                UART4_IRQHandler
 .text.TIM6_DAC_IRQHandler
                0x0000000008002338       0x14 ./Core/Src/stm32l4xx_it.o
                0x0000000008002338                TIM6_DAC_IRQHandler
 .text._read    0x000000000800234c       0x3a ./Core/Src/syscalls.o
                0x000000000800234c                _read
 .text._write   0x0000000008002386       0x38 ./Core/Src/syscalls.o
                0x0000000008002386                _write
 .text._close   0x00000000080023be       0x18 ./Core/Src/syscalls.o
                0x00000000080023be                _close
 .text._fstat   0x00000000080023d6       0x20 ./Core/Src/syscalls.o
                0x00000000080023d6                _fstat
 .text._isatty  0x00000000080023f6       0x16 ./Core/Src/syscalls.o
                0x00000000080023f6                _isatty
 .text._lseek   0x000000000800240c       0x1a ./Core/Src/syscalls.o
                0x000000000800240c                _lseek
 *fill*         0x0000000008002426        0x2 
 .text._sbrk    0x0000000008002428       0x6c ./Core/Src/sysmem.o
                0x0000000008002428                _sbrk
 .text.SystemInit
                0x0000000008002494       0x24 ./Core/Src/system_stm32l4xx.o
                0x0000000008002494                SystemInit
 .text.Reset_Handler
                0x00000000080024b8       0x50 ./Core/Startup/startup_stm32l476rgtx.o
                0x00000000080024b8                Reset_Handler
 .text.Default_Handler
                0x0000000008002508        0x2 ./Core/Startup/startup_stm32l476rgtx.o
                0x0000000008002508                TIM1_BRK_TIM15_IRQHandler
                0x0000000008002508                EXTI2_IRQHandler
                0x0000000008002508                TIM8_TRG_COM_IRQHandler
                0x0000000008002508                TIM8_CC_IRQHandler
                0x0000000008002508                TIM1_CC_IRQHandler
                0x0000000008002508                TSC_IRQHandler
                0x0000000008002508                TAMP_STAMP_IRQHandler
                0x0000000008002508                EXTI3_IRQHandler
                0x0000000008002508                LPTIM2_IRQHandler
                0x0000000008002508                DFSDM1_FLT1_IRQHandler
                0x0000000008002508                I2C3_ER_IRQHandler
                0x0000000008002508                DFSDM1_FLT2_IRQHandler
                0x0000000008002508                EXTI0_IRQHandler
                0x0000000008002508                I2C2_EV_IRQHandler
                0x0000000008002508                CAN1_RX0_IRQHandler
                0x0000000008002508                FPU_IRQHandler
                0x0000000008002508                TIM1_UP_TIM16_IRQHandler
                0x0000000008002508                ADC1_2_IRQHandler
                0x0000000008002508                SPI1_IRQHandler
                0x0000000008002508                TIM8_UP_IRQHandler
                0x0000000008002508                DMA2_Channel2_IRQHandler
                0x0000000008002508                DMA1_Channel4_IRQHandler
                0x0000000008002508                SAI2_IRQHandler
                0x0000000008002508                DFSDM1_FLT3_IRQHandler
                0x0000000008002508                DMA1_Channel7_IRQHandler
                0x0000000008002508                CAN1_RX1_IRQHandler
                0x0000000008002508                LCD_IRQHandler
                0x0000000008002508                UART5_IRQHandler
                0x0000000008002508                ADC3_IRQHandler
                0x0000000008002508                TIM4_IRQHandler
                0x0000000008002508                DMA2_Channel1_IRQHandler
                0x0000000008002508                QUADSPI_IRQHandler
                0x0000000008002508                I2C1_EV_IRQHandler
                0x0000000008002508                DMA1_Channel6_IRQHandler
                0x0000000008002508                DMA2_Channel4_IRQHandler
                0x0000000008002508                RCC_IRQHandler
                0x0000000008002508                DMA1_Channel1_IRQHandler
                0x0000000008002508                Default_Handler
                0x0000000008002508                DMA2_Channel7_IRQHandler
                0x0000000008002508                TIM7_IRQHandler
                0x0000000008002508                SDMMC1_IRQHandler
                0x0000000008002508                TIM5_IRQHandler
                0x0000000008002508                I2C3_EV_IRQHandler
                0x0000000008002508                EXTI9_5_IRQHandler
                0x0000000008002508                RTC_WKUP_IRQHandler
                0x0000000008002508                PVD_PVM_IRQHandler
                0x0000000008002508                SPI2_IRQHandler
                0x0000000008002508                CAN1_TX_IRQHandler
                0x0000000008002508                DMA2_Channel5_IRQHandler
                0x0000000008002508                EXTI4_IRQHandler
                0x0000000008002508                RNG_IRQHandler
                0x0000000008002508                TIM1_TRG_COM_TIM17_IRQHandler
                0x0000000008002508                DMA1_Channel3_IRQHandler
                0x0000000008002508                COMP_IRQHandler
                0x0000000008002508                WWDG_IRQHandler
                0x0000000008002508                LPUART1_IRQHandler
                0x0000000008002508                DMA2_Channel6_IRQHandler
                0x0000000008002508                EXTI1_IRQHandler
                0x0000000008002508                USART2_IRQHandler
                0x0000000008002508                DFSDM1_FLT0_IRQHandler
                0x0000000008002508                I2C2_ER_IRQHandler
                0x0000000008002508                DMA1_Channel2_IRQHandler
                0x0000000008002508                TIM8_BRK_IRQHandler
                0x0000000008002508                CAN1_SCE_IRQHandler
                0x0000000008002508                FLASH_IRQHandler
                0x0000000008002508                OTG_FS_IRQHandler
                0x0000000008002508                SPI3_IRQHandler
                0x0000000008002508                I2C1_ER_IRQHandler
                0x0000000008002508                FMC_IRQHandler
                0x0000000008002508                SWPMI1_IRQHandler
                0x0000000008002508                LPTIM1_IRQHandler
                0x0000000008002508                SAI1_IRQHandler
                0x0000000008002508                DMA2_Channel3_IRQHandler
                0x0000000008002508                RTC_Alarm_IRQHandler
 .text.HAL_Init
                0x000000000800250a       0x30 ./Drivers/STM32L4xx_HAL_Driver/Src/stm32l4xx_hal.o
                0x000000000800250a                HAL_Init
 *fill*         0x000000000800253a        0x2 
 .text.HAL_InitTick
                0x000000000800253c       0x78 ./Drivers/STM32L4xx_HAL_Driver/Src/stm32l4xx_hal.o
                0x000000000800253c                HAL_InitTick
 .text.HAL_IncTick
                0x00000000080025b4       0x28 ./Drivers/STM32L4xx_HAL_Driver/Src/stm32l4xx_hal.o
                0x00000000080025b4                HAL_IncTick
 .text.HAL_GetTick
                0x00000000080025dc       0x18 ./Drivers/STM32L4xx_HAL_Driver/Src/stm32l4xx_hal.o
                0x00000000080025dc                HAL_GetTick
 .text.HAL_Delay
                0x00000000080025f4       0x48 ./Drivers/STM32L4xx_HAL_Driver/Src/stm32l4xx_hal.o
                0x00000000080025f4                HAL_Delay
 .text.__NVIC_SetPriorityGrouping
                0x000000000800263c       0x48 ./Drivers/STM32L4xx_HAL_Driver/Src/stm32l4xx_hal_cortex.o
 .text.__NVIC_GetPriorityGrouping
                0x0000000008002684       0x1c ./Drivers/STM32L4xx_HAL_Driver/Src/stm32l4xx_hal_cortex.o
 .text.__NVIC_EnableIRQ
                0x00000000080026a0       0x3c ./Drivers/STM32L4xx_HAL_Driver/Src/stm32l4xx_hal_cortex.o
 .text.__NVIC_SetPriority
                0x00000000080026dc       0x54 ./Drivers/STM32L4xx_HAL_Driver/Src/stm32l4xx_hal_cortex.o
 .text.NVIC_EncodePriority
                0x0000000008002730       0x66 ./Drivers/STM32L4xx_HAL_Driver/Src/stm32l4xx_hal_cortex.o
 *fill*         0x0000000008002796        0x2 
 .text.SysTick_Config
                0x0000000008002798       0x44 ./Drivers/STM32L4xx_HAL_Driver/Src/stm32l4xx_hal_cortex.o
 .text.HAL_NVIC_SetPriorityGrouping
                0x00000000080027dc       0x16 ./Drivers/STM32L4xx_HAL_Driver/Src/stm32l4xx_hal_cortex.o
                0x00000000080027dc                HAL_NVIC_SetPriorityGrouping
 .text.HAL_NVIC_SetPriority
                0x00000000080027f2       0x38 ./Drivers/STM32L4xx_HAL_Driver/Src/stm32l4xx_hal_cortex.o
                0x00000000080027f2                HAL_NVIC_SetPriority
 .text.HAL_NVIC_EnableIRQ
                0x000000000800282a       0x1c ./Drivers/STM32L4xx_HAL_Driver/Src/stm32l4xx_hal_cortex.o
                0x000000000800282a                HAL_NVIC_EnableIRQ
 .text.HAL_SYSTICK_Config
                0x0000000008002846       0x18 ./Drivers/STM32L4xx_HAL_Driver/Src/stm32l4xx_hal_cortex.o
                0x0000000008002846                HAL_SYSTICK_Config
 .text.HAL_DAC_Init
                0x000000000800285e       0x44 ./Drivers/STM32L4xx_HAL_Driver/Src/stm32l4xx_hal_dac.o
                0x000000000800285e                HAL_DAC_Init
 .text.HAL_DAC_Start
                0x00000000080028a2       0x9a ./Drivers/STM32L4xx_HAL_Driver/Src/stm32l4xx_hal_dac.o
                0x00000000080028a2                HAL_DAC_Start
 .text.HAL_DAC_IRQHandler
                0x000000000800293c       0xb4 ./Drivers/STM32L4xx_HAL_Driver/Src/stm32l4xx_hal_dac.o
                0x000000000800293c                HAL_DAC_IRQHandler
 .text.HAL_DAC_SetValue
                0x00000000080029f0       0x4a ./Drivers/STM32L4xx_HAL_Driver/Src/stm32l4xx_hal_dac.o
                0x00000000080029f0                HAL_DAC_SetValue
 .text.HAL_DAC_DMAUnderrunCallbackCh1
                0x0000000008002a3a       0x14 ./Drivers/STM32L4xx_HAL_Driver/Src/stm32l4xx_hal_dac.o
                0x0000000008002a3a                HAL_DAC_DMAUnderrunCallbackCh1
 .text.HAL_DAC_ConfigChannel
                0x0000000008002a4e      0x24e ./Drivers/STM32L4xx_HAL_Driver/Src/stm32l4xx_hal_dac.o
                0x0000000008002a4e                HAL_DAC_ConfigChannel
 .text.HAL_DACEx_DMAUnderrunCallbackCh2
                0x0000000008002c9c       0x14 ./Drivers/STM32L4xx_HAL_Driver/Src/stm32l4xx_hal_dac_ex.o
                0x0000000008002c9c                HAL_DACEx_DMAUnderrunCallbackCh2
 .text.HAL_DFSDM_ChannelInit
                0x0000000008002cb0      0x180 ./Drivers/STM32L4xx_HAL_Driver/Src/stm32l4xx_hal_dfsdm.o
                0x0000000008002cb0                HAL_DFSDM_ChannelInit
 .text.HAL_DFSDM_FilterInit
                0x0000000008002e30      0x1b4 ./Drivers/STM32L4xx_HAL_Driver/Src/stm32l4xx_hal_dfsdm.o
                0x0000000008002e30                HAL_DFSDM_FilterInit
 .text.HAL_DFSDM_FilterConfigRegChannel
                0x0000000008002fe4       0x8a ./Drivers/STM32L4xx_HAL_Driver/Src/stm32l4xx_hal_dfsdm.o
                0x0000000008002fe4                HAL_DFSDM_FilterConfigRegChannel
 *fill*         0x000000000800306e        0x2 
 .text.DFSDM_GetChannelFromInstance
                0x0000000008003070       0x98 ./Drivers/STM32L4xx_HAL_Driver/Src/stm32l4xx_hal_dfsdm.o
 .text.HAL_DMA_Init
                0x0000000008003108      0x170 ./Drivers/STM32L4xx_HAL_Driver/Src/stm32l4xx_hal_dma.o
                0x0000000008003108                HAL_DMA_Init
 .text.HAL_DMA_Abort
                0x0000000008003278       0x7c ./Drivers/STM32L4xx_HAL_Driver/Src/stm32l4xx_hal_dma.o
                0x0000000008003278                HAL_DMA_Abort
 .text.HAL_DMA_Abort_IT
                0x00000000080032f4       0x82 ./Drivers/STM32L4xx_HAL_Driver/Src/stm32l4xx_hal_dma.o
                0x00000000080032f4                HAL_DMA_Abort_IT
 .text.HAL_DMA_IRQHandler
                0x0000000008003376      0x15e ./Drivers/STM32L4xx_HAL_Driver/Src/stm32l4xx_hal_dma.o
                0x0000000008003376                HAL_DMA_IRQHandler
 .text.HAL_GPIO_Init
                0x00000000080034d4      0x354 ./Drivers/STM32L4xx_HAL_Driver/Src/stm32l4xx_hal_gpio.o
                0x00000000080034d4                HAL_GPIO_Init
 .text.HAL_GPIO_WritePin
                0x0000000008003828       0x30 ./Drivers/STM32L4xx_HAL_Driver/Src/stm32l4xx_hal_gpio.o
                0x0000000008003828                HAL_GPIO_WritePin
 .text.HAL_GPIO_EXTI_IRQHandler
                0x0000000008003858       0x30 ./Drivers/STM32L4xx_HAL_Driver/Src/stm32l4xx_hal_gpio.o
                0x0000000008003858                HAL_GPIO_EXTI_IRQHandler
 .text.HAL_PWREx_GetVoltageRange
                0x0000000008003888       0x1c ./Drivers/STM32L4xx_HAL_Driver/Src/stm32l4xx_hal_pwr_ex.o
                0x0000000008003888                HAL_PWREx_GetVoltageRange
 .text.HAL_PWREx_ControlVoltageScaling
                0x00000000080038a4       0xac ./Drivers/STM32L4xx_HAL_Driver/Src/stm32l4xx_hal_pwr_ex.o
                0x00000000080038a4                HAL_PWREx_ControlVoltageScaling
 .text.HAL_RCC_OscConfig
                0x0000000008003950      0x7b8 ./Drivers/STM32L4xx_HAL_Driver/Src/stm32l4xx_hal_rcc.o
                0x0000000008003950                HAL_RCC_OscConfig
 .text.HAL_RCC_ClockConfig
                0x0000000008004108      0x200 ./Drivers/STM32L4xx_HAL_Driver/Src/stm32l4xx_hal_rcc.o
                0x0000000008004108                HAL_RCC_ClockConfig
 .text.HAL_RCC_GetSysClockFreq
                0x0000000008004308      0x118 ./Drivers/STM32L4xx_HAL_Driver/Src/stm32l4xx_hal_rcc.o
                0x0000000008004308                HAL_RCC_GetSysClockFreq
 .text.HAL_RCC_GetHCLKFreq
                0x0000000008004420       0x18 ./Drivers/STM32L4xx_HAL_Driver/Src/stm32l4xx_hal_rcc.o
                0x0000000008004420                HAL_RCC_GetHCLKFreq
 .text.HAL_RCC_GetPCLK1Freq
                0x0000000008004438       0x2c ./Drivers/STM32L4xx_HAL_Driver/Src/stm32l4xx_hal_rcc.o
                0x0000000008004438                HAL_RCC_GetPCLK1Freq
 .text.HAL_RCC_GetPCLK2Freq
                0x0000000008004464       0x2c ./Drivers/STM32L4xx_HAL_Driver/Src/stm32l4xx_hal_rcc.o
                0x0000000008004464                HAL_RCC_GetPCLK2Freq
 .text.RCC_SetFlashLatencyFromMSIRange
                0x0000000008004490       0xc0 ./Drivers/STM32L4xx_HAL_Driver/Src/stm32l4xx_hal_rcc.o
 .text.HAL_RCCEx_PeriphCLKConfig
                0x0000000008004550      0x5d4 ./Drivers/STM32L4xx_HAL_Driver/Src/stm32l4xx_hal_rcc_ex.o
                0x0000000008004550                HAL_RCCEx_PeriphCLKConfig
 .text.RCCEx_PLLSAI1_Config
                0x0000000008004b24      0x1e8 ./Drivers/STM32L4xx_HAL_Driver/Src/stm32l4xx_hal_rcc_ex.o
 .text.RCCEx_PLLSAI2_Config
                0x0000000008004d0c      0x1bc ./Drivers/STM32L4xx_HAL_Driver/Src/stm32l4xx_hal_rcc_ex.o
 .text.HAL_SPI_Init
                0x0000000008004ec8      0x146 ./Drivers/STM32L4xx_HAL_Driver/Src/stm32l4xx_hal_spi.o
                0x0000000008004ec8                HAL_SPI_Init
 .text.HAL_SPI_Transmit
                0x000000000800500e      0x2ea ./Drivers/STM32L4xx_HAL_Driver/Src/stm32l4xx_hal_spi.o
                0x000000000800500e                HAL_SPI_Transmit
 .text.HAL_SPI_TransmitReceive
                0x00000000080052f8      0x444 ./Drivers/STM32L4xx_HAL_Driver/Src/stm32l4xx_hal_spi.o
                0x00000000080052f8                HAL_SPI_TransmitReceive
 .text.SPI_WaitFlagStateUntilTimeout
                0x000000000800573c      0x110 ./Drivers/STM32L4xx_HAL_Driver/Src/stm32l4xx_hal_spi.o
 .text.SPI_WaitFifoStateUntilTimeout
                0x000000000800584c      0x12c ./Drivers/STM32L4xx_HAL_Driver/Src/stm32l4xx_hal_spi.o
 .text.SPI_EndRxTxTransaction
                0x0000000008005978       0x8c ./Drivers/STM32L4xx_HAL_Driver/Src/stm32l4xx_hal_spi.o
 .text.HAL_TIM_Base_Init
                0x0000000008005a04       0xae ./Drivers/STM32L4xx_HAL_Driver/Src/stm32l4xx_hal_tim.o
                0x0000000008005a04                HAL_TIM_Base_Init
 .text.HAL_TIM_Base_Stop_IT
                0x0000000008005ab2       0x5e ./Drivers/STM32L4xx_HAL_Driver/Src/stm32l4xx_hal_tim.o
                0x0000000008005ab2                HAL_TIM_Base_Stop_IT
 .text.HAL_TIM_IRQHandler
                0x0000000008005b10      0x204 ./Drivers/STM32L4xx_HAL_Driver/Src/stm32l4xx_hal_tim.o
                0x0000000008005b10                HAL_TIM_IRQHandler
 .text.HAL_TIM_ConfigClockSource
                0x0000000008005d14      0x192 ./Drivers/STM32L4xx_HAL_Driver/Src/stm32l4xx_hal_tim.o
                0x0000000008005d14                HAL_TIM_ConfigClockSource
 .text.HAL_TIM_PeriodElapsedCallback
                0x0000000008005ea6       0x14 ./Drivers/STM32L4xx_HAL_Driver/Src/stm32l4xx_hal_tim.o
                0x0000000008005ea6                HAL_TIM_PeriodElapsedCallback
 .text.HAL_TIM_OC_DelayElapsedCallback
                0x0000000008005eba       0x14 ./Drivers/STM32L4xx_HAL_Driver/Src/stm32l4xx_hal_tim.o
                0x0000000008005eba                HAL_TIM_OC_DelayElapsedCallback
 .text.HAL_TIM_IC_CaptureCallback
                0x0000000008005ece       0x14 ./Drivers/STM32L4xx_HAL_Driver/Src/stm32l4xx_hal_tim.o
                0x0000000008005ece                HAL_TIM_IC_CaptureCallback
 .text.HAL_TIM_PWM_PulseFinishedCallback
                0x0000000008005ee2       0x14 ./Drivers/STM32L4xx_HAL_Driver/Src/stm32l4xx_hal_tim.o
                0x0000000008005ee2                HAL_TIM_PWM_PulseFinishedCallback
 .text.HAL_TIM_TriggerCallback
                0x0000000008005ef6       0x14 ./Drivers/STM32L4xx_HAL_Driver/Src/stm32l4xx_hal_tim.o
                0x0000000008005ef6                HAL_TIM_TriggerCallback
 *fill*         0x0000000008005f0a        0x2 
 .text.TIM_Base_SetConfig
                0x0000000008005f0c      0x134 ./Drivers/STM32L4xx_HAL_Driver/Src/stm32l4xx_hal_tim.o
                0x0000000008005f0c                TIM_Base_SetConfig
 .text.TIM_TI1_ConfigInputStage
                0x0000000008006040       0x5e ./Drivers/STM32L4xx_HAL_Driver/Src/stm32l4xx_hal_tim.o
 .text.TIM_TI2_ConfigInputStage
                0x000000000800609e       0x60 ./Drivers/STM32L4xx_HAL_Driver/Src/stm32l4xx_hal_tim.o
 .text.TIM_ITRx_SetConfig
                0x00000000080060fe       0x36 ./Drivers/STM32L4xx_HAL_Driver/Src/stm32l4xx_hal_tim.o
 .text.TIM_ETR_SetConfig
                0x0000000008006134       0x40 ./Drivers/STM32L4xx_HAL_Driver/Src/stm32l4xx_hal_tim.o
                0x0000000008006134                TIM_ETR_SetConfig
 .text.HAL_TIMEx_MasterConfigSynchronization
                0x0000000008006174      0x110 ./Drivers/STM32L4xx_HAL_Driver/Src/stm32l4xx_hal_tim_ex.o
                0x0000000008006174                HAL_TIMEx_MasterConfigSynchronization
 .text.HAL_TIMEx_CommutCallback
                0x0000000008006284       0x14 ./Drivers/STM32L4xx_HAL_Driver/Src/stm32l4xx_hal_tim_ex.o
                0x0000000008006284                HAL_TIMEx_CommutCallback
 .text.HAL_TIMEx_BreakCallback
                0x0000000008006298       0x14 ./Drivers/STM32L4xx_HAL_Driver/Src/stm32l4xx_hal_tim_ex.o
                0x0000000008006298                HAL_TIMEx_BreakCallback
 .text.HAL_TIMEx_Break2Callback
                0x00000000080062ac       0x14 ./Drivers/STM32L4xx_HAL_Driver/Src/stm32l4xx_hal_tim_ex.o
                0x00000000080062ac                HAL_TIMEx_Break2Callback
 .text.HAL_UART_Init
                0x00000000080062c0       0x9c ./Drivers/STM32L4xx_HAL_Driver/Src/stm32l4xx_hal_uart.o
                0x00000000080062c0                HAL_UART_Init
 .text.HAL_UART_Transmit
                0x000000000800635c      0x114 ./Drivers/STM32L4xx_HAL_Driver/Src/stm32l4xx_hal_uart.o
                0x000000000800635c                HAL_UART_Transmit
 .text.HAL_UART_IRQHandler
                0x0000000008006470      0x5d4 ./Drivers/STM32L4xx_HAL_Driver/Src/stm32l4xx_hal_uart.o
                0x0000000008006470                HAL_UART_IRQHandler
 .text.HAL_UART_TxCpltCallback
                0x0000000008006a44       0x14 ./Drivers/STM32L4xx_HAL_Driver/Src/stm32l4xx_hal_uart.o
                0x0000000008006a44                HAL_UART_TxCpltCallback
 .text.HAL_UART_RxCpltCallback
                0x0000000008006a58       0x14 ./Drivers/STM32L4xx_HAL_Driver/Src/stm32l4xx_hal_uart.o
                0x0000000008006a58                HAL_UART_RxCpltCallback
 .text.HAL_UART_ErrorCallback
                0x0000000008006a6c       0x14 ./Drivers/STM32L4xx_HAL_Driver/Src/stm32l4xx_hal_uart.o
                0x0000000008006a6c                HAL_UART_ErrorCallback
 .text.UART_SetConfig
                0x0000000008006a80      0x570 ./Drivers/STM32L4xx_HAL_Driver/Src/stm32l4xx_hal_uart.o
                0x0000000008006a80                UART_SetConfig
 .text.UART_AdvFeatureConfig
                0x0000000008006ff0      0x144 ./Drivers/STM32L4xx_HAL_Driver/Src/stm32l4xx_hal_uart.o
                0x0000000008006ff0                UART_AdvFeatureConfig
 .text.UART_CheckIdleState
                0x0000000008007134      0x150 ./Drivers/STM32L4xx_HAL_Driver/Src/stm32l4xx_hal_uart.o
                0x0000000008007134                UART_CheckIdleState
 .text.UART_WaitOnFlagUntilTimeout
                0x0000000008007284       0xce ./Drivers/STM32L4xx_HAL_Driver/Src/stm32l4xx_hal_uart.o
                0x0000000008007284                UART_WaitOnFlagUntilTimeout
 *fill*         0x0000000008007352        0x2 
 .text.UART_Start_Receive_IT
                0x0000000008007354      0x18c ./Drivers/STM32L4xx_HAL_Driver/Src/stm32l4xx_hal_uart.o
                0x0000000008007354                UART_Start_Receive_IT
 .text.UART_EndRxTransfer
                0x00000000080074e0       0xc8 ./Drivers/STM32L4xx_HAL_Driver/Src/stm32l4xx_hal_uart.o
 .text.UART_DMAAbortOnError
                0x00000000080075a8       0x2c ./Drivers/STM32L4xx_HAL_Driver/Src/stm32l4xx_hal_uart.o
 .text.UART_EndTransmit_IT
                0x00000000080075d4       0x54 ./Drivers/STM32L4xx_HAL_Driver/Src/stm32l4xx_hal_uart.o
 .text.UART_RxISR_8BIT
                0x0000000008007628      0x1bc ./Drivers/STM32L4xx_HAL_Driver/Src/stm32l4xx_hal_uart.o
 .text.UART_RxISR_16BIT
                0x00000000080077e4      0x1bc ./Drivers/STM32L4xx_HAL_Driver/Src/stm32l4xx_hal_uart.o
 .text.HAL_UARTEx_WakeupCallback
                0x00000000080079a0       0x14 ./Drivers/STM32L4xx_HAL_Driver/Src/stm32l4xx_hal_uart_ex.o
                0x00000000080079a0                HAL_UARTEx_WakeupCallback
 .text.HAL_UARTEx_ReceiveToIdle_IT
                0x00000000080079b4       0xa0 ./Drivers/STM32L4xx_HAL_Driver/Src/stm32l4xx_hal_uart_ex.o
                0x00000000080079b4                HAL_UARTEx_ReceiveToIdle_IT
 .text.LL_TIM_SetPrescaler
                0x0000000008007a54       0x1c ./Drivers/STM32L4xx_HAL_Driver/Src/stm32l4xx_ll_tim.o
 .text.LL_TIM_SetAutoReload
                0x0000000008007a70       0x1c ./Drivers/STM32L4xx_HAL_Driver/Src/stm32l4xx_ll_tim.o
 .text.LL_TIM_SetRepetitionCounter
                0x0000000008007a8c       0x1c ./Drivers/STM32L4xx_HAL_Driver/Src/stm32l4xx_ll_tim.o
 .text.LL_TIM_GenerateEvent_UPDATE
                0x0000000008007aa8       0x20 ./Drivers/STM32L4xx_HAL_Driver/Src/stm32l4xx_ll_tim.o
 .text.LL_TIM_Init
                0x0000000008007ac8      0x128 ./Drivers/STM32L4xx_HAL_Driver/Src/stm32l4xx_ll_tim.o
                0x0000000008007ac8                LL_TIM_Init
 .text.MX_FATFS_Init
                0x0000000008007bf0       0x24 ./FATFS/App/fatfs.o
                0x0000000008007bf0                MX_FATFS_Init
 .text.get_fattime
                0x0000000008007c14       0x10 ./FATFS/App/fatfs.o
                0x0000000008007c14                get_fattime
 .text.SELECT   0x0000000008007c24       0x20 ./FATFS/Target/fatfs_sd_card.o
 .text.DESELECT
                0x0000000008007c44       0x20 ./FATFS/Target/fatfs_sd_card.o
 .text.SPI_TxByte
                0x0000000008007c64       0x34 ./FATFS/Target/fatfs_sd_card.o
 .text.SPI_TxBuffer
                0x0000000008007c98       0x34 ./FATFS/Target/fatfs_sd_card.o
 .text.SPI_RxByte
                0x0000000008007ccc       0x38 ./FATFS/Target/fatfs_sd_card.o
 .text.SPI_RxBytePtr
                0x0000000008007d04       0x1c ./FATFS/Target/fatfs_sd_card.o
 .text.SD_ReadyWait
                0x0000000008007d20       0x34 ./FATFS/Target/fatfs_sd_card.o
 .text.SD_PowerOn
                0x0000000008007d54       0x84 ./FATFS/Target/fatfs_sd_card.o
 .text.SD_PowerOff
                0x0000000008007dd8       0x18 ./FATFS/Target/fatfs_sd_card.o
 .text.SD_CheckPower
                0x0000000008007df0       0x18 ./FATFS/Target/fatfs_sd_card.o
 .text.SD_RxDataBlock
                0x0000000008007e08       0x5c ./FATFS/Target/fatfs_sd_card.o
 .text.SD_TxDataBlock
                0x0000000008007e64       0x86 ./FATFS/Target/fatfs_sd_card.o
 .text.SD_SendCmd
                0x0000000008007eea       0xa8 ./FATFS/Target/fatfs_sd_card.o
 *fill*         0x0000000008007f92        0x2 
 .text.SD_disk_initialize
                0x0000000008007f94      0x1cc ./FATFS/Target/fatfs_sd_card.o
                0x0000000008007f94                SD_disk_initialize
 .text.SD_disk_status
                0x0000000008008160       0x2c ./FATFS/Target/fatfs_sd_card.o
                0x0000000008008160                SD_disk_status
 .text.SD_disk_read
                0x000000000800818c       0xd4 ./FATFS/Target/fatfs_sd_card.o
                0x000000000800818c                SD_disk_read
 .text.SD_disk_write
                0x0000000008008260      0x108 ./FATFS/Target/fatfs_sd_card.o
                0x0000000008008260                SD_disk_write
 .text.SD_disk_ioctl
                0x0000000008008368      0x258 ./FATFS/Target/fatfs_sd_card.o
                0x0000000008008368                SD_disk_ioctl
 .text.USER_initialize
                0x00000000080085c0       0x1c ./FATFS/Target/user_diskio.o
                0x00000000080085c0                USER_initialize
 .text.USER_status
                0x00000000080085dc       0x1c ./FATFS/Target/user_diskio.o
                0x00000000080085dc                USER_status
 .text.USER_read
                0x00000000080085f8       0x26 ./FATFS/Target/user_diskio.o
                0x00000000080085f8                USER_read
 .text.USER_write
                0x000000000800861e       0x26 ./FATFS/Target/user_diskio.o
                0x000000000800861e                USER_write
 .text.USER_ioctl
                0x0000000008008644       0x26 ./FATFS/Target/user_diskio.o
                0x0000000008008644                USER_ioctl
 *fill*         0x000000000800866a        0x2 
 .text.disk_status
                0x000000000800866c       0x34 ./Middlewares/Third_Party/FatFs/src/diskio.o
                0x000000000800866c                disk_status
 .text.disk_initialize
                0x00000000080086a0       0x4c ./Middlewares/Third_Party/FatFs/src/diskio.o
                0x00000000080086a0                disk_initialize
 .text.disk_read
                0x00000000080086ec       0x40 ./Middlewares/Third_Party/FatFs/src/diskio.o
                0x00000000080086ec                disk_read
 .text.disk_write
                0x000000000800872c       0x40 ./Middlewares/Third_Party/FatFs/src/diskio.o
                0x000000000800872c                disk_write
 .text.disk_ioctl
                0x000000000800876c       0x3c ./Middlewares/Third_Party/FatFs/src/diskio.o
                0x000000000800876c                disk_ioctl
 .text.ld_word  0x00000000080087a8       0x30 ./Middlewares/Third_Party/FatFs/src/ff.o
 .text.ld_dword
                0x00000000080087d8       0x46 ./Middlewares/Third_Party/FatFs/src/ff.o
 .text.st_word  0x000000000800881e       0x36 ./Middlewares/Third_Party/FatFs/src/ff.o
 .text.st_dword
                0x0000000008008854       0x58 ./Middlewares/Third_Party/FatFs/src/ff.o
 .text.mem_cpy  0x00000000080088ac       0x42 ./Middlewares/Third_Party/FatFs/src/ff.o
 .text.mem_set  0x00000000080088ee       0x36 ./Middlewares/Third_Party/FatFs/src/ff.o
 .text.mem_cmp  0x0000000008008924       0x4e ./Middlewares/Third_Party/FatFs/src/ff.o
 .text.chk_chr  0x0000000008008972       0x36 ./Middlewares/Third_Party/FatFs/src/ff.o
 .text.chk_lock
                0x00000000080089a8       0xb8 ./Middlewares/Third_Party/FatFs/src/ff.o
 .text.enq_lock
                0x0000000008008a60       0x44 ./Middlewares/Third_Party/FatFs/src/ff.o
 .text.inc_lock
                0x0000000008008aa4      0x11c ./Middlewares/Third_Party/FatFs/src/ff.o
 .text.dec_lock
                0x0000000008008bc0       0x78 ./Middlewares/Third_Party/FatFs/src/ff.o
 .text.clear_lock
                0x0000000008008c38       0x48 ./Middlewares/Third_Party/FatFs/src/ff.o
 .text.sync_window
                0x0000000008008c80       0x88 ./Middlewares/Third_Party/FatFs/src/ff.o
 .text.move_window
                0x0000000008008d08       0x5a ./Middlewares/Third_Party/FatFs/src/ff.o
 *fill*         0x0000000008008d62        0x2 
 .text.sync_fs  0x0000000008008d64       0xe0 ./Middlewares/Third_Party/FatFs/src/ff.o
 .text.clust2sect
                0x0000000008008e44       0x3e ./Middlewares/Third_Party/FatFs/src/ff.o
 .text.get_fat  0x0000000008008e82      0x1a8 ./Middlewares/Third_Party/FatFs/src/ff.o
 .text.put_fat  0x000000000800902a      0x234 ./Middlewares/Third_Party/FatFs/src/ff.o
 .text.remove_chain
                0x000000000800925e       0xca ./Middlewares/Third_Party/FatFs/src/ff.o
 .text.create_chain
                0x0000000008009328      0x130 ./Middlewares/Third_Party/FatFs/src/ff.o
 .text.clmt_clust
                0x0000000008009458       0x70 ./Middlewares/Third_Party/FatFs/src/ff.o
 .text.dir_sdi  0x00000000080094c8      0x112 ./Middlewares/Third_Party/FatFs/src/ff.o
 .text.dir_next
                0x00000000080095da      0x1ac ./Middlewares/Third_Party/FatFs/src/ff.o
 .text.dir_alloc
                0x0000000008009786       0x8e ./Middlewares/Third_Party/FatFs/src/ff.o
 .text.ld_clust
                0x0000000008009814       0x3e ./Middlewares/Third_Party/FatFs/src/ff.o
 .text.st_clust
                0x0000000008009852       0x40 ./Middlewares/Third_Party/FatFs/src/ff.o
 *fill*         0x0000000008009892        0x2 
 .text.cmp_lfn  0x0000000008009894       0xe0 ./Middlewares/Third_Party/FatFs/src/ff.o
 .text.put_lfn  0x0000000008009974       0xd0 ./Middlewares/Third_Party/FatFs/src/ff.o
 .text.gen_numname
                0x0000000008009a44      0x11c ./Middlewares/Third_Party/FatFs/src/ff.o
 .text.sum_sfn  0x0000000008009b60       0x42 ./Middlewares/Third_Party/FatFs/src/ff.o
 .text.dir_find
                0x0000000008009ba2      0x180 ./Middlewares/Third_Party/FatFs/src/ff.o
 *fill*         0x0000000008009d22        0x2 
 .text.dir_register
                0x0000000008009d24      0x1f0 ./Middlewares/Third_Party/FatFs/src/ff.o
 .text.get_fileinfo
                0x0000000008009f14      0x1ba ./Middlewares/Third_Party/FatFs/src/ff.o
 *fill*         0x000000000800a0ce        0x2 
 .text.create_name
                0x000000000800a0d0      0x370 ./Middlewares/Third_Party/FatFs/src/ff.o
 .text.follow_path
                0x000000000800a440       0xec ./Middlewares/Third_Party/FatFs/src/ff.o
 .text.get_ldnumber
                0x000000000800a52c       0x88 ./Middlewares/Third_Party/FatFs/src/ff.o
 .text.check_fs
                0x000000000800a5b4       0xac ./Middlewares/Third_Party/FatFs/src/ff.o
 .text.find_volume
                0x000000000800a660      0x50c ./Middlewares/Third_Party/FatFs/src/ff.o
 .text.validate
                0x000000000800ab6c       0x6a ./Middlewares/Third_Party/FatFs/src/ff.o
 *fill*         0x000000000800abd6        0x2 
 .text.f_mount  0x000000000800abd8       0x8c ./Middlewares/Third_Party/FatFs/src/ff.o
                0x000000000800abd8                f_mount
 .text.f_open   0x000000000800ac64      0x398 ./Middlewares/Third_Party/FatFs/src/ff.o
                0x000000000800ac64                f_open
 .text.f_read   0x000000000800affc      0x2be ./Middlewares/Third_Party/FatFs/src/ff.o
                0x000000000800affc                f_read
 .text.f_write  0x000000000800b2ba      0x328 ./Middlewares/Third_Party/FatFs/src/ff.o
                0x000000000800b2ba                f_write
 .text.f_sync   0x000000000800b5e2       0xfc ./Middlewares/Third_Party/FatFs/src/ff.o
                0x000000000800b5e2                f_sync
 .text.f_close  0x000000000800b6de       0x54 ./Middlewares/Third_Party/FatFs/src/ff.o
                0x000000000800b6de                f_close
 .text.f_stat   0x000000000800b732       0x72 ./Middlewares/Third_Party/FatFs/src/ff.o
                0x000000000800b732                f_stat
 .text.f_getfree
                0x000000000800b7a4      0x16a ./Middlewares/Third_Party/FatFs/src/ff.o
                0x000000000800b7a4                f_getfree
 *fill*         0x000000000800b90e        0x2 
 .text.FATFS_LinkDriverEx
                0x000000000800b910       0x98 ./Middlewares/Third_Party/FatFs/src/ff_gen_drv.o
                0x000000000800b910                FATFS_LinkDriverEx
 .text.FATFS_LinkDriver
                0x000000000800b9a8       0x1e ./Middlewares/Third_Party/FatFs/src/ff_gen_drv.o
                0x000000000800b9a8                FATFS_LinkDriver
 *fill*         0x000000000800b9c6        0x2 
 .text.ff_convert
                0x000000000800b9c8       0x78 ./Middlewares/Third_Party/FatFs/src/option/ccsbcs.o
                0x000000000800b9c8                ff_convert
 .text.ff_wtoupper
                0x000000000800ba40      0x114 ./Middlewares/Third_Party/FatFs/src/option/ccsbcs.o
                0x000000000800ba40                ff_wtoupper
 .text.std      0x000000000800bb54       0x6c /Applications/STM32CubeIDE.app/Contents/Eclipse/plugins/com.st.stm32cube.ide.mcu.externaltools.gnu-tools-for-stm32.11.3.rel1.macos64_1.1.100.202310310803/tools/bin/../lib/gcc/arm-none-eabi/11.3.1/../../../../arm-none-eabi/lib/thumb/v7e-m+fp/hard/libc_nano.a(libc_a-findfp.o)
 .text.stdio_exit_handler
                0x000000000800bbc0       0x18 /Applications/STM32CubeIDE.app/Contents/Eclipse/plugins/com.st.stm32cube.ide.mcu.externaltools.gnu-tools-for-stm32.11.3.rel1.macos64_1.1.100.202310310803/tools/bin/../lib/gcc/arm-none-eabi/11.3.1/../../../../arm-none-eabi/lib/thumb/v7e-m+fp/hard/libc_nano.a(libc_a-findfp.o)
 .text.cleanup_stdio
                0x000000000800bbd8       0x40 /Applications/STM32CubeIDE.app/Contents/Eclipse/plugins/com.st.stm32cube.ide.mcu.externaltools.gnu-tools-for-stm32.11.3.rel1.macos64_1.1.100.202310310803/tools/bin/../lib/gcc/arm-none-eabi/11.3.1/../../../../arm-none-eabi/lib/thumb/v7e-m+fp/hard/libc_nano.a(libc_a-findfp.o)
 .text.global_stdio_init.part.0
                0x000000000800bc18       0x3c /Applications/STM32CubeIDE.app/Contents/Eclipse/plugins/com.st.stm32cube.ide.mcu.externaltools.gnu-tools-for-stm32.11.3.rel1.macos64_1.1.100.202310310803/tools/bin/../lib/gcc/arm-none-eabi/11.3.1/../../../../arm-none-eabi/lib/thumb/v7e-m+fp/hard/libc_nano.a(libc_a-findfp.o)
 .text.__sfp_lock_acquire
                0x000000000800bc54        0xc /Applications/STM32CubeIDE.app/Contents/Eclipse/plugins/com.st.stm32cube.ide.mcu.externaltools.gnu-tools-for-stm32.11.3.rel1.macos64_1.1.100.202310310803/tools/bin/../lib/gcc/arm-none-eabi/11.3.1/../../../../arm-none-eabi/lib/thumb/v7e-m+fp/hard/libc_nano.a(libc_a-findfp.o)
                0x000000000800bc54                __sfp_lock_acquire
 .text.__sfp_lock_release
                0x000000000800bc60        0xc /Applications/STM32CubeIDE.app/Contents/Eclipse/plugins/com.st.stm32cube.ide.mcu.externaltools.gnu-tools-for-stm32.11.3.rel1.macos64_1.1.100.202310310803/tools/bin/../lib/gcc/arm-none-eabi/11.3.1/../../../../arm-none-eabi/lib/thumb/v7e-m+fp/hard/libc_nano.a(libc_a-findfp.o)
                0x000000000800bc60                __sfp_lock_release
 .text.__sinit  0x000000000800bc6c       0x30 /Applications/STM32CubeIDE.app/Contents/Eclipse/plugins/com.st.stm32cube.ide.mcu.externaltools.gnu-tools-for-stm32.11.3.rel1.macos64_1.1.100.202310310803/tools/bin/../lib/gcc/arm-none-eabi/11.3.1/../../../../arm-none-eabi/lib/thumb/v7e-m+fp/hard/libc_nano.a(libc_a-findfp.o)
                0x000000000800bc6c                __sinit
 .text._fwalk_sglue
                0x000000000800bc9c       0x3c /Applications/STM32CubeIDE.app/Contents/Eclipse/plugins/com.st.stm32cube.ide.mcu.externaltools.gnu-tools-for-stm32.11.3.rel1.macos64_1.1.100.202310310803/tools/bin/../lib/gcc/arm-none-eabi/11.3.1/../../../../arm-none-eabi/lib/thumb/v7e-m+fp/hard/libc_nano.a(libc_a-fwalk.o)
                0x000000000800bc9c                _fwalk_sglue
 .text.printf   0x000000000800bcd8       0x24 /Applications/STM32CubeIDE.app/Contents/Eclipse/plugins/com.st.stm32cube.ide.mcu.externaltools.gnu-tools-for-stm32.11.3.rel1.macos64_1.1.100.202310310803/tools/bin/../lib/gcc/arm-none-eabi/11.3.1/../../../../arm-none-eabi/lib/thumb/v7e-m+fp/hard/libc_nano.a(libc_a-printf.o)
                0x000000000800bcd8                printf
                0x000000000800bcd8                iprintf
 .text._puts_r  0x000000000800bcfc       0xa8 /Applications/STM32CubeIDE.app/Contents/Eclipse/plugins/com.st.stm32cube.ide.mcu.externaltools.gnu-tools-for-stm32.11.3.rel1.macos64_1.1.100.202310310803/tools/bin/../lib/gcc/arm-none-eabi/11.3.1/../../../../arm-none-eabi/lib/thumb/v7e-m+fp/hard/libc_nano.a(libc_a-puts.o)
                0x000000000800bcfc                _puts_r
 .text.puts     0x000000000800bda4       0x10 /Applications/STM32CubeIDE.app/Contents/Eclipse/plugins/com.st.stm32cube.ide.mcu.externaltools.gnu-tools-for-stm32.11.3.rel1.macos64_1.1.100.202310310803/tools/bin/../lib/gcc/arm-none-eabi/11.3.1/../../../../arm-none-eabi/lib/thumb/v7e-m+fp/hard/libc_nano.a(libc_a-puts.o)
                0x000000000800bda4                puts
 .text.strncmp  0x000000000800bdb4       0x24 /Applications/STM32CubeIDE.app/Contents/Eclipse/plugins/com.st.stm32cube.ide.mcu.externaltools.gnu-tools-for-stm32.11.3.rel1.macos64_1.1.100.202310310803/tools/bin/../lib/gcc/arm-none-eabi/11.3.1/../../../../arm-none-eabi/lib/thumb/v7e-m+fp/hard/libc_nano.a(libc_a-strncmp.o)
                0x000000000800bdb4                strncmp
 .text.memset   0x000000000800bdd8       0x10 /Applications/STM32CubeIDE.app/Contents/Eclipse/plugins/com.st.stm32cube.ide.mcu.externaltools.gnu-tools-for-stm32.11.3.rel1.macos64_1.1.100.202310310803/tools/bin/../lib/gcc/arm-none-eabi/11.3.1/../../../../arm-none-eabi/lib/thumb/v7e-m+fp/hard/libc_nano.a(libc_a-memset.o)
                0x000000000800bdd8                memset
 .text.__errno  0x000000000800bde8        0xc /Applications/STM32CubeIDE.app/Contents/Eclipse/plugins/com.st.stm32cube.ide.mcu.externaltools.gnu-tools-for-stm32.11.3.rel1.macos64_1.1.100.202310310803/tools/bin/../lib/gcc/arm-none-eabi/11.3.1/../../../../arm-none-eabi/lib/thumb/v7e-m+fp/hard/libc_nano.a(libc_a-errno.o)
                0x000000000800bde8                __errno
 .text.__libc_init_array
                0x000000000800bdf4       0x48 /Applications/STM32CubeIDE.app/Contents/Eclipse/plugins/com.st.stm32cube.ide.mcu.externaltools.gnu-tools-for-stm32.11.3.rel1.macos64_1.1.100.202310310803/tools/bin/../lib/gcc/arm-none-eabi/11.3.1/../../../../arm-none-eabi/lib/thumb/v7e-m+fp/hard/libc_nano.a(libc_a-init.o)
                0x000000000800bdf4                __libc_init_array
 .text.__retarget_lock_init_recursive
                0x000000000800be3c        0x2 /Applications/STM32CubeIDE.app/Contents/Eclipse/plugins/com.st.stm32cube.ide.mcu.externaltools.gnu-tools-for-stm32.11.3.rel1.macos64_1.1.100.202310310803/tools/bin/../lib/gcc/arm-none-eabi/11.3.1/../../../../arm-none-eabi/lib/thumb/v7e-m+fp/hard/libc_nano.a(libc_a-lock.o)
                0x000000000800be3c                __retarget_lock_init_recursive
 .text.__retarget_lock_acquire_recursive
                0x000000000800be3e        0x2 /Applications/STM32CubeIDE.app/Contents/Eclipse/plugins/com.st.stm32cube.ide.mcu.externaltools.gnu-tools-for-stm32.11.3.rel1.macos64_1.1.100.202310310803/tools/bin/../lib/gcc/arm-none-eabi/11.3.1/../../../../arm-none-eabi/lib/thumb/v7e-m+fp/hard/libc_nano.a(libc_a-lock.o)
                0x000000000800be3e                __retarget_lock_acquire_recursive
 .text.__retarget_lock_release_recursive
                0x000000000800be40        0x2 /Applications/STM32CubeIDE.app/Contents/Eclipse/plugins/com.st.stm32cube.ide.mcu.externaltools.gnu-tools-for-stm32.11.3.rel1.macos64_1.1.100.202310310803/tools/bin/../lib/gcc/arm-none-eabi/11.3.1/../../../../arm-none-eabi/lib/thumb/v7e-m+fp/hard/libc_nano.a(libc_a-lock.o)
                0x000000000800be40                __retarget_lock_release_recursive
 .text.__sfputc_r
                0x000000000800be42       0x2e /Applications/STM32CubeIDE.app/Contents/Eclipse/plugins/com.st.stm32cube.ide.mcu.externaltools.gnu-tools-for-stm32.11.3.rel1.macos64_1.1.100.202310310803/tools/bin/../lib/gcc/arm-none-eabi/11.3.1/../../../../arm-none-eabi/lib/thumb/v7e-m+fp/hard/libc_nano.a(libc_a-nano-vfprintf.o)
 .text.__sfputs_r
                0x000000000800be70       0x24 /Applications/STM32CubeIDE.app/Contents/Eclipse/plugins/com.st.stm32cube.ide.mcu.externaltools.gnu-tools-for-stm32.11.3.rel1.macos64_1.1.100.202310310803/tools/bin/../lib/gcc/arm-none-eabi/11.3.1/../../../../arm-none-eabi/lib/thumb/v7e-m+fp/hard/libc_nano.a(libc_a-nano-vfprintf.o)
                0x000000000800be70                __sfputs_r
 .text._vfprintf_r
                0x000000000800be94      0x234 /Applications/STM32CubeIDE.app/Contents/Eclipse/plugins/com.st.stm32cube.ide.mcu.externaltools.gnu-tools-for-stm32.11.3.rel1.macos64_1.1.100.202310310803/tools/bin/../lib/gcc/arm-none-eabi/11.3.1/../../../../arm-none-eabi/lib/thumb/v7e-m+fp/hard/libc_nano.a(libc_a-nano-vfprintf.o)
                0x000000000800be94                _vfiprintf_r
                0x000000000800be94                _vfprintf_r
 .text.sbrk_aligned
                0x000000000800c0c8       0x40 /Applications/STM32CubeIDE.app/Contents/Eclipse/plugins/com.st.stm32cube.ide.mcu.externaltools.gnu-tools-for-stm32.11.3.rel1.macos64_1.1.100.202310310803/tools/bin/../lib/gcc/arm-none-eabi/11.3.1/../../../../arm-none-eabi/lib/thumb/v7e-m+fp/hard/libc_nano.a(libc_a-mallocr.o)
 .text._malloc_r
                0x000000000800c108      0x100 /Applications/STM32CubeIDE.app/Contents/Eclipse/plugins/com.st.stm32cube.ide.mcu.externaltools.gnu-tools-for-stm32.11.3.rel1.macos64_1.1.100.202310310803/tools/bin/../lib/gcc/arm-none-eabi/11.3.1/../../../../arm-none-eabi/lib/thumb/v7e-m+fp/hard/libc_nano.a(libc_a-mallocr.o)
                0x000000000800c108                _malloc_r
 .text._printf_common
                0x000000000800c208       0xda /Applications/STM32CubeIDE.app/Contents/Eclipse/plugins/com.st.stm32cube.ide.mcu.externaltools.gnu-tools-for-stm32.11.3.rel1.macos64_1.1.100.202310310803/tools/bin/../lib/gcc/arm-none-eabi/11.3.1/../../../../arm-none-eabi/lib/thumb/v7e-m+fp/hard/libc_nano.a(libc_a-nano-vfprintf_i.o)
                0x000000000800c208                _printf_common
 *fill*         0x000000000800c2e2        0x2 
 .text._printf_i
                0x000000000800c2e4      0x244 /Applications/STM32CubeIDE.app/Contents/Eclipse/plugins/com.st.stm32cube.ide.mcu.externaltools.gnu-tools-for-stm32.11.3.rel1.macos64_1.1.100.202310310803/tools/bin/../lib/gcc/arm-none-eabi/11.3.1/../../../../arm-none-eabi/lib/thumb/v7e-m+fp/hard/libc_nano.a(libc_a-nano-vfprintf_i.o)
                0x000000000800c2e4                _printf_i
 .text.__sflush_r
                0x000000000800c528      0x10c /Applications/STM32CubeIDE.app/Contents/Eclipse/plugins/com.st.stm32cube.ide.mcu.externaltools.gnu-tools-for-stm32.11.3.rel1.macos64_1.1.100.202310310803/tools/bin/../lib/gcc/arm-none-eabi/11.3.1/../../../../arm-none-eabi/lib/thumb/v7e-m+fp/hard/libc_nano.a(libc_a-fflush.o)
                0x000000000800c528                __sflush_r
 .text._fflush_r
                0x000000000800c634       0x50 /Applications/STM32CubeIDE.app/Contents/Eclipse/plugins/com.st.stm32cube.ide.mcu.externaltools.gnu-tools-for-stm32.11.3.rel1.macos64_1.1.100.202310310803/tools/bin/../lib/gcc/arm-none-eabi/11.3.1/../../../../arm-none-eabi/lib/thumb/v7e-m+fp/hard/libc_nano.a(libc_a-fflush.o)
                0x000000000800c634                _fflush_r
 .text.__malloc_lock
                0x000000000800c684        0xc /Applications/STM32CubeIDE.app/Contents/Eclipse/plugins/com.st.stm32cube.ide.mcu.externaltools.gnu-tools-for-stm32.11.3.rel1.macos64_1.1.100.202310310803/tools/bin/../lib/gcc/arm-none-eabi/11.3.1/../../../../arm-none-eabi/lib/thumb/v7e-m+fp/hard/libc_nano.a(libc_a-mlock.o)
                0x000000000800c684                __malloc_lock
 .text.__malloc_unlock
                0x000000000800c690        0xc /Applications/STM32CubeIDE.app/Contents/Eclipse/plugins/com.st.stm32cube.ide.mcu.externaltools.gnu-tools-for-stm32.11.3.rel1.macos64_1.1.100.202310310803/tools/bin/../lib/gcc/arm-none-eabi/11.3.1/../../../../arm-none-eabi/lib/thumb/v7e-m+fp/hard/libc_nano.a(libc_a-mlock.o)
                0x000000000800c690                __malloc_unlock
 .text.__sread  0x000000000800c69c       0x22 /Applications/STM32CubeIDE.app/Contents/Eclipse/plugins/com.st.stm32cube.ide.mcu.externaltools.gnu-tools-for-stm32.11.3.rel1.macos64_1.1.100.202310310803/tools/bin/../lib/gcc/arm-none-eabi/11.3.1/../../../../arm-none-eabi/lib/thumb/v7e-m+fp/hard/libc_nano.a(libc_a-stdio.o)
                0x000000000800c69c                __sread
 .text.__swrite
                0x000000000800c6be       0x38 /Applications/STM32CubeIDE.app/Contents/Eclipse/plugins/com.st.stm32cube.ide.mcu.externaltools.gnu-tools-for-stm32.11.3.rel1.macos64_1.1.100.202310310803/tools/bin/../lib/gcc/arm-none-eabi/11.3.1/../../../../arm-none-eabi/lib/thumb/v7e-m+fp/hard/libc_nano.a(libc_a-stdio.o)
                0x000000000800c6be                __swrite
 .text.__sseek  0x000000000800c6f6       0x24 /Applications/STM32CubeIDE.app/Contents/Eclipse/plugins/com.st.stm32cube.ide.mcu.externaltools.gnu-tools-for-stm32.11.3.rel1.macos64_1.1.100.202310310803/tools/bin/../lib/gcc/arm-none-eabi/11.3.1/../../../../arm-none-eabi/lib/thumb/v7e-m+fp/hard/libc_nano.a(libc_a-stdio.o)
                0x000000000800c6f6                __sseek
 .text.__sclose
                0x000000000800c71a        0x8 /Applications/STM32CubeIDE.app/Contents/Eclipse/plugins/com.st.stm32cube.ide.mcu.externaltools.gnu-tools-for-stm32.11.3.rel1.macos64_1.1.100.202310310803/tools/bin/../lib/gcc/arm-none-eabi/11.3.1/../../../../arm-none-eabi/lib/thumb/v7e-m+fp/hard/libc_nano.a(libc_a-stdio.o)
                0x000000000800c71a                __sclose
 .text.__swbuf_r
                0x000000000800c722       0x7a /Applications/STM32CubeIDE.app/Contents/Eclipse/plugins/com.st.stm32cube.ide.mcu.externaltools.gnu-tools-for-stm32.11.3.rel1.macos64_1.1.100.202310310803/tools/bin/../lib/gcc/arm-none-eabi/11.3.1/../../../../arm-none-eabi/lib/thumb/v7e-m+fp/hard/libc_nano.a(libc_a-wbuf.o)
                0x000000000800c722                __swbuf_r
 .text.__swsetup_r
                0x000000000800c79c       0xb0 /Applications/STM32CubeIDE.app/Contents/Eclipse/plugins/com.st.stm32cube.ide.mcu.externaltools.gnu-tools-for-stm32.11.3.rel1.macos64_1.1.100.202310310803/tools/bin/../lib/gcc/arm-none-eabi/11.3.1/../../../../arm-none-eabi/lib/thumb/v7e-m+fp/hard/libc_nano.a(libc_a-wsetup.o)
                0x000000000800c79c                __swsetup_r
 .text.__swhatbuf_r
                0x000000000800c84c       0x4c /Applications/STM32CubeIDE.app/Contents/Eclipse/plugins/com.st.stm32cube.ide.mcu.externaltools.gnu-tools-for-stm32.11.3.rel1.macos64_1.1.100.202310310803/tools/bin/../lib/gcc/arm-none-eabi/11.3.1/../../../../arm-none-eabi/lib/thumb/v7e-m+fp/hard/libc_nano.a(libc_a-makebuf.o)
                0x000000000800c84c                __swhatbuf_r
 .text.__smakebuf_r
                0x000000000800c898       0x78 /Applications/STM32CubeIDE.app/Contents/Eclipse/plugins/com.st.stm32cube.ide.mcu.externaltools.gnu-tools-for-stm32.11.3.rel1.macos64_1.1.100.202310310803/tools/bin/../lib/gcc/arm-none-eabi/11.3.1/../../../../arm-none-eabi/lib/thumb/v7e-m+fp/hard/libc_nano.a(libc_a-makebuf.o)
                0x000000000800c898                __smakebuf_r
 .text._close_r
                0x000000000800c910       0x20 /Applications/STM32CubeIDE.app/Contents/Eclipse/plugins/com.st.stm32cube.ide.mcu.externaltools.gnu-tools-for-stm32.11.3.rel1.macos64_1.1.100.202310310803/tools/bin/../lib/gcc/arm-none-eabi/11.3.1/../../../../arm-none-eabi/lib/thumb/v7e-m+fp/hard/libc_nano.a(libc_a-closer.o)
                0x000000000800c910                _close_r
 .text._fstat_r
                0x000000000800c930       0x24 /Applications/STM32CubeIDE.app/Contents/Eclipse/plugins/com.st.stm32cube.ide.mcu.externaltools.gnu-tools-for-stm32.11.3.rel1.macos64_1.1.100.202310310803/tools/bin/../lib/gcc/arm-none-eabi/11.3.1/../../../../arm-none-eabi/lib/thumb/v7e-m+fp/hard/libc_nano.a(libc_a-fstatr.o)
                0x000000000800c930                _fstat_r
 .text._isatty_r
                0x000000000800c954       0x20 /Applications/STM32CubeIDE.app/Contents/Eclipse/plugins/com.st.stm32cube.ide.mcu.externaltools.gnu-tools-for-stm32.11.3.rel1.macos64_1.1.100.202310310803/tools/bin/../lib/gcc/arm-none-eabi/11.3.1/../../../../arm-none-eabi/lib/thumb/v7e-m+fp/hard/libc_nano.a(libc_a-isattyr.o)
                0x000000000800c954                _isatty_r
 .text._lseek_r
                0x000000000800c974       0x24 /Applications/STM32CubeIDE.app/Contents/Eclipse/plugins/com.st.stm32cube.ide.mcu.externaltools.gnu-tools-for-stm32.11.3.rel1.macos64_1.1.100.202310310803/tools/bin/../lib/gcc/arm-none-eabi/11.3.1/../../../../arm-none-eabi/lib/thumb/v7e-m+fp/hard/libc_nano.a(libc_a-lseekr.o)
                0x000000000800c974                _lseek_r
 .text._read_r  0x000000000800c998       0x24 /Applications/STM32CubeIDE.app/Contents/Eclipse/plugins/com.st.stm32cube.ide.mcu.externaltools.gnu-tools-for-stm32.11.3.rel1.macos64_1.1.100.202310310803/tools/bin/../lib/gcc/arm-none-eabi/11.3.1/../../../../arm-none-eabi/lib/thumb/v7e-m+fp/hard/libc_nano.a(libc_a-readr.o)
                0x000000000800c998                _read_r
 .text._sbrk_r  0x000000000800c9bc       0x20 /Applications/STM32CubeIDE.app/Contents/Eclipse/plugins/com.st.stm32cube.ide.mcu.externaltools.gnu-tools-for-stm32.11.3.rel1.macos64_1.1.100.202310310803/tools/bin/../lib/gcc/arm-none-eabi/11.3.1/../../../../arm-none-eabi/lib/thumb/v7e-m+fp/hard/libc_nano.a(libc_a-sbrkr.o)
                0x000000000800c9bc                _sbrk_r
 .text._write_r
                0x000000000800c9dc       0x24 /Applications/STM32CubeIDE.app/Contents/Eclipse/plugins/com.st.stm32cube.ide.mcu.externaltools.gnu-tools-for-stm32.11.3.rel1.macos64_1.1.100.202310310803/tools/bin/../lib/gcc/arm-none-eabi/11.3.1/../../../../arm-none-eabi/lib/thumb/v7e-m+fp/hard/libc_nano.a(libc_a-writer.o)
                0x000000000800c9dc                _write_r
 .text._free_r  0x000000000800ca00       0x98 /Applications/STM32CubeIDE.app/Contents/Eclipse/plugins/com.st.stm32cube.ide.mcu.externaltools.gnu-tools-for-stm32.11.3.rel1.macos64_1.1.100.202310310803/tools/bin/../lib/gcc/arm-none-eabi/11.3.1/../../../../arm-none-eabi/lib/thumb/v7e-m+fp/hard/libc_nano.a(libc_a-freer.o)
                0x000000000800ca00                _free_r
 *(.glue_7)
 .glue_7        0x000000000800ca98        0x0 linker stubs
 *(.glue_7t)
 .glue_7t       0x000000000800ca98        0x0 linker stubs
 *(.eh_frame)
 .eh_frame      0x000000000800ca98        0x0 /Applications/STM32CubeIDE.app/Contents/Eclipse/plugins/com.st.stm32cube.ide.mcu.externaltools.gnu-tools-for-stm32.11.3.rel1.macos64_1.1.100.202310310803/tools/bin/../lib/gcc/arm-none-eabi/11.3.1/thumb/v7e-m+fp/hard/crtbegin.o
 *(.init)
 .init          0x000000000800ca98        0x4 /Applications/STM32CubeIDE.app/Contents/Eclipse/plugins/com.st.stm32cube.ide.mcu.externaltools.gnu-tools-for-stm32.11.3.rel1.macos64_1.1.100.202310310803/tools/bin/../lib/gcc/arm-none-eabi/11.3.1/thumb/v7e-m+fp/hard/crti.o
                0x000000000800ca98                _init
 .init          0x000000000800ca9c        0x8 /Applications/STM32CubeIDE.app/Contents/Eclipse/plugins/com.st.stm32cube.ide.mcu.externaltools.gnu-tools-for-stm32.11.3.rel1.macos64_1.1.100.202310310803/tools/bin/../lib/gcc/arm-none-eabi/11.3.1/thumb/v7e-m+fp/hard/crtn.o
 *(.fini)
 .fini          0x000000000800caa4        0x4 /Applications/STM32CubeIDE.app/Contents/Eclipse/plugins/com.st.stm32cube.ide.mcu.externaltools.gnu-tools-for-stm32.11.3.rel1.macos64_1.1.100.202310310803/tools/bin/../lib/gcc/arm-none-eabi/11.3.1/thumb/v7e-m+fp/hard/crti.o
                0x000000000800caa4                _fini
 .fini          0x000000000800caa8        0x8 /Applications/STM32CubeIDE.app/Contents/Eclipse/plugins/com.st.stm32cube.ide.mcu.externaltools.gnu-tools-for-stm32.11.3.rel1.macos64_1.1.100.202310310803/tools/bin/../lib/gcc/arm-none-eabi/11.3.1/thumb/v7e-m+fp/hard/crtn.o
                0x000000000800cab0                . = ALIGN (0x4)
                0x000000000800cab0                _etext = .

.vfp11_veneer   0x000000000800cab0        0x0
 .vfp11_veneer  0x000000000800cab0        0x0 linker stubs

.v4_bx          0x000000000800cab0        0x0
 .v4_bx         0x000000000800cab0        0x0 linker stubs

.iplt           0x000000000800cab0        0x0
 .iplt          0x000000000800cab0        0x0 /Applications/STM32CubeIDE.app/Contents/Eclipse/plugins/com.st.stm32cube.ide.mcu.externaltools.gnu-tools-for-stm32.11.3.rel1.macos64_1.1.100.202310310803/tools/bin/../lib/gcc/arm-none-eabi/11.3.1/thumb/v7e-m+fp/hard/crtbegin.o

.rodata         0x000000000800cab0      0x6b4
                0x000000000800cab0                . = ALIGN (0x4)
 *(.rodata)
 .rodata        0x000000000800cab0      0x1ae ./Core/Src/main.o
 *fill*         0x000000000800cc5e        0x2 
 .rodata        0x000000000800cc60       0x48 ./Middlewares/Third_Party/FatFs/src/ff.o
 *(.rodata*)
 .rodata.AHBPrescTable
                0x000000000800cca8       0x10 ./Core/Src/system_stm32l4xx.o
                0x000000000800cca8                AHBPrescTable
 .rodata.APBPrescTable
                0x000000000800ccb8        0x8 ./Core/Src/system_stm32l4xx.o
                0x000000000800ccb8                APBPrescTable
 .rodata.MSIRangeTable
                0x000000000800ccc0       0x30 ./Core/Src/system_stm32l4xx.o
                0x000000000800ccc0                MSIRangeTable
 .rodata.ExCvt  0x000000000800ccf0       0x80 ./Middlewares/Third_Party/FatFs/src/ff.o
 .rodata.LfnOfs
                0x000000000800cd70        0xd ./Middlewares/Third_Party/FatFs/src/ff.o
 *fill*         0x000000000800cd7d        0x3 
 .rodata.Tbl    0x000000000800cd80      0x100 ./Middlewares/Third_Party/FatFs/src/option/ccsbcs.o
 .rodata.cvt1.1
                0x000000000800ce80      0x1f2 ./Middlewares/Third_Party/FatFs/src/option/ccsbcs.o
 *fill*         0x000000000800d072        0x2 
 .rodata.cvt2.0
                0x000000000800d074       0xbc ./Middlewares/Third_Party/FatFs/src/option/ccsbcs.o
 .rodata._vfprintf_r.str1.1
                0x000000000800d130       0x11 /Applications/STM32CubeIDE.app/Contents/Eclipse/plugins/com.st.stm32cube.ide.mcu.externaltools.gnu-tools-for-stm32.11.3.rel1.macos64_1.1.100.202310310803/tools/bin/../lib/gcc/arm-none-eabi/11.3.1/../../../../arm-none-eabi/lib/thumb/v7e-m+fp/hard/libc_nano.a(libc_a-nano-vfprintf.o)
 .rodata._printf_i.str1.1
                0x000000000800d141       0x22 /Applications/STM32CubeIDE.app/Contents/Eclipse/plugins/com.st.stm32cube.ide.mcu.externaltools.gnu-tools-for-stm32.11.3.rel1.macos64_1.1.100.202310310803/tools/bin/../lib/gcc/arm-none-eabi/11.3.1/../../../../arm-none-eabi/lib/thumb/v7e-m+fp/hard/libc_nano.a(libc_a-nano-vfprintf_i.o)
                0x000000000800d164                . = ALIGN (0x4)
 *fill*         0x000000000800d163        0x1 

.ARM.extab      0x000000000800d164        0x0
                0x000000000800d164                . = ALIGN (0x4)
 *(.ARM.extab* .gnu.linkonce.armextab.*)
                0x000000000800d164                . = ALIGN (0x4)

.ARM            0x000000000800d164        0x8
                0x000000000800d164                . = ALIGN (0x4)
                0x000000000800d164                __exidx_start = .
 *(.ARM.exidx*)
 .ARM.exidx     0x000000000800d164        0x8 /Applications/STM32CubeIDE.app/Contents/Eclipse/plugins/com.st.stm32cube.ide.mcu.externaltools.gnu-tools-for-stm32.11.3.rel1.macos64_1.1.100.202310310803/tools/bin/../lib/gcc/arm-none-eabi/11.3.1/thumb/v7e-m+fp/hard/libgcc.a(_udivmoddi4.o)
                0x000000000800d16c                __exidx_end = .
                0x000000000800d16c                . = ALIGN (0x4)

.rel.dyn        0x000000000800d16c        0x0
 .rel.iplt      0x000000000800d16c        0x0 /Applications/STM32CubeIDE.app/Contents/Eclipse/plugins/com.st.stm32cube.ide.mcu.externaltools.gnu-tools-for-stm32.11.3.rel1.macos64_1.1.100.202310310803/tools/bin/../lib/gcc/arm-none-eabi/11.3.1/thumb/v7e-m+fp/hard/crtbegin.o

.preinit_array  0x000000000800d16c        0x0
                0x000000000800d16c                . = ALIGN (0x4)
                0x000000000800d16c                PROVIDE (__preinit_array_start = .)
 *(.preinit_array*)
                0x000000000800d16c                PROVIDE (__preinit_array_end = .)
                0x000000000800d16c                . = ALIGN (0x4)

.init_array     0x000000000800d16c        0x4
                0x000000000800d16c                . = ALIGN (0x4)
                0x000000000800d16c                PROVIDE (__init_array_start = .)
 *(SORT_BY_NAME(.init_array.*))
 *(.init_array*)
 .init_array    0x000000000800d16c        0x4 /Applications/STM32CubeIDE.app/Contents/Eclipse/plugins/com.st.stm32cube.ide.mcu.externaltools.gnu-tools-for-stm32.11.3.rel1.macos64_1.1.100.202310310803/tools/bin/../lib/gcc/arm-none-eabi/11.3.1/thumb/v7e-m+fp/hard/crtbegin.o
                0x000000000800d170                PROVIDE (__init_array_end = .)
                0x000000000800d170                . = ALIGN (0x4)

.fini_array     0x000000000800d170        0x4
                0x000000000800d170                . = ALIGN (0x4)
                [!provide]                        PROVIDE (__fini_array_start = .)
 *(SORT_BY_NAME(.fini_array.*))
 *(.fini_array*)
 .fini_array    0x000000000800d170        0x4 /Applications/STM32CubeIDE.app/Contents/Eclipse/plugins/com.st.stm32cube.ide.mcu.externaltools.gnu-tools-for-stm32.11.3.rel1.macos64_1.1.100.202310310803/tools/bin/../lib/gcc/arm-none-eabi/11.3.1/thumb/v7e-m+fp/hard/crtbegin.o
                [!provide]                        PROVIDE (__fini_array_end = .)
                0x000000000800d174                . = ALIGN (0x4)
                0x000000000800d174                _sidata = LOADADDR (.data)

.data           0x0000000020000000       0x94 load address 0x000000000800d174
                0x0000000020000000                . = ALIGN (0x4)
                0x0000000020000000                _sdata = .
 *(.data)
 *(.data*)
 .data.samples_played
                0x0000000020000000        0x4 ./Core/Src/main.o
                0x0000000020000000                samples_played
 .data.recordingPath
                0x0000000020000004        0x4 ./Core/Src/main.o
                0x0000000020000004                recordingPath
 .data.bytes_to_read
                0x0000000020000008        0x4 ./Core/Src/main.o
                0x0000000020000008                bytes_to_read
 .data.bytes_to_record
                0x000000002000000c        0x4 ./Core/Src/main.o
                0x000000002000000c                bytes_to_record
 .data.buttonReady
                0x0000000020000010        0x4 ./Core/Src/stm32l4xx_it.o
                0x0000000020000010                buttonReady
 .data.sample_position
                0x0000000020000014        0x4 ./Core/Src/stm32l4xx_it.o
                0x0000000020000014                sample_position
 .data.SystemCoreClock
                0x0000000020000018        0x4 ./Core/Src/system_stm32l4xx.o
                0x0000000020000018                SystemCoreClock
 .data.uwTickPrio
                0x000000002000001c        0x4 ./Drivers/STM32L4xx_HAL_Driver/Src/stm32l4xx_hal.o
                0x000000002000001c                uwTickPrio
 .data.uwTickFreq
                0x0000000020000020        0x1 ./Drivers/STM32L4xx_HAL_Driver/Src/stm32l4xx_hal.o
                0x0000000020000020                uwTickFreq
 .data.Stat     0x0000000020000021        0x1 ./FATFS/Target/fatfs_sd_card.o
 *fill*         0x0000000020000022        0x2 
 .data.USER_Driver
                0x0000000020000024       0x14 ./FATFS/Target/user_diskio.o
                0x0000000020000024                USER_Driver
 .data.__sglue  0x0000000020000038        0xc /Applications/STM32CubeIDE.app/Contents/Eclipse/plugins/com.st.stm32cube.ide.mcu.externaltools.gnu-tools-for-stm32.11.3.rel1.macos64_1.1.100.202310310803/tools/bin/../lib/gcc/arm-none-eabi/11.3.1/../../../../arm-none-eabi/lib/thumb/v7e-m+fp/hard/libc_nano.a(libc_a-findfp.o)
                0x0000000020000038                __sglue
 .data._impure_data
                0x0000000020000044       0x4c /Applications/STM32CubeIDE.app/Contents/Eclipse/plugins/com.st.stm32cube.ide.mcu.externaltools.gnu-tools-for-stm32.11.3.rel1.macos64_1.1.100.202310310803/tools/bin/../lib/gcc/arm-none-eabi/11.3.1/../../../../arm-none-eabi/lib/thumb/v7e-m+fp/hard/libc_nano.a(libc_a-impure.o)
                0x0000000020000044                _impure_data
 .data._impure_ptr
                0x0000000020000090        0x4 /Applications/STM32CubeIDE.app/Contents/Eclipse/plugins/com.st.stm32cube.ide.mcu.externaltools.gnu-tools-for-stm32.11.3.rel1.macos64_1.1.100.202310310803/tools/bin/../lib/gcc/arm-none-eabi/11.3.1/../../../../arm-none-eabi/lib/thumb/v7e-m+fp/hard/libc_nano.a(libc_a-impure.o)
                0x0000000020000090                _impure_ptr
 *(.RamFunc)
 *(.RamFunc*)
                0x0000000020000094                . = ALIGN (0x4)
                0x0000000020000094                _edata = .

.igot.plt       0x0000000020000094        0x0 load address 0x000000000800d208
 .igot.plt      0x0000000020000094        0x0 /Applications/STM32CubeIDE.app/Contents/Eclipse/plugins/com.st.stm32cube.ide.mcu.externaltools.gnu-tools-for-stm32.11.3.rel1.macos64_1.1.100.202310310803/tools/bin/../lib/gcc/arm-none-eabi/11.3.1/thumb/v7e-m+fp/hard/crtbegin.o
                0x0000000020000094                . = ALIGN (0x4)

.bss            0x0000000020000094     0x5f30 load address 0x000000000800d208
                0x0000000020000094                _sbss = .
                0x0000000020000094                __bss_start__ = _sbss
 *(.bss)
 .bss           0x0000000020000094       0x1c /Applications/STM32CubeIDE.app/Contents/Eclipse/plugins/com.st.stm32cube.ide.mcu.externaltools.gnu-tools-for-stm32.11.3.rel1.macos64_1.1.100.202310310803/tools/bin/../lib/gcc/arm-none-eabi/11.3.1/thumb/v7e-m+fp/hard/crtbegin.o
 *(.bss*)
 .bss.hdac1     0x00000000200000b0       0x14 ./Core/Src/main.o
                0x00000000200000b0                hdac1
 .bss.hdfsdm1_filter1
                0x00000000200000c4       0x54 ./Core/Src/main.o
                0x00000000200000c4                hdfsdm1_filter1
 .bss.hdfsdm1_channel0
                0x0000000020000118       0x38 ./Core/Src/main.o
                0x0000000020000118                hdfsdm1_channel0
 .bss.hdma_dfsdm1_flt1
                0x0000000020000150       0x48 ./Core/Src/main.o
                0x0000000020000150                hdma_dfsdm1_flt1
 .bss.hspi2     0x0000000020000198       0x64 ./Core/Src/main.o
                0x0000000020000198                hspi2
 .bss.htim3     0x00000000200001fc       0x4c ./Core/Src/main.o
                0x00000000200001fc                htim3
 .bss.huart4    0x0000000020000248       0x88 ./Core/Src/main.o
                0x0000000020000248                huart4
 .bss.huart1    0x00000000200002d0       0x88 ./Core/Src/main.o
                0x00000000200002d0                huart1
 .bss.huart2    0x0000000020000358       0x88 ./Core/Src/main.o
                0x0000000020000358                huart2
 .bss.huart3    0x00000000200003e0       0x88 ./Core/Src/main.o
                0x00000000200003e0                huart3
 .bss.recording_audio
                0x0000000020000468        0x4 ./Core/Src/main.o
                0x0000000020000468                recording_audio
 .bss.finished_recording
                0x000000002000046c        0x4 ./Core/Src/main.o
                0x000000002000046c                finished_recording
 .bss.recording
                0x0000000020000470      0x7d0 ./Core/Src/main.o
                0x0000000020000470                recording
 .bss.dfsdm_buffer
                0x0000000020000c40     0x1f40 ./Core/Src/main.o
                0x0000000020000c40                dfsdm_buffer
 .bss.mic_transfer_complete
                0x0000000020002b80        0x4 ./Core/Src/main.o
                0x0000000020002b80                mic_transfer_complete
 .bss.mic_half_transfer
                0x0000000020002b84        0x4 ./Core/Src/main.o
                0x0000000020002b84                mic_half_transfer
 .bss.audio_playing
                0x0000000020002b88        0x4 ./Core/Src/main.o
                0x0000000020002b88                audio_playing
 .bss.audio_position
                0x0000000020002b8c        0x4 ./Core/Src/main.o
                0x0000000020002b8c                audio_position
 .bss.song_length
                0x0000000020002b90        0x4 ./Core/Src/main.o
                0x0000000020002b90                song_length
 .bss.song_length_total
                0x0000000020002b94        0x4 ./Core/Src/main.o
                0x0000000020002b94                song_length_total
 .bss.buffer_half
                0x0000000020002b98        0x4 ./Core/Src/main.o
                0x0000000020002b98                buffer_half
 .bss.buffer_complete
                0x0000000020002b9c        0x4 ./Core/Src/main.o
                0x0000000020002b9c                buffer_complete
 .bss.playback_buffer
                0x0000000020002ba0      0xfa0 ./Core/Src/main.o
                0x0000000020002ba0                playback_buffer
 .bss.bytesRead
                0x0000000020003b40        0x4 ./Core/Src/main.o
                0x0000000020003b40                bytesRead
 .bss.bytesWritten
                0x0000000020003b44        0x4 ./Core/Src/main.o
                0x0000000020003b44                bytesWritten
 .bss.FatFs     0x0000000020003b48     0x1038 ./Core/Src/main.o
                0x0000000020003b48                FatFs
 .bss.fres      0x0000000020004b80        0x1 ./Core/Src/main.o
                0x0000000020004b80                fres
 *fill*         0x0000000020004b81        0x3 
 .bss.file      0x0000000020004b84     0x1030 ./Core/Src/main.o
                0x0000000020004b84                file
 .bss.totalSpace
                0x0000000020005bb4        0x4 ./Core/Src/main.o
                0x0000000020005bb4                totalSpace
 .bss.freeSpace
                0x0000000020005bb8        0x4 ./Core/Src/main.o
                0x0000000020005bb8                freeSpace
 .bss.data      0x0000000020005bbc       0x40 ./Core/Src/main.o
                0x0000000020005bbc                data
 .bss.HAL_RCC_DFSDM1_CLK_ENABLED
                0x0000000020005bfc        0x4 ./Core/Src/stm32l4xx_hal_msp.o
 .bss.DFSDM1_Init
                0x0000000020005c00        0x4 ./Core/Src/stm32l4xx_hal_msp.o
 .bss.newSample
                0x0000000020005c04        0x2 ./Core/Src/stm32l4xx_it.o
                0x0000000020005c04                newSample
 *fill*         0x0000000020005c06        0x2 
 .bss.__sbrk_heap_end
                0x0000000020005c08        0x4 ./Core/Src/sysmem.o
 .bss.uwTick    0x0000000020005c0c        0x4 ./Drivers/STM32L4xx_HAL_Driver/Src/stm32l4xx_hal.o
                0x0000000020005c0c                uwTick
 .bss.v_dfsdm1ChannelCounter
                0x0000000020005c10        0x4 ./Drivers/STM32L4xx_HAL_Driver/Src/stm32l4xx_hal_dfsdm.o
 .bss.a_dfsdm1ChannelHandle
                0x0000000020005c14       0x20 ./Drivers/STM32L4xx_HAL_Driver/Src/stm32l4xx_hal_dfsdm.o
 .bss.retUSER   0x0000000020005c34        0x1 ./FATFS/App/fatfs.o
                0x0000000020005c34                retUSER
 *fill*         0x0000000020005c35        0x3 
 .bss.USERPath  0x0000000020005c38        0x4 ./FATFS/App/fatfs.o
                0x0000000020005c38                USERPath
 .bss.Timer1    0x0000000020005c3c        0x2 ./FATFS/Target/fatfs_sd_card.o
                0x0000000020005c3c                Timer1
 .bss.Timer2    0x0000000020005c3e        0x2 ./FATFS/Target/fatfs_sd_card.o
                0x0000000020005c3e                Timer2
 .bss.CardType  0x0000000020005c40        0x1 ./FATFS/Target/fatfs_sd_card.o
 .bss.PowerFlag
                0x0000000020005c41        0x1 ./FATFS/Target/fatfs_sd_card.o
 *fill*         0x0000000020005c42        0x2 
 .bss.FatFs     0x0000000020005c44        0x4 ./Middlewares/Third_Party/FatFs/src/ff.o
 .bss.Fsid      0x0000000020005c48        0x2 ./Middlewares/Third_Party/FatFs/src/ff.o
 *fill*         0x0000000020005c4a        0x2 
 .bss.Files     0x0000000020005c4c       0x20 ./Middlewares/Third_Party/FatFs/src/ff.o
 .bss.LfnBuf    0x0000000020005c6c      0x200 ./Middlewares/Third_Party/FatFs/src/ff.o
 .bss.disk      0x0000000020005e6c        0xc ./Middlewares/Third_Party/FatFs/src/ff_gen_drv.o
                0x0000000020005e6c                disk
 .bss.__sf      0x0000000020005e78      0x138 /Applications/STM32CubeIDE.app/Contents/Eclipse/plugins/com.st.stm32cube.ide.mcu.externaltools.gnu-tools-for-stm32.11.3.rel1.macos64_1.1.100.202310310803/tools/bin/../lib/gcc/arm-none-eabi/11.3.1/../../../../arm-none-eabi/lib/thumb/v7e-m+fp/hard/libc_nano.a(libc_a-findfp.o)
                0x0000000020005e78                __sf
 .bss.__stdio_exit_handler
                0x0000000020005fb0        0x4 /Applications/STM32CubeIDE.app/Contents/Eclipse/plugins/com.st.stm32cube.ide.mcu.externaltools.gnu-tools-for-stm32.11.3.rel1.macos64_1.1.100.202310310803/tools/bin/../lib/gcc/arm-none-eabi/11.3.1/../../../../arm-none-eabi/lib/thumb/v7e-m+fp/hard/libc_nano.a(libc_a-findfp.o)
                0x0000000020005fb0                __stdio_exit_handler
 .bss.__lock___malloc_recursive_mutex
                0x0000000020005fb4        0x1 /Applications/STM32CubeIDE.app/Contents/Eclipse/plugins/com.st.stm32cube.ide.mcu.externaltools.gnu-tools-for-stm32.11.3.rel1.macos64_1.1.100.202310310803/tools/bin/../lib/gcc/arm-none-eabi/11.3.1/../../../../arm-none-eabi/lib/thumb/v7e-m+fp/hard/libc_nano.a(libc_a-lock.o)
                0x0000000020005fb4                __lock___malloc_recursive_mutex
 .bss.__lock___sfp_recursive_mutex
                0x0000000020005fb5        0x1 /Applications/STM32CubeIDE.app/Contents/Eclipse/plugins/com.st.stm32cube.ide.mcu.externaltools.gnu-tools-for-stm32.11.3.rel1.macos64_1.1.100.202310310803/tools/bin/../lib/gcc/arm-none-eabi/11.3.1/../../../../arm-none-eabi/lib/thumb/v7e-m+fp/hard/libc_nano.a(libc_a-lock.o)
                0x0000000020005fb5                __lock___sfp_recursive_mutex
 *fill*         0x0000000020005fb6        0x2 
 .bss.__malloc_free_list
                0x0000000020005fb8        0x4 /Applications/STM32CubeIDE.app/Contents/Eclipse/plugins/com.st.stm32cube.ide.mcu.externaltools.gnu-tools-for-stm32.11.3.rel1.macos64_1.1.100.202310310803/tools/bin/../lib/gcc/arm-none-eabi/11.3.1/../../../../arm-none-eabi/lib/thumb/v7e-m+fp/hard/libc_nano.a(libc_a-mallocr.o)
                0x0000000020005fb8                __malloc_free_list
 .bss.__malloc_sbrk_start
                0x0000000020005fbc        0x4 /Applications/STM32CubeIDE.app/Contents/Eclipse/plugins/com.st.stm32cube.ide.mcu.externaltools.gnu-tools-for-stm32.11.3.rel1.macos64_1.1.100.202310310803/tools/bin/../lib/gcc/arm-none-eabi/11.3.1/../../../../arm-none-eabi/lib/thumb/v7e-m+fp/hard/libc_nano.a(libc_a-mallocr.o)
                0x0000000020005fbc                __malloc_sbrk_start
 .bss.errno     0x0000000020005fc0        0x4 /Applications/STM32CubeIDE.app/Contents/Eclipse/plugins/com.st.stm32cube.ide.mcu.externaltools.gnu-tools-for-stm32.11.3.rel1.macos64_1.1.100.202310310803/tools/bin/../lib/gcc/arm-none-eabi/11.3.1/../../../../arm-none-eabi/lib/thumb/v7e-m+fp/hard/libc_nano.a(libc_a-reent.o)
                0x0000000020005fc0                errno
 *(COMMON)
                0x0000000020005fc4                . = ALIGN (0x4)
                0x0000000020005fc4                _ebss = .
                0x0000000020005fc4                __bss_end__ = _ebss

._user_heap_stack
                0x0000000020005fc4     0x5204 load address 0x000000000800d208
                0x0000000020005fc8                . = ALIGN (0x8)
 *fill*         0x0000000020005fc4        0x4 
                [!provide]                        PROVIDE (end = .)
                0x0000000020005fc8                PROVIDE (_end = .)
                0x00000000200061c8                . = (. + _Min_Heap_Size)
 *fill*         0x0000000020005fc8      0x200 
                0x000000002000b1c8                . = (. + _Min_Stack_Size)
 *fill*         0x00000000200061c8     0x5000 
                0x000000002000b1c8                . = ALIGN (0x8)

/DISCARD/
 libc.a(*)
 libm.a(*)
 libgcc.a(*)

.ARM.attributes
                0x0000000000000000       0x30
 *(.ARM.attributes)
 .ARM.attributes
                0x0000000000000000       0x1e /Applications/STM32CubeIDE.app/Contents/Eclipse/plugins/com.st.stm32cube.ide.mcu.externaltools.gnu-tools-for-stm32.11.3.rel1.macos64_1.1.100.202310310803/tools/bin/../lib/gcc/arm-none-eabi/11.3.1/thumb/v7e-m+fp/hard/crti.o
 .ARM.attributes
                0x000000000000001e       0x34 /Applications/STM32CubeIDE.app/Contents/Eclipse/plugins/com.st.stm32cube.ide.mcu.externaltools.gnu-tools-for-stm32.11.3.rel1.macos64_1.1.100.202310310803/tools/bin/../lib/gcc/arm-none-eabi/11.3.1/thumb/v7e-m+fp/hard/crtbegin.o
 .ARM.attributes
                0x0000000000000052       0x34 ./Core/Src/main.o
 .ARM.attributes
                0x0000000000000086       0x34 ./Core/Src/stm32l4xx_hal_msp.o
 .ARM.attributes
                0x00000000000000ba       0x34 ./Core/Src/stm32l4xx_it.o
 .ARM.attributes
                0x00000000000000ee       0x34 ./Core/Src/syscalls.o
 .ARM.attributes
                0x0000000000000122       0x34 ./Core/Src/sysmem.o
 .ARM.attributes
                0x0000000000000156       0x34 ./Core/Src/system_stm32l4xx.o
 .ARM.attributes
                0x000000000000018a       0x21 ./Core/Startup/startup_stm32l476rgtx.o
 .ARM.attributes
                0x00000000000001ab       0x34 ./Drivers/STM32L4xx_HAL_Driver/Src/stm32l4xx_hal.o
 .ARM.attributes
                0x00000000000001df       0x34 ./Drivers/STM32L4xx_HAL_Driver/Src/stm32l4xx_hal_cortex.o
 .ARM.attributes
                0x0000000000000213       0x34 ./Drivers/STM32L4xx_HAL_Driver/Src/stm32l4xx_hal_dac.o
 .ARM.attributes
                0x0000000000000247       0x34 ./Drivers/STM32L4xx_HAL_Driver/Src/stm32l4xx_hal_dac_ex.o
 .ARM.attributes
                0x000000000000027b       0x34 ./Drivers/STM32L4xx_HAL_Driver/Src/stm32l4xx_hal_dfsdm.o
 .ARM.attributes
                0x00000000000002af       0x34 ./Drivers/STM32L4xx_HAL_Driver/Src/stm32l4xx_hal_dma.o
 .ARM.attributes
                0x00000000000002e3       0x34 ./Drivers/STM32L4xx_HAL_Driver/Src/stm32l4xx_hal_gpio.o
 .ARM.attributes