../Drivers/CMSIS/Include/core_cm4.h:1667:26:__NVIC_GetPriorityGrouping	4	static
../Drivers/CMSIS/Include/core_cm4.h:1679:22:__NVIC_EnableIRQ	16	static,ignoring_inline_asm
../Drivers/CMSIS/Include/core_cm4.h:1717:22:__NVIC_DisableIRQ	16	static,ignoring_inline_asm
../Drivers/CMSIS/Include/core_cm4.h:1809:22:__NVIC_SetPriority	16	static
../Drivers/CMSIS/Include/core_cm4.h:1856:26:NVIC_EncodePriority	40	static
../Drivers/STM32L4xx_HAL_Driver/Inc/stm32l4xx_ll_tim.h:1489:22:LL_TIM_DisableCounter	16	static
../Drivers/STM32L4xx_HAL_Driver/Inc/stm32l4xx_ll_tim.h:1669:22:LL_TIM_DisableARRPreload	16	static
../Drivers/STM32L4xx_HAL_Driver/Inc/stm32l4xx_ll_tim.h:3246:22:LL_TIM_SetClockSource	16	static
../Drivers/STM32L4xx_HAL_Driver/Inc/stm32l4xx_ll_tim.h:3292:22:LL_TIM_SetTriggerOutput	16	static
../Drivers/STM32L4xx_HAL_Driver/Inc/stm32l4xx_ll_tim.h:3389:22:LL_TIM_DisableMasterSlaveMode	16	static
../Drivers/STM32L4xx_HAL_Driver/Inc/stm32l4xx_ll_bus.h:1087:22:LL_APB1_GRP1_EnableClock	24	static
../Core/Src/main.c:148:6:mount_SD_card	16	static
../Core/Src/main.c:170:6:unmount_SD_card	8	static
../Core/Src/main.c:175:6:read_SD_card_song_initial	8	static
../Core/Src/main.c:188:6:read_SD_card_song_at_position	16	static
../Core/Src/main.c:203:6:open_SD_card_song	304	static
../Core/Src/main.c:223:6:close_SD_card_song	8	static
../Core/Src/main.c:236:5:main	16	static
../Core/Src/main.c:383:6:SystemClock_Config	96	static
../Core/Src/main.c:434:13:MX_DAC1_Init	48	static
../Core/Src/main.c:477:13:MX_DFSDM1_Init	8	static
../Core/Src/main.c:530:13:MX_SPI1_Init	8	static
../Core/Src/main.c:570:13:MX_SPI2_Init	8	static
../Core/Src/main.c:610:13:MX_TIM2_Init	32	static
../Core/Src/main.c:649:13:MX_TIM3_Init	40	static
../Core/Src/main.c:694:13:MX_UART4_Init	8	static
../Core/Src/main.c:729:13:MX_USART1_UART_Init	8	static
../Core/Src/main.c:764:13:MX_USART2_UART_Init	8	static
../Core/Src/main.c:799:13:MX_USART3_UART_Init	8	static
../Core/Src/main.c:832:13:MX_DMA_Init	16	static
../Core/Src/main.c:850:13:MX_GPIO_Init	48	static
../Core/Src/main.c:907:5:__io_putchar	16	static
../Core/Src/main.c:918:6:HAL_GPIO_EXTI_Callback	16	static
../Core/Src/main.c:958:6:HAL_DFSDM_FilterRegConvHalfCpltCallback	16	static
../Core/Src/main.c:962:6:HAL_DFSDM_FilterRegConvCpltCallback	16	static
../Core/Src/main.c:967:6:HAL_UARTEx_RxEventCallback	16	static
../Core/Src/main.c:980:6:Error_Handler	4	static,ignoring_inline_asm
