../Drivers/CMSIS/Include/core_cm4.h:1667:26:__NVIC_GetPriorityGrouping	4	static
../Drivers/CMSIS/Include/core_cm4.h:1679:22:__NVIC_EnableIRQ	16	static,ignoring_inline_asm
../Drivers/CMSIS/Include/core_cm4.h:1717:22:__NVIC_DisableIRQ	16	static,ignoring_inline_asm
../Drivers/CMSIS/Include/core_cm4.h:1809:22:__NVIC_SetPriority	16	static
../Drivers/CMSIS/Include/core_cm4.h:1856:26:NVIC_EncodePriority	40	static
../Drivers/STM32L4xx_HAL_Driver/Inc/stm32l4xx_ll_tim.h:1478:22:LL_TIM_EnableCounter	16	static
../Drivers/STM32L4xx_HAL_Driver/Inc/stm32l4xx_ll_tim.h:1489:22:LL_TIM_DisableCounter	16	static
../Drivers/STM32L4xx_HAL_Driver/Inc/stm32l4xx_ll_tim.h:1669:22:LL_TIM_DisableARRPreload	16	static
../Drivers/STM32L4xx_HAL_Driver/Inc/stm32l4xx_ll_tim.h:3246:22:LL_TIM_SetClockSource	16	static
../Drivers/STM32L4xx_HAL_Driver/Inc/stm32l4xx_ll_tim.h:3292:22:LL_TIM_SetTriggerOutput	16	static
../Drivers/STM32L4xx_HAL_Driver/Inc/stm32l4xx_ll_tim.h:3389:22:LL_TIM_DisableMasterSlaveMode	16	static
../Drivers/STM32L4xx_HAL_Driver/Inc/stm32l4xx_ll_tim.h:4437:22:LL_TIM_EnableIT_UPDATE	16	static
../Drivers/STM32L4xx_HAL_Driver/Inc/stm32l4xx_ll_bus.h:1087:22:LL_APB1_GRP1_EnableClock	24	static
../Core/Src/main.c:139:6:mount_SD_card	16	static
../Core/Src/main.c:161:6:unmount_SD_card	8	static
../Core/Src/main.c:166:6:read_SD_card_song_initial	8	static
../Core/Src/main.c:179:6:read_SD_card_song_at_position	16	static
../Core/Src/main.c:194:6:open_SD_card_song	304	static
../Core/Src/main.c:214:6:close_SD_card_song	8	static
../Core/Src/main.c:227:5:main	16	static
../Core/Src/main.c:368:6:SystemClock_Config	96	static
../Core/Src/main.c:419:13:MX_DAC1_Init	48	static
../Core/Src/main.c:462:13:MX_DFSDM1_Init	8	static
../Core/Src/main.c:515:13:MX_SPI2_Init	8	static
../Core/Src/main.c:555:13:MX_TIM2_Init	32	static
../Core/Src/main.c:594:13:MX_TIM3_Init	40	static
../Core/Src/main.c:639:13:MX_UART4_Init	8	static
../Core/Src/main.c:674:13:MX_USART1_UART_Init	8	static
../Core/Src/main.c:709:13:MX_USART2_UART_Init	8	static
../Core/Src/main.c:744:13:MX_USART3_UART_Init	8	static
../Core/Src/main.c:777:13:MX_DMA_Init	16	static
../Core/Src/main.c:795:13:MX_GPIO_Init	48	static
../Core/Src/main.c:852:5:__io_putchar	16	static
../Core/Src/main.c:863:6:HAL_GPIO_EXTI_Callback	16	static
../Core/Src/main.c:892:6:HAL_DFSDM_FilterRegConvHalfCpltCallback	16	static
../Core/Src/main.c:896:6:HAL_DFSDM_FilterRegConvCpltCallback	16	static
../Core/Src/main.c:901:6:HAL_UARTEx_RxEventCallback	16	static
../Core/Src/main.c:927:6:Error_Handler	4	static,ignoring_inline_asm
