../Core/Src/stm32l4xx_hal_msp.c:65:6:HAL_MspInit	8	static
../Core/Src/stm32l4xx_hal_msp.c:87:6:HAL_DAC_MspInit	40	static
../Core/Src/stm32l4xx_hal_msp.c:123:6:HAL_DAC_MspDeInit	8	static
../Core/Src/stm32l4xx_hal_msp.c:156:6:HAL_DFSDM_FilterMspInit	200	static
../Core/Src/stm32l4xx_hal_msp.c:238:6:HAL_DFSDM_ChannelMspInit	200	static
../Core/Src/stm32l4xx_hal_msp.c:297:6:HAL_DFSDM_FilterMspDeInit	8	static
../Core/Src/stm32l4xx_hal_msp.c:332:6:HAL_DFSDM_ChannelMspDeInit	8	static
../Core/Src/stm32l4xx_hal_msp.c:364:6:HAL_SPI_MspInit	40	static
../Core/Src/stm32l4xx_hal_msp.c:401:6:HAL_SPI_MspDeInit	0	static
../Core/Src/stm32l4xx_hal_msp.c:431:6:HAL_TIM_Base_MspInit	16	static
../Core/Src/stm32l4xx_hal_msp.c:456:6:HAL_TIM_Base_MspDeInit	0	static
../Core/Src/stm32l4xx_hal_msp.c:481:6:HAL_UART_MspInit	200	static
../Core/Src/stm32l4xx_hal_msp.c:639:6:HAL_UART_MspDeInit	8	static
