../Drivers/STM32L4xx_HAL_Driver/Inc/stm32l4xx_ll_tim.h:4074:22:LL_TIM_ClearFlag_UPDATE	16	static
../Drivers/STM32L4xx_HAL_Driver/Inc/stm32l4xx_ll_tim.h:4085:26:LL_TIM_IsActiveFlag_UPDATE	16	static
../Core/Src/stm32l4xx_it.c:99:6:NMI_Handler	4	static
../Core/Src/stm32l4xx_it.c:114:6:HardFault_Handler	4	static
../Core/Src/stm32l4xx_it.c:129:6:MemManage_Handler	4	static
../Core/Src/stm32l4xx_it.c:144:6:BusFault_Handler	4	static
../Core/Src/stm32l4xx_it.c:159:6:UsageFault_Handler	4	static
../Core/Src/stm32l4xx_it.c:174:6:SVC_Handler	4	static
../Core/Src/stm32l4xx_it.c:187:6:DebugMon_Handler	4	static
../Core/Src/stm32l4xx_it.c:200:6:PendSV_Handler	4	static
../Core/Src/stm32l4xx_it.c:213:6:SysTick_Handler	8	static
../Core/Src/stm32l4xx_it.c:237:6:DMA1_Channel5_IRQHandler	8	static
../Core/Src/stm32l4xx_it.c:251:6:TIM2_IRQHandler	8	static
../Core/Src/stm32l4xx_it.c:282:6:TIM3_IRQHandler	8	static
../Core/Src/stm32l4xx_it.c:304:6:USART1_IRQHandler	8	static
../Core/Src/stm32l4xx_it.c:318:6:USART3_IRQHandler	8	static
../Core/Src/stm32l4xx_it.c:333:6:EXTI15_10_IRQHandler	8	static
../Core/Src/stm32l4xx_it.c:347:6:UART4_IRQHandler	8	static
../Core/Src/stm32l4xx_it.c:361:6:TIM6_DAC_IRQHandler	8	static
